<!doctype html public "-//w3c//dtd html 4.0 transitional//en">
<html><head>
<title>Static Call Graph - [.\Objects\empty_LP_MSPM0G3507_nortos_keil.axf]</title></head>
<body><HR>
<H1>Static Call Graph for image .\Objects\empty_LP_MSPM0G3507_nortos_keil.axf</H1><HR>
<BR><P>#&#060CALLGRAPH&#062# ARM Linker, 6140101: Last Updated: Thu Jul 31 11:46:33 2025
<BR><P>
<H3>Maximum Stack Usage =        144 bytes + Unknown(Cycles, Untraceable Function Pointers)</H3><H3>
Call chain for Maximum Stack Depth:</H3>
__rt_entry_main &rArr; main &rArr; No_Mcu_Ganv_Sensor_Task_Without_tick &rArr; normalizeAnalogValues &rArr; __aeabi_dmul
<P>
<H3>
Mutually Recursive functions
</H3> <LI><a href="#[1]">NMI_Handler</a>&nbsp;&nbsp;&nbsp;&rArr;&nbsp;&nbsp;&nbsp;<a href="#[1]">NMI_Handler</a><BR>
 <LI><a href="#[2]">HardFault_Handler</a>&nbsp;&nbsp;&nbsp;&rArr;&nbsp;&nbsp;&nbsp;<a href="#[2]">HardFault_Handler</a><BR>
 <LI><a href="#[3]">SVC_Handler</a>&nbsp;&nbsp;&nbsp;&rArr;&nbsp;&nbsp;&nbsp;<a href="#[3]">SVC_Handler</a><BR>
 <LI><a href="#[4]">PendSV_Handler</a>&nbsp;&nbsp;&nbsp;&rArr;&nbsp;&nbsp;&nbsp;<a href="#[4]">PendSV_Handler</a><BR>
 <LI><a href="#[5]">SysTick_Handler</a>&nbsp;&nbsp;&nbsp;&rArr;&nbsp;&nbsp;&nbsp;<a href="#[5]">SysTick_Handler</a><BR>
</UL>
<P>
<H3>
Function Pointers
</H3><UL>
 <LI><a href="#[a]">ADC0_IRQHandler</a> from startup_mspm0g350x_uvision.o(.text) referenced from startup_mspm0g350x_uvision.o(RESET)
 <LI><a href="#[b]">ADC1_IRQHandler</a> from startup_mspm0g350x_uvision.o(.text) referenced from startup_mspm0g350x_uvision.o(RESET)
 <LI><a href="#[1b]">AES_IRQHandler</a> from startup_mspm0g350x_uvision.o(.text) referenced from startup_mspm0g350x_uvision.o(RESET)
 <LI><a href="#[c]">CANFD0_IRQHandler</a> from startup_mspm0g350x_uvision.o(.text) referenced from startup_mspm0g350x_uvision.o(RESET)
 <LI><a href="#[d]">DAC0_IRQHandler</a> from startup_mspm0g350x_uvision.o(.text) referenced from startup_mspm0g350x_uvision.o(RESET)
 <LI><a href="#[1d]">DMA_IRQHandler</a> from startup_mspm0g350x_uvision.o(.text) referenced from startup_mspm0g350x_uvision.o(RESET)
 <LI><a href="#[6]">GROUP0_IRQHandler</a> from startup_mspm0g350x_uvision.o(.text) referenced from startup_mspm0g350x_uvision.o(RESET)
 <LI><a href="#[7]">GROUP1_IRQHandler</a> from encoder.o(.text.GROUP1_IRQHandler) referenced from startup_mspm0g350x_uvision.o(RESET)
 <LI><a href="#[2]">HardFault_Handler</a> from startup_mspm0g350x_uvision.o(.text) referenced from startup_mspm0g350x_uvision.o(RESET)
 <LI><a href="#[19]">I2C0_IRQHandler</a> from startup_mspm0g350x_uvision.o(.text) referenced from startup_mspm0g350x_uvision.o(RESET)
 <LI><a href="#[1a]">I2C1_IRQHandler</a> from startup_mspm0g350x_uvision.o(.text) referenced from startup_mspm0g350x_uvision.o(RESET)
 <LI><a href="#[1]">NMI_Handler</a> from startup_mspm0g350x_uvision.o(.text) referenced from startup_mspm0g350x_uvision.o(RESET)
 <LI><a href="#[4]">PendSV_Handler</a> from startup_mspm0g350x_uvision.o(.text) referenced from startup_mspm0g350x_uvision.o(RESET)
 <LI><a href="#[1c]">RTC_IRQHandler</a> from startup_mspm0g350x_uvision.o(.text) referenced from startup_mspm0g350x_uvision.o(RESET)
 <LI><a href="#[0]">Reset_Handler</a> from startup_mspm0g350x_uvision.o(.text) referenced from startup_mspm0g350x_uvision.o(RESET)
 <LI><a href="#[e]">SPI0_IRQHandler</a> from startup_mspm0g350x_uvision.o(.text) referenced from startup_mspm0g350x_uvision.o(RESET)
 <LI><a href="#[f]">SPI1_IRQHandler</a> from startup_mspm0g350x_uvision.o(.text) referenced from startup_mspm0g350x_uvision.o(RESET)
 <LI><a href="#[3]">SVC_Handler</a> from startup_mspm0g350x_uvision.o(.text) referenced from startup_mspm0g350x_uvision.o(RESET)
 <LI><a href="#[5]">SysTick_Handler</a> from startup_mspm0g350x_uvision.o(.text) referenced from startup_mspm0g350x_uvision.o(RESET)
 <LI><a href="#[15]">TIMA0_IRQHandler</a> from startup_mspm0g350x_uvision.o(.text) referenced from startup_mspm0g350x_uvision.o(RESET)
 <LI><a href="#[16]">TIMA1_IRQHandler</a> from startup_mspm0g350x_uvision.o(.text) referenced from startup_mspm0g350x_uvision.o(RESET)
 <LI><a href="#[13]">TIMG0_IRQHandler</a> from startup_mspm0g350x_uvision.o(.text) referenced from startup_mspm0g350x_uvision.o(RESET)
 <LI><a href="#[18]">TIMG12_IRQHandler</a> from startup_mspm0g350x_uvision.o(.text) referenced from startup_mspm0g350x_uvision.o(RESET)
 <LI><a href="#[14]">TIMG6_IRQHandler</a> from encoder.o(.text.TIMG6_IRQHandler) referenced from startup_mspm0g350x_uvision.o(RESET)
 <LI><a href="#[17]">TIMG7_IRQHandler</a> from empty.o(.text.TIMG7_IRQHandler) referenced from startup_mspm0g350x_uvision.o(RESET)
 <LI><a href="#[8]">TIMG8_IRQHandler</a> from empty.o(.text.TIMG8_IRQHandler) referenced from startup_mspm0g350x_uvision.o(RESET)
 <LI><a href="#[12]">UART0_IRQHandler</a> from startup_mspm0g350x_uvision.o(.text) referenced from startup_mspm0g350x_uvision.o(RESET)
 <LI><a href="#[10]">UART1_IRQHandler</a> from startup_mspm0g350x_uvision.o(.text) referenced from startup_mspm0g350x_uvision.o(RESET)
 <LI><a href="#[11]">UART2_IRQHandler</a> from startup_mspm0g350x_uvision.o(.text) referenced from startup_mspm0g350x_uvision.o(RESET)
 <LI><a href="#[9]">UART3_IRQHandler</a> from startup_mspm0g350x_uvision.o(.text) referenced from startup_mspm0g350x_uvision.o(RESET)
 <LI><a href="#[1e]">__main</a> from __main.o(!!!main) referenced from startup_mspm0g350x_uvision.o(.text)
</UL>
<P>
<H3>
Global Symbols
</H3>
<P><STRONG><a name="[1e]"></a>__main</STRONG> (Thumb, 8 bytes, Stack size 0 bytes, __main.o(!!!main))
<BR><BR>[Calls]<UL><LI><a href="#[1f]">&gt;&gt;</a>&nbsp;&nbsp;&nbsp;__scatterload
<LI><a href="#[20]">&gt;&gt;</a>&nbsp;&nbsp;&nbsp;__rt_entry
</UL>
<BR>[Address Reference Count : 1]<UL><LI> startup_mspm0g350x_uvision.o(.text)
</UL>
<P><STRONG><a name="[1f]"></a>__scatterload</STRONG> (Thumb, 0 bytes, Stack size unknown bytes, __scatter.o(!!!scatter))
<BR><BR>[Called By]<UL><LI><a href="#[1e]">&gt;&gt;</a>&nbsp;&nbsp;&nbsp;__main
</UL>

<P><STRONG><a name="[21]"></a>__scatterload_rt2</STRONG> (Thumb, 52 bytes, Stack size unknown bytes, __scatter.o(!!!scatter), UNUSED)
<BR><BR>[Calls]<UL><LI><a href="#[20]">&gt;&gt;</a>&nbsp;&nbsp;&nbsp;__rt_entry
</UL>

<P><STRONG><a name="[c3]"></a>__scatterload_rt2_thumb_only</STRONG> (Thumb, 0 bytes, Stack size unknown bytes, __scatter.o(!!!scatter), UNUSED)

<P><STRONG><a name="[c4]"></a>__scatterload_null</STRONG> (Thumb, 0 bytes, Stack size unknown bytes, __scatter.o(!!!scatter), UNUSED)

<P><STRONG><a name="[22]"></a>__scatterload_copy</STRONG> (Thumb, 26 bytes, Stack size unknown bytes, __scatter_copy.o(!!handler_copy), UNUSED)
<BR><BR>[Calls]<UL><LI><a href="#[22]">&gt;&gt;</a>&nbsp;&nbsp;&nbsp;__scatterload_copy
</UL>
<BR>[Called By]<UL><LI><a href="#[22]">&gt;&gt;</a>&nbsp;&nbsp;&nbsp;__scatterload_copy
</UL>

<P><STRONG><a name="[c5]"></a>__scatterload_zeroinit</STRONG> (Thumb, 28 bytes, Stack size unknown bytes, __scatter_zi.o(!!handler_zi), UNUSED)

<P><STRONG><a name="[26]"></a>__rt_lib_init</STRONG> (Thumb, 0 bytes, Stack size unknown bytes, libinit.o(.ARM.Collect$$libinit$$00000000))
<BR><BR>[Called By]<UL><LI><a href="#[25]">&gt;&gt;</a>&nbsp;&nbsp;&nbsp;__rt_entry_li
</UL>

<P><STRONG><a name="[c6]"></a>__rt_lib_init_alloca_1</STRONG> (Thumb, 0 bytes, Stack size unknown bytes, libinit2.o(.ARM.Collect$$libinit$$0000002E))

<P><STRONG><a name="[c7]"></a>__rt_lib_init_argv_1</STRONG> (Thumb, 0 bytes, Stack size unknown bytes, libinit2.o(.ARM.Collect$$libinit$$0000002C))

<P><STRONG><a name="[c8]"></a>__rt_lib_init_atexit_1</STRONG> (Thumb, 0 bytes, Stack size unknown bytes, libinit2.o(.ARM.Collect$$libinit$$0000001B))

<P><STRONG><a name="[c9]"></a>__rt_lib_init_clock_1</STRONG> (Thumb, 0 bytes, Stack size unknown bytes, libinit2.o(.ARM.Collect$$libinit$$00000021))

<P><STRONG><a name="[ca]"></a>__rt_lib_init_cpp_1</STRONG> (Thumb, 0 bytes, Stack size unknown bytes, libinit2.o(.ARM.Collect$$libinit$$00000032))

<P><STRONG><a name="[cb]"></a>__rt_lib_init_exceptions_1</STRONG> (Thumb, 0 bytes, Stack size unknown bytes, libinit2.o(.ARM.Collect$$libinit$$00000030))

<P><STRONG><a name="[cc]"></a>__rt_lib_init_fp_1</STRONG> (Thumb, 0 bytes, Stack size unknown bytes, libinit2.o(.ARM.Collect$$libinit$$00000002))

<P><STRONG><a name="[cd]"></a>__rt_lib_init_fp_trap_1</STRONG> (Thumb, 0 bytes, Stack size unknown bytes, libinit2.o(.ARM.Collect$$libinit$$0000001F))

<P><STRONG><a name="[ce]"></a>__rt_lib_init_getenv_1</STRONG> (Thumb, 0 bytes, Stack size unknown bytes, libinit2.o(.ARM.Collect$$libinit$$00000023))

<P><STRONG><a name="[cf]"></a>__rt_lib_init_heap_1</STRONG> (Thumb, 0 bytes, Stack size unknown bytes, libinit2.o(.ARM.Collect$$libinit$$0000000A))

<P><STRONG><a name="[d0]"></a>__rt_lib_init_lc_collate_1</STRONG> (Thumb, 0 bytes, Stack size unknown bytes, libinit2.o(.ARM.Collect$$libinit$$00000011))

<P><STRONG><a name="[d1]"></a>__rt_lib_init_lc_ctype_1</STRONG> (Thumb, 0 bytes, Stack size unknown bytes, libinit2.o(.ARM.Collect$$libinit$$00000013))

<P><STRONG><a name="[d2]"></a>__rt_lib_init_lc_monetary_1</STRONG> (Thumb, 0 bytes, Stack size unknown bytes, libinit2.o(.ARM.Collect$$libinit$$00000015))

<P><STRONG><a name="[d3]"></a>__rt_lib_init_lc_numeric_1</STRONG> (Thumb, 0 bytes, Stack size unknown bytes, libinit2.o(.ARM.Collect$$libinit$$00000017))

<P><STRONG><a name="[d4]"></a>__rt_lib_init_lc_time_1</STRONG> (Thumb, 0 bytes, Stack size unknown bytes, libinit2.o(.ARM.Collect$$libinit$$00000019))

<P><STRONG><a name="[d5]"></a>__rt_lib_init_preinit_1</STRONG> (Thumb, 0 bytes, Stack size unknown bytes, libinit2.o(.ARM.Collect$$libinit$$00000004))

<P><STRONG><a name="[d6]"></a>__rt_lib_init_rand_1</STRONG> (Thumb, 0 bytes, Stack size unknown bytes, libinit2.o(.ARM.Collect$$libinit$$0000000E))

<P><STRONG><a name="[d7]"></a>__rt_lib_init_return</STRONG> (Thumb, 0 bytes, Stack size unknown bytes, libinit2.o(.ARM.Collect$$libinit$$00000033))

<P><STRONG><a name="[d8]"></a>__rt_lib_init_signal_1</STRONG> (Thumb, 0 bytes, Stack size unknown bytes, libinit2.o(.ARM.Collect$$libinit$$0000001D))

<P><STRONG><a name="[d9]"></a>__rt_lib_init_stdio_1</STRONG> (Thumb, 0 bytes, Stack size unknown bytes, libinit2.o(.ARM.Collect$$libinit$$00000025))

<P><STRONG><a name="[da]"></a>__rt_lib_init_user_alloc_1</STRONG> (Thumb, 0 bytes, Stack size unknown bytes, libinit2.o(.ARM.Collect$$libinit$$0000000C))

<P><STRONG><a name="[2b]"></a>__rt_lib_shutdown</STRONG> (Thumb, 0 bytes, Stack size unknown bytes, libshutdown.o(.ARM.Collect$$libshutdown$$00000000))
<BR><BR>[Called By]<UL><LI><a href="#[2a]">&gt;&gt;</a>&nbsp;&nbsp;&nbsp;__rt_exit_ls
</UL>

<P><STRONG><a name="[db]"></a>__rt_lib_shutdown_cpp_1</STRONG> (Thumb, 0 bytes, Stack size unknown bytes, libshutdown2.o(.ARM.Collect$$libshutdown$$00000002))

<P><STRONG><a name="[dc]"></a>__rt_lib_shutdown_fp_trap_1</STRONG> (Thumb, 0 bytes, Stack size unknown bytes, libshutdown2.o(.ARM.Collect$$libshutdown$$00000007))

<P><STRONG><a name="[dd]"></a>__rt_lib_shutdown_heap_1</STRONG> (Thumb, 0 bytes, Stack size unknown bytes, libshutdown2.o(.ARM.Collect$$libshutdown$$0000000F))

<P><STRONG><a name="[de]"></a>__rt_lib_shutdown_return</STRONG> (Thumb, 0 bytes, Stack size unknown bytes, libshutdown2.o(.ARM.Collect$$libshutdown$$00000010))

<P><STRONG><a name="[df]"></a>__rt_lib_shutdown_signal_1</STRONG> (Thumb, 0 bytes, Stack size unknown bytes, libshutdown2.o(.ARM.Collect$$libshutdown$$0000000A))

<P><STRONG><a name="[e0]"></a>__rt_lib_shutdown_stdio_1</STRONG> (Thumb, 0 bytes, Stack size unknown bytes, libshutdown2.o(.ARM.Collect$$libshutdown$$00000004))

<P><STRONG><a name="[e1]"></a>__rt_lib_shutdown_user_alloc_1</STRONG> (Thumb, 0 bytes, Stack size unknown bytes, libshutdown2.o(.ARM.Collect$$libshutdown$$0000000C))

<P><STRONG><a name="[20]"></a>__rt_entry</STRONG> (Thumb, 0 bytes, Stack size unknown bytes, __rtentry.o(.ARM.Collect$$rtentry$$00000000))
<BR><BR>[Called By]<UL><LI><a href="#[21]">&gt;&gt;</a>&nbsp;&nbsp;&nbsp;__scatterload_rt2
<LI><a href="#[1e]">&gt;&gt;</a>&nbsp;&nbsp;&nbsp;__main
</UL>

<P><STRONG><a name="[e2]"></a>__rt_entry_presh_1</STRONG> (Thumb, 0 bytes, Stack size unknown bytes, __rtentry2.o(.ARM.Collect$$rtentry$$00000002))

<P><STRONG><a name="[23]"></a>__rt_entry_sh</STRONG> (Thumb, 0 bytes, Stack size unknown bytes, __rtentry4.o(.ARM.Collect$$rtentry$$00000004))
<BR><BR>[Stack]<UL><LI>Max Depth = 8 + Unknown Stack Size
<LI>Call Chain = __rt_entry_sh &rArr; __user_setup_stackheap
</UL>
<BR>[Calls]<UL><LI><a href="#[24]">&gt;&gt;</a>&nbsp;&nbsp;&nbsp;__user_setup_stackheap
</UL>

<P><STRONG><a name="[25]"></a>__rt_entry_li</STRONG> (Thumb, 0 bytes, Stack size unknown bytes, __rtentry2.o(.ARM.Collect$$rtentry$$0000000A))
<BR><BR>[Calls]<UL><LI><a href="#[26]">&gt;&gt;</a>&nbsp;&nbsp;&nbsp;__rt_lib_init
</UL>

<P><STRONG><a name="[e3]"></a>__rt_entry_postsh_1</STRONG> (Thumb, 0 bytes, Stack size unknown bytes, __rtentry2.o(.ARM.Collect$$rtentry$$00000009))

<P><STRONG><a name="[27]"></a>__rt_entry_main</STRONG> (Thumb, 0 bytes, Stack size unknown bytes, __rtentry2.o(.ARM.Collect$$rtentry$$0000000D))
<BR><BR>[Stack]<UL><LI>Max Depth = 144 + Unknown Stack Size
<LI>Call Chain = __rt_entry_main &rArr; main &rArr; No_Mcu_Ganv_Sensor_Task_Without_tick &rArr; normalizeAnalogValues &rArr; __aeabi_dmul
</UL>
<BR>[Calls]<UL><LI><a href="#[28]">&gt;&gt;</a>&nbsp;&nbsp;&nbsp;main
<LI><a href="#[29]">&gt;&gt;</a>&nbsp;&nbsp;&nbsp;exit
</UL>

<P><STRONG><a name="[e4]"></a>__rt_entry_postli_1</STRONG> (Thumb, 0 bytes, Stack size unknown bytes, __rtentry2.o(.ARM.Collect$$rtentry$$0000000C))

<P><STRONG><a name="[45]"></a>__rt_exit</STRONG> (Thumb, 0 bytes, Stack size unknown bytes, rtexit.o(.ARM.Collect$$rtexit$$00000000))
<BR><BR>[Called By]<UL><LI><a href="#[29]">&gt;&gt;</a>&nbsp;&nbsp;&nbsp;exit
</UL>

<P><STRONG><a name="[2a]"></a>__rt_exit_ls</STRONG> (Thumb, 0 bytes, Stack size unknown bytes, rtexit2.o(.ARM.Collect$$rtexit$$00000003))
<BR><BR>[Calls]<UL><LI><a href="#[2b]">&gt;&gt;</a>&nbsp;&nbsp;&nbsp;__rt_lib_shutdown
</UL>

<P><STRONG><a name="[e5]"></a>__rt_exit_prels_1</STRONG> (Thumb, 0 bytes, Stack size unknown bytes, rtexit2.o(.ARM.Collect$$rtexit$$00000002))

<P><STRONG><a name="[2c]"></a>__rt_exit_exit</STRONG> (Thumb, 0 bytes, Stack size unknown bytes, rtexit2.o(.ARM.Collect$$rtexit$$00000004))
<BR><BR>[Calls]<UL><LI><a href="#[2d]">&gt;&gt;</a>&nbsp;&nbsp;&nbsp;_sys_exit
</UL>

<P><STRONG><a name="[30]"></a>__aeabi_memcpy4</STRONG> (Thumb, 56 bytes, Stack size 0 bytes, rt_memcpy.o(.emb_text))
<BR><BR>[Called By]<UL><LI><a href="#[2f]">&gt;&gt;</a>&nbsp;&nbsp;&nbsp;__aeabi_memcpy
</UL>

<P><STRONG><a name="[e6]"></a>__aeabi_memcpy8</STRONG> (Thumb, 0 bytes, Stack size 0 bytes, rt_memcpy.o(.emb_text), UNUSED)

<P><STRONG><a name="[0]"></a>Reset_Handler</STRONG> (Thumb, 4 bytes, Stack size 0 bytes, startup_mspm0g350x_uvision.o(.text))
<BR>[Address Reference Count : 1]<UL><LI> startup_mspm0g350x_uvision.o(RESET)
</UL>
<P><STRONG><a name="[1]"></a>NMI_Handler</STRONG> (Thumb, 2 bytes, Stack size 0 bytes, startup_mspm0g350x_uvision.o(.text))
<BR><BR>[Calls]<UL><LI><a href="#[1]">&gt;&gt;</a>&nbsp;&nbsp;&nbsp;NMI_Handler
</UL>
<BR>[Called By]<UL><LI><a href="#[1]">&gt;&gt;</a>&nbsp;&nbsp;&nbsp;NMI_Handler
</UL>
<BR>[Address Reference Count : 1]<UL><LI> startup_mspm0g350x_uvision.o(RESET)
</UL>
<P><STRONG><a name="[2]"></a>HardFault_Handler</STRONG> (Thumb, 2 bytes, Stack size 0 bytes, startup_mspm0g350x_uvision.o(.text))
<BR><BR>[Calls]<UL><LI><a href="#[2]">&gt;&gt;</a>&nbsp;&nbsp;&nbsp;HardFault_Handler
</UL>
<BR>[Called By]<UL><LI><a href="#[2]">&gt;&gt;</a>&nbsp;&nbsp;&nbsp;HardFault_Handler
</UL>
<BR>[Address Reference Count : 1]<UL><LI> startup_mspm0g350x_uvision.o(RESET)
</UL>
<P><STRONG><a name="[3]"></a>SVC_Handler</STRONG> (Thumb, 2 bytes, Stack size 0 bytes, startup_mspm0g350x_uvision.o(.text))
<BR><BR>[Calls]<UL><LI><a href="#[3]">&gt;&gt;</a>&nbsp;&nbsp;&nbsp;SVC_Handler
</UL>
<BR>[Called By]<UL><LI><a href="#[3]">&gt;&gt;</a>&nbsp;&nbsp;&nbsp;SVC_Handler
</UL>
<BR>[Address Reference Count : 1]<UL><LI> startup_mspm0g350x_uvision.o(RESET)
</UL>
<P><STRONG><a name="[4]"></a>PendSV_Handler</STRONG> (Thumb, 2 bytes, Stack size 0 bytes, startup_mspm0g350x_uvision.o(.text))
<BR><BR>[Calls]<UL><LI><a href="#[4]">&gt;&gt;</a>&nbsp;&nbsp;&nbsp;PendSV_Handler
</UL>
<BR>[Called By]<UL><LI><a href="#[4]">&gt;&gt;</a>&nbsp;&nbsp;&nbsp;PendSV_Handler
</UL>
<BR>[Address Reference Count : 1]<UL><LI> startup_mspm0g350x_uvision.o(RESET)
</UL>
<P><STRONG><a name="[5]"></a>SysTick_Handler</STRONG> (Thumb, 2 bytes, Stack size 0 bytes, startup_mspm0g350x_uvision.o(.text))
<BR><BR>[Calls]<UL><LI><a href="#[5]">&gt;&gt;</a>&nbsp;&nbsp;&nbsp;SysTick_Handler
</UL>
<BR>[Called By]<UL><LI><a href="#[5]">&gt;&gt;</a>&nbsp;&nbsp;&nbsp;SysTick_Handler
</UL>
<BR>[Address Reference Count : 1]<UL><LI> startup_mspm0g350x_uvision.o(RESET)
</UL>
<P><STRONG><a name="[a]"></a>ADC0_IRQHandler</STRONG> (Thumb, 0 bytes, Stack size 0 bytes, startup_mspm0g350x_uvision.o(.text))
<BR>[Address Reference Count : 1]<UL><LI> startup_mspm0g350x_uvision.o(RESET)
</UL>
<P><STRONG><a name="[b]"></a>ADC1_IRQHandler</STRONG> (Thumb, 0 bytes, Stack size 0 bytes, startup_mspm0g350x_uvision.o(.text))
<BR>[Address Reference Count : 1]<UL><LI> startup_mspm0g350x_uvision.o(RESET)
</UL>
<P><STRONG><a name="[1b]"></a>AES_IRQHandler</STRONG> (Thumb, 0 bytes, Stack size 0 bytes, startup_mspm0g350x_uvision.o(.text))
<BR>[Address Reference Count : 1]<UL><LI> startup_mspm0g350x_uvision.o(RESET)
</UL>
<P><STRONG><a name="[c]"></a>CANFD0_IRQHandler</STRONG> (Thumb, 0 bytes, Stack size 0 bytes, startup_mspm0g350x_uvision.o(.text))
<BR>[Address Reference Count : 1]<UL><LI> startup_mspm0g350x_uvision.o(RESET)
</UL>
<P><STRONG><a name="[d]"></a>DAC0_IRQHandler</STRONG> (Thumb, 0 bytes, Stack size 0 bytes, startup_mspm0g350x_uvision.o(.text))
<BR>[Address Reference Count : 1]<UL><LI> startup_mspm0g350x_uvision.o(RESET)
</UL>
<P><STRONG><a name="[1d]"></a>DMA_IRQHandler</STRONG> (Thumb, 0 bytes, Stack size 0 bytes, startup_mspm0g350x_uvision.o(.text))
<BR>[Address Reference Count : 1]<UL><LI> startup_mspm0g350x_uvision.o(RESET)
</UL>
<P><STRONG><a name="[2e]"></a>Default_Handler</STRONG> (Thumb, 2 bytes, Stack size 0 bytes, startup_mspm0g350x_uvision.o(.text), UNUSED)
<BR><BR>[Calls]<UL><LI><a href="#[2e]">&gt;&gt;</a>&nbsp;&nbsp;&nbsp;Default_Handler
</UL>
<BR>[Called By]<UL><LI><a href="#[2e]">&gt;&gt;</a>&nbsp;&nbsp;&nbsp;Default_Handler
</UL>

<P><STRONG><a name="[6]"></a>GROUP0_IRQHandler</STRONG> (Thumb, 0 bytes, Stack size 0 bytes, startup_mspm0g350x_uvision.o(.text))
<BR>[Address Reference Count : 1]<UL><LI> startup_mspm0g350x_uvision.o(RESET)
</UL>
<P><STRONG><a name="[19]"></a>I2C0_IRQHandler</STRONG> (Thumb, 0 bytes, Stack size 0 bytes, startup_mspm0g350x_uvision.o(.text))
<BR>[Address Reference Count : 1]<UL><LI> startup_mspm0g350x_uvision.o(RESET)
</UL>
<P><STRONG><a name="[1a]"></a>I2C1_IRQHandler</STRONG> (Thumb, 0 bytes, Stack size 0 bytes, startup_mspm0g350x_uvision.o(.text))
<BR>[Address Reference Count : 1]<UL><LI> startup_mspm0g350x_uvision.o(RESET)
</UL>
<P><STRONG><a name="[1c]"></a>RTC_IRQHandler</STRONG> (Thumb, 0 bytes, Stack size 0 bytes, startup_mspm0g350x_uvision.o(.text))
<BR>[Address Reference Count : 1]<UL><LI> startup_mspm0g350x_uvision.o(RESET)
</UL>
<P><STRONG><a name="[e]"></a>SPI0_IRQHandler</STRONG> (Thumb, 0 bytes, Stack size 0 bytes, startup_mspm0g350x_uvision.o(.text))
<BR>[Address Reference Count : 1]<UL><LI> startup_mspm0g350x_uvision.o(RESET)
</UL>
<P><STRONG><a name="[f]"></a>SPI1_IRQHandler</STRONG> (Thumb, 0 bytes, Stack size 0 bytes, startup_mspm0g350x_uvision.o(.text))
<BR>[Address Reference Count : 1]<UL><LI> startup_mspm0g350x_uvision.o(RESET)
</UL>
<P><STRONG><a name="[15]"></a>TIMA0_IRQHandler</STRONG> (Thumb, 0 bytes, Stack size 0 bytes, startup_mspm0g350x_uvision.o(.text))
<BR>[Address Reference Count : 1]<UL><LI> startup_mspm0g350x_uvision.o(RESET)
</UL>
<P><STRONG><a name="[16]"></a>TIMA1_IRQHandler</STRONG> (Thumb, 0 bytes, Stack size 0 bytes, startup_mspm0g350x_uvision.o(.text))
<BR>[Address Reference Count : 1]<UL><LI> startup_mspm0g350x_uvision.o(RESET)
</UL>
<P><STRONG><a name="[13]"></a>TIMG0_IRQHandler</STRONG> (Thumb, 0 bytes, Stack size 0 bytes, startup_mspm0g350x_uvision.o(.text))
<BR>[Address Reference Count : 1]<UL><LI> startup_mspm0g350x_uvision.o(RESET)
</UL>
<P><STRONG><a name="[18]"></a>TIMG12_IRQHandler</STRONG> (Thumb, 0 bytes, Stack size 0 bytes, startup_mspm0g350x_uvision.o(.text))
<BR>[Address Reference Count : 1]<UL><LI> startup_mspm0g350x_uvision.o(RESET)
</UL>
<P><STRONG><a name="[12]"></a>UART0_IRQHandler</STRONG> (Thumb, 0 bytes, Stack size 0 bytes, startup_mspm0g350x_uvision.o(.text))
<BR>[Address Reference Count : 1]<UL><LI> startup_mspm0g350x_uvision.o(RESET)
</UL>
<P><STRONG><a name="[10]"></a>UART1_IRQHandler</STRONG> (Thumb, 0 bytes, Stack size 0 bytes, startup_mspm0g350x_uvision.o(.text))
<BR>[Address Reference Count : 1]<UL><LI> startup_mspm0g350x_uvision.o(RESET)
</UL>
<P><STRONG><a name="[11]"></a>UART2_IRQHandler</STRONG> (Thumb, 0 bytes, Stack size 0 bytes, startup_mspm0g350x_uvision.o(.text))
<BR>[Address Reference Count : 1]<UL><LI> startup_mspm0g350x_uvision.o(RESET)
</UL>
<P><STRONG><a name="[9]"></a>UART3_IRQHandler</STRONG> (Thumb, 0 bytes, Stack size 0 bytes, startup_mspm0g350x_uvision.o(.text))
<BR>[Address Reference Count : 1]<UL><LI> startup_mspm0g350x_uvision.o(RESET)
</UL>
<P><STRONG><a name="[43]"></a>__user_initial_stackheap</STRONG> (Thumb, 10 bytes, Stack size 0 bytes, startup_mspm0g350x_uvision.o(.text))
<BR><BR>[Called By]<UL><LI><a href="#[24]">&gt;&gt;</a>&nbsp;&nbsp;&nbsp;__user_setup_stackheap
</UL>

<P><STRONG><a name="[2f]"></a>__aeabi_memcpy</STRONG> (Thumb, 130 bytes, Stack size 24 bytes, rt_memcpy.o(.text))
<BR><BR>[Stack]<UL><LI>Max Depth = 24<LI>Call Chain = __aeabi_memcpy
</UL>
<BR>[Calls]<UL><LI><a href="#[30]">&gt;&gt;</a>&nbsp;&nbsp;&nbsp;__aeabi_memcpy4
</UL>
<BR>[Called By]<UL><LI><a href="#[28]">&gt;&gt;</a>&nbsp;&nbsp;&nbsp;main
</UL>

<P><STRONG><a name="[e7]"></a>__rt_memcpy</STRONG> (Thumb, 0 bytes, Stack size 24 bytes, rt_memcpy.o(.text), UNUSED)

<P><STRONG><a name="[32]"></a>_memset_w</STRONG> (Thumb, 26 bytes, Stack size 0 bytes, rt_memclr.o(.text), UNUSED)
<BR><BR>[Called By]<UL><LI><a href="#[34]">&gt;&gt;</a>&nbsp;&nbsp;&nbsp;__rt_memclr_w
<LI><a href="#[31]">&gt;&gt;</a>&nbsp;&nbsp;&nbsp;_memset
</UL>

<P><STRONG><a name="[31]"></a>_memset</STRONG> (Thumb, 30 bytes, Stack size 0 bytes, rt_memclr.o(.text), UNUSED)
<BR><BR>[Calls]<UL><LI><a href="#[32]">&gt;&gt;</a>&nbsp;&nbsp;&nbsp;_memset_w
</UL>
<BR>[Called By]<UL><LI><a href="#[33]">&gt;&gt;</a>&nbsp;&nbsp;&nbsp;__aeabi_memclr
</UL>

<P><STRONG><a name="[33]"></a>__aeabi_memclr</STRONG> (Thumb, 4 bytes, Stack size 0 bytes, rt_memclr.o(.text), UNUSED)
<BR><BR>[Calls]<UL><LI><a href="#[31]">&gt;&gt;</a>&nbsp;&nbsp;&nbsp;_memset
</UL>

<P><STRONG><a name="[e8]"></a>__rt_memclr</STRONG> (Thumb, 0 bytes, Stack size 0 bytes, rt_memclr.o(.text), UNUSED)

<P><STRONG><a name="[e9]"></a>__aeabi_memclr4</STRONG> (Thumb, 0 bytes, Stack size 0 bytes, rt_memclr.o(.text), UNUSED)

<P><STRONG><a name="[5f]"></a>__aeabi_memclr8</STRONG> (Thumb, 0 bytes, Stack size 0 bytes, rt_memclr.o(.text))
<BR><BR>[Called By]<UL><LI><a href="#[5b]">&gt;&gt;</a>&nbsp;&nbsp;&nbsp;No_MCU_Ganv_Sensor_Init_Frist
</UL>

<P><STRONG><a name="[34]"></a>__rt_memclr_w</STRONG> (Thumb, 4 bytes, Stack size 0 bytes, rt_memclr.o(.text), UNUSED)
<BR><BR>[Calls]<UL><LI><a href="#[32]">&gt;&gt;</a>&nbsp;&nbsp;&nbsp;_memset_w
</UL>

<P><STRONG><a name="[57]"></a>__aeabi_uidivmod</STRONG> (Thumb, 28 bytes, Stack size 0 bytes, aeabi_sdivfast.o(.text))
<BR><BR>[Called By]<UL><LI><a href="#[70]">&gt;&gt;</a>&nbsp;&nbsp;&nbsp;OLED_ShowSignedNum
<LI><a href="#[55]">&gt;&gt;</a>&nbsp;&nbsp;&nbsp;Key_Scan
</UL>

<P><STRONG><a name="[ea]"></a>__aeabi_idivmod</STRONG> (Thumb, 472 bytes, Stack size 8 bytes, aeabi_sdivfast.o(.text), UNUSED)

<P><STRONG><a name="[eb]"></a>__use_two_region_memory</STRONG> (Thumb, 2 bytes, Stack size 0 bytes, heapauxi.o(.text), UNUSED)

<P><STRONG><a name="[ec]"></a>__rt_heap_escrow$2region</STRONG> (Thumb, 2 bytes, Stack size 0 bytes, heapauxi.o(.text), UNUSED)

<P><STRONG><a name="[ed]"></a>__rt_heap_expand$2region</STRONG> (Thumb, 2 bytes, Stack size 0 bytes, heapauxi.o(.text), UNUSED)

<P><STRONG><a name="[ee]"></a>__aeabi_dadd</STRONG> (Thumb, 0 bytes, Stack size 8 bytes, daddsub.o(.text), UNUSED)

<P><STRONG><a name="[35]"></a>_dadd</STRONG> (Thumb, 26 bytes, Stack size 8 bytes, daddsub.o(.text), UNUSED)
<BR><BR>[Calls]<UL><LI><a href="#[36]">&gt;&gt;</a>&nbsp;&nbsp;&nbsp;_dsub1
<LI><a href="#[37]">&gt;&gt;</a>&nbsp;&nbsp;&nbsp;_dadd1
</UL>

<P><STRONG><a name="[5d]"></a>__aeabi_dsub</STRONG> (Thumb, 0 bytes, Stack size 8 bytes, daddsub.o(.text))
<BR><BR>[Stack]<UL><LI>Max Depth = 8<LI>Call Chain = __aeabi_dsub
</UL>
<BR>[Called By]<UL><LI><a href="#[5a]">&gt;&gt;</a>&nbsp;&nbsp;&nbsp;No_MCU_Ganv_Sensor_Init
</UL>

<P><STRONG><a name="[38]"></a>_dsub</STRONG> (Thumb, 22 bytes, Stack size 8 bytes, daddsub.o(.text), UNUSED)
<BR><BR>[Calls]<UL><LI><a href="#[36]">&gt;&gt;</a>&nbsp;&nbsp;&nbsp;_dsub1
<LI><a href="#[37]">&gt;&gt;</a>&nbsp;&nbsp;&nbsp;_dadd1
</UL>

<P><STRONG><a name="[ef]"></a>__aeabi_drsub</STRONG> (Thumb, 0 bytes, Stack size 16 bytes, daddsub.o(.text), UNUSED)

<P><STRONG><a name="[39]"></a>_drsb</STRONG> (Thumb, 28 bytes, Stack size 16 bytes, daddsub.o(.text), UNUSED)
<BR><BR>[Calls]<UL><LI><a href="#[36]">&gt;&gt;</a>&nbsp;&nbsp;&nbsp;_dsub1
<LI><a href="#[37]">&gt;&gt;</a>&nbsp;&nbsp;&nbsp;_dadd1
</UL>

<P><STRONG><a name="[5e]"></a>__aeabi_ddiv</STRONG> (Thumb, 0 bytes, Stack size 64 bytes, ddiv.o(.text))
<BR><BR>[Stack]<UL><LI>Max Depth = 64<LI>Call Chain = __aeabi_ddiv
</UL>
<BR>[Called By]<UL><LI><a href="#[5a]">&gt;&gt;</a>&nbsp;&nbsp;&nbsp;No_MCU_Ganv_Sensor_Init
</UL>

<P><STRONG><a name="[3b]"></a>_ddiv</STRONG> (Thumb, 1072 bytes, Stack size 64 bytes, ddiv.o(.text), UNUSED)
<BR><BR>[Called By]<UL><LI><a href="#[3a]">&gt;&gt;</a>&nbsp;&nbsp;&nbsp;_drdiv
</UL>

<P><STRONG><a name="[3a]"></a>_drdiv</STRONG> (Thumb, 20 bytes, Stack size 16 bytes, ddiv.o(.text), UNUSED)
<BR><BR>[Calls]<UL><LI><a href="#[3b]">&gt;&gt;</a>&nbsp;&nbsp;&nbsp;_ddiv
</UL>

<P><STRONG><a name="[ba]"></a>__aeabi_d2iz</STRONG> (Thumb, 0 bytes, Stack size 12 bytes, dfixi.o(.text))
<BR><BR>[Stack]<UL><LI>Max Depth = 12<LI>Call Chain = __aeabi_d2iz
</UL>
<BR>[Called By]<UL><LI><a href="#[63]">&gt;&gt;</a>&nbsp;&nbsp;&nbsp;normalizeAnalogValues
</UL>

<P><STRONG><a name="[f0]"></a>_dfix</STRONG> (Thumb, 98 bytes, Stack size 12 bytes, dfixi.o(.text), UNUSED)

<P><STRONG><a name="[3d]"></a>__aeabi_i2d_normalise</STRONG> (Thumb, 66 bytes, Stack size 0 bytes, dflti.o(.text))
<BR><BR>[Called By]<UL><LI><a href="#[3e]">&gt;&gt;</a>&nbsp;&nbsp;&nbsp;__aeabi_ui2d
<LI><a href="#[3c]">&gt;&gt;</a>&nbsp;&nbsp;&nbsp;__aeabi_i2d
</UL>

<P><STRONG><a name="[3c]"></a>__aeabi_i2d</STRONG> (Thumb, 16 bytes, Stack size 0 bytes, dflti.o(.text))
<BR><BR>[Calls]<UL><LI><a href="#[3d]">&gt;&gt;</a>&nbsp;&nbsp;&nbsp;__aeabi_i2d_normalise
</UL>
<BR>[Called By]<UL><LI><a href="#[63]">&gt;&gt;</a>&nbsp;&nbsp;&nbsp;normalizeAnalogValues
</UL>

<P><STRONG><a name="[f1]"></a>_dflt</STRONG> (Thumb, 0 bytes, Stack size 0 bytes, dflti.o(.text), UNUSED)

<P><STRONG><a name="[3e]"></a>__aeabi_ui2d</STRONG> (Thumb, 6 bytes, Stack size 0 bytes, dflti.o(.text))
<BR><BR>[Calls]<UL><LI><a href="#[3d]">&gt;&gt;</a>&nbsp;&nbsp;&nbsp;__aeabi_i2d_normalise
</UL>
<BR>[Called By]<UL><LI><a href="#[5a]">&gt;&gt;</a>&nbsp;&nbsp;&nbsp;No_MCU_Ganv_Sensor_Init
<LI><a href="#[63]">&gt;&gt;</a>&nbsp;&nbsp;&nbsp;normalizeAnalogValues
</UL>

<P><STRONG><a name="[f2]"></a>_dfltu</STRONG> (Thumb, 0 bytes, Stack size 0 bytes, dflti.o(.text), UNUSED)

<P><STRONG><a name="[bb]"></a>__aeabi_dmul</STRONG> (Thumb, 0 bytes, Stack size 56 bytes, dmul.o(.text))
<BR><BR>[Stack]<UL><LI>Max Depth = 56<LI>Call Chain = __aeabi_dmul
</UL>
<BR>[Called By]<UL><LI><a href="#[63]">&gt;&gt;</a>&nbsp;&nbsp;&nbsp;normalizeAnalogValues
</UL>

<P><STRONG><a name="[f3]"></a>_dmul</STRONG> (Thumb, 558 bytes, Stack size 56 bytes, dmul.o(.text), UNUSED)

<P><STRONG><a name="[3f]"></a>__fpl_dcmp_InfNaN</STRONG> (Thumb, 154 bytes, Stack size 24 bytes, dcmpin.o(.text), UNUSED)
<BR><BR>[Calls]<UL><LI><a href="#[41]">&gt;&gt;</a>&nbsp;&nbsp;&nbsp;__fpl_dcheck_NaN2
<LI><a href="#[40]">&gt;&gt;</a>&nbsp;&nbsp;&nbsp;__fpl_cmpreturn
</UL>
<BR>[Called By]<UL><LI><a href="#[c2]">&gt;&gt;</a>&nbsp;&nbsp;&nbsp;_dcmpge
</UL>

<P><STRONG><a name="[24]"></a>__user_setup_stackheap</STRONG> (Thumb, 62 bytes, Stack size 8 bytes, sys_stackheap_outer.o(.text))
<BR><BR>[Stack]<UL><LI>Max Depth = 8<LI>Call Chain = __user_setup_stackheap
</UL>
<BR>[Calls]<UL><LI><a href="#[43]">&gt;&gt;</a>&nbsp;&nbsp;&nbsp;__user_initial_stackheap
<LI><a href="#[42]">&gt;&gt;</a>&nbsp;&nbsp;&nbsp;__user_perproc_libspace
</UL>
<BR>[Called By]<UL><LI><a href="#[23]">&gt;&gt;</a>&nbsp;&nbsp;&nbsp;__rt_entry_sh
</UL>

<P><STRONG><a name="[29]"></a>exit</STRONG> (Thumb, 16 bytes, Stack size 8 bytes, exit.o(.text))
<BR><BR>[Stack]<UL><LI>Max Depth = 8 + Unknown Stack Size
<LI>Call Chain = exit
</UL>
<BR>[Calls]<UL><LI><a href="#[45]">&gt;&gt;</a>&nbsp;&nbsp;&nbsp;__rt_exit
<LI><a href="#[44]">&gt;&gt;</a>&nbsp;&nbsp;&nbsp;_call_atexit_fns (Weak Reference)
</UL>
<BR>[Called By]<UL><LI><a href="#[27]">&gt;&gt;</a>&nbsp;&nbsp;&nbsp;__rt_entry_main
</UL>

<P><STRONG><a name="[40]"></a>__fpl_cmpreturn</STRONG> (Thumb, 46 bytes, Stack size 0 bytes, cmpret.o(.text), UNUSED)
<BR><BR>[Called By]<UL><LI><a href="#[46]">&gt;&gt;</a>&nbsp;&nbsp;&nbsp;__fpl_return_NaN
<LI><a href="#[3f]">&gt;&gt;</a>&nbsp;&nbsp;&nbsp;__fpl_dcmp_InfNaN
</UL>

<P><STRONG><a name="[41]"></a>__fpl_dcheck_NaN2</STRONG> (Thumb, 14 bytes, Stack size 8 bytes, dnan2.o(.text), UNUSED)
<BR><BR>[Calls]<UL><LI><a href="#[46]">&gt;&gt;</a>&nbsp;&nbsp;&nbsp;__fpl_return_NaN
</UL>
<BR>[Called By]<UL><LI><a href="#[3f]">&gt;&gt;</a>&nbsp;&nbsp;&nbsp;__fpl_dcmp_InfNaN
</UL>

<P><STRONG><a name="[f4]"></a>__user_libspace</STRONG> (Thumb, 8 bytes, Stack size 0 bytes, libspace.o(.text), UNUSED)

<P><STRONG><a name="[42]"></a>__user_perproc_libspace</STRONG> (Thumb, 0 bytes, Stack size 0 bytes, libspace.o(.text))
<BR><BR>[Called By]<UL><LI><a href="#[24]">&gt;&gt;</a>&nbsp;&nbsp;&nbsp;__user_setup_stackheap
</UL>

<P><STRONG><a name="[f5]"></a>__user_perthread_libspace</STRONG> (Thumb, 0 bytes, Stack size 0 bytes, libspace.o(.text), UNUSED)

<P><STRONG><a name="[46]"></a>__fpl_return_NaN</STRONG> (Thumb, 94 bytes, Stack size 8 bytes, retnan.o(.text), UNUSED)
<BR><BR>[Calls]<UL><LI><a href="#[40]">&gt;&gt;</a>&nbsp;&nbsp;&nbsp;__fpl_cmpreturn
</UL>
<BR>[Called By]<UL><LI><a href="#[41]">&gt;&gt;</a>&nbsp;&nbsp;&nbsp;__fpl_dcheck_NaN2
</UL>

<P><STRONG><a name="[2d]"></a>_sys_exit</STRONG> (Thumb, 8 bytes, Stack size 0 bytes, sys_exit.o(.text))
<BR><BR>[Called By]<UL><LI><a href="#[2c]">&gt;&gt;</a>&nbsp;&nbsp;&nbsp;__rt_exit_exit
</UL>

<P><STRONG><a name="[f6]"></a>__I$use$semihosting</STRONG> (Thumb, 0 bytes, Stack size 0 bytes, use_no_semi.o(.text), UNUSED)

<P><STRONG><a name="[f7]"></a>__use_no_semihosting_swi</STRONG> (Thumb, 2 bytes, Stack size 0 bytes, use_no_semi.o(.text), UNUSED)

<P><STRONG><a name="[f8]"></a>__semihosting_library_function</STRONG> (Thumb, 0 bytes, Stack size 0 bytes, indicate_semi.o(.text), UNUSED)

<P><STRONG><a name="[77]"></a>DL_ADC12_setClockConfig</STRONG> (Thumb, 64 bytes, Stack size 16 bytes, dl_adc12.o(.text.DL_ADC12_setClockConfig))
<BR><BR>[Stack]<UL><LI>Max Depth = 16<LI>Call Chain = DL_ADC12_setClockConfig
</UL>
<BR>[Called By]<UL><LI><a href="#[86]">&gt;&gt;</a>&nbsp;&nbsp;&nbsp;SYSCFG_DL_GRAY_OUT_init
<LI><a href="#[76]">&gt;&gt;</a>&nbsp;&nbsp;&nbsp;SYSCFG_DL_ADC_VOLTAGE_init
</UL>

<P><STRONG><a name="[75]"></a>DL_Common_delayCycles</STRONG> (Thumb, 10 bytes, Stack size 0 bytes, dl_common.o(.text.DL_Common_delayCycles))
<BR><BR>[Called By]<UL><LI><a href="#[69]">&gt;&gt;</a>&nbsp;&nbsp;&nbsp;OLED_W_SDA
<LI><a href="#[68]">&gt;&gt;</a>&nbsp;&nbsp;&nbsp;OLED_W_SCL
<LI><a href="#[a2]">&gt;&gt;</a>&nbsp;&nbsp;&nbsp;SYSCFG_DL_initPower
</UL>

<P><STRONG><a name="[90]"></a>DL_I2C_setClockConfig</STRONG> (Thumb, 38 bytes, Stack size 16 bytes, dl_i2c.o(.text.DL_I2C_setClockConfig))
<BR><BR>[Stack]<UL><LI>Max Depth = 16<LI>Call Chain = DL_I2C_setClockConfig
</UL>
<BR>[Called By]<UL><LI><a href="#[8f]">&gt;&gt;</a>&nbsp;&nbsp;&nbsp;SYSCFG_DL_I2C_0_init
</UL>

<P><STRONG><a name="[9e]"></a>DL_SYSCTL_configSYSPLL</STRONG> (Thumb, 192 bytes, Stack size 36 bytes, dl_sysctl_mspm0g1x0x_g3x0x.o(.text.DL_SYSCTL_configSYSPLL))
<BR><BR>[Stack]<UL><LI>Max Depth = 36<LI>Call Chain = DL_SYSCTL_configSYSPLL
</UL>
<BR>[Called By]<UL><LI><a href="#[99]">&gt;&gt;</a>&nbsp;&nbsp;&nbsp;SYSCFG_DL_SYSCTL_init
</UL>

<P><STRONG><a name="[9d]"></a>DL_SYSCTL_setHFCLKSourceHFXTParams</STRONG> (Thumb, 80 bytes, Stack size 20 bytes, dl_sysctl_mspm0g1x0x_g3x0x.o(.text.DL_SYSCTL_setHFCLKSourceHFXTParams))
<BR><BR>[Stack]<UL><LI>Max Depth = 20<LI>Call Chain = DL_SYSCTL_setHFCLKSourceHFXTParams
</UL>
<BR>[Called By]<UL><LI><a href="#[99]">&gt;&gt;</a>&nbsp;&nbsp;&nbsp;SYSCFG_DL_SYSCTL_init
</UL>

<P><STRONG><a name="[9f]"></a>DL_SYSCTL_switchMCLKfromSYSOSCtoHSCLK</STRONG> (Thumb, 40 bytes, Stack size 0 bytes, dl_sysctl_mspm0g1x0x_g3x0x.o(.text.DL_SYSCTL_switchMCLKfromSYSOSCtoHSCLK))
<BR><BR>[Called By]<UL><LI><a href="#[99]">&gt;&gt;</a>&nbsp;&nbsp;&nbsp;SYSCFG_DL_SYSCTL_init
</UL>

<P><STRONG><a name="[93]"></a>DL_Timer_initFourCCPWMMode</STRONG> (Thumb, 264 bytes, Stack size 20 bytes, dl_timer.o(.text.DL_Timer_initFourCCPWMMode))
<BR><BR>[Stack]<UL><LI>Max Depth = 20<LI>Call Chain = DL_Timer_initFourCCPWMMode
</UL>
<BR>[Called By]<UL><LI><a href="#[92]">&gt;&gt;</a>&nbsp;&nbsp;&nbsp;SYSCFG_DL_PWM_init
</UL>

<P><STRONG><a name="[8b]"></a>DL_Timer_initTimerMode</STRONG> (Thumb, 240 bytes, Stack size 16 bytes, dl_timer.o(.text.DL_Timer_initTimerMode))
<BR><BR>[Stack]<UL><LI>Max Depth = 16<LI>Call Chain = DL_Timer_initTimerMode
</UL>
<BR>[Called By]<UL><LI><a href="#[a0]">&gt;&gt;</a>&nbsp;&nbsp;&nbsp;SYSCFG_DL_TIME_End_init
<LI><a href="#[98]">&gt;&gt;</a>&nbsp;&nbsp;&nbsp;SYSCFG_DL_Pid_Time_init
<LI><a href="#[89]">&gt;&gt;</a>&nbsp;&nbsp;&nbsp;SYSCFG_DL_Huidu_Time_init
</UL>

<P><STRONG><a name="[95]"></a>DL_Timer_setCaptCompUpdateMethod</STRONG> (Thumb, 28 bytes, Stack size 8 bytes, dl_timer.o(.text.DL_Timer_setCaptCompUpdateMethod))
<BR><BR>[Stack]<UL><LI>Max Depth = 8<LI>Call Chain = DL_Timer_setCaptCompUpdateMethod
</UL>
<BR>[Called By]<UL><LI><a href="#[92]">&gt;&gt;</a>&nbsp;&nbsp;&nbsp;SYSCFG_DL_PWM_init
</UL>

<P><STRONG><a name="[94]"></a>DL_Timer_setCaptureCompareOutCtl</STRONG> (Thumb, 24 bytes, Stack size 8 bytes, dl_timer.o(.text.DL_Timer_setCaptureCompareOutCtl))
<BR><BR>[Stack]<UL><LI>Max Depth = 8<LI>Call Chain = DL_Timer_setCaptureCompareOutCtl
</UL>
<BR>[Called By]<UL><LI><a href="#[92]">&gt;&gt;</a>&nbsp;&nbsp;&nbsp;SYSCFG_DL_PWM_init
</UL>

<P><STRONG><a name="[96]"></a>DL_Timer_setCaptureCompareValue</STRONG> (Thumb, 16 bytes, Stack size 0 bytes, dl_timer.o(.text.DL_Timer_setCaptureCompareValue))
<BR><BR>[Called By]<UL><LI><a href="#[59]">&gt;&gt;</a>&nbsp;&nbsp;&nbsp;motorB_duty
<LI><a href="#[58]">&gt;&gt;</a>&nbsp;&nbsp;&nbsp;motorA_duty
<LI><a href="#[92]">&gt;&gt;</a>&nbsp;&nbsp;&nbsp;SYSCFG_DL_PWM_init
</UL>

<P><STRONG><a name="[8a]"></a>DL_Timer_setClockConfig</STRONG> (Thumb, 28 bytes, Stack size 8 bytes, dl_timer.o(.text.DL_Timer_setClockConfig))
<BR><BR>[Stack]<UL><LI>Max Depth = 8<LI>Call Chain = DL_Timer_setClockConfig
</UL>
<BR>[Called By]<UL><LI><a href="#[a0]">&gt;&gt;</a>&nbsp;&nbsp;&nbsp;SYSCFG_DL_TIME_End_init
<LI><a href="#[98]">&gt;&gt;</a>&nbsp;&nbsp;&nbsp;SYSCFG_DL_Pid_Time_init
<LI><a href="#[92]">&gt;&gt;</a>&nbsp;&nbsp;&nbsp;SYSCFG_DL_PWM_init
<LI><a href="#[89]">&gt;&gt;</a>&nbsp;&nbsp;&nbsp;SYSCFG_DL_Huidu_Time_init
</UL>

<P><STRONG><a name="[7]"></a>GROUP1_IRQHandler</STRONG> (Thumb, 284 bytes, Stack size 40 bytes, encoder.o(.text.GROUP1_IRQHandler))
<BR><BR>[Stack]<UL><LI>Max Depth = 40<LI>Call Chain = GROUP1_IRQHandler
</UL>
<BR>[Calls]<UL><LI><a href="#[4f]">&gt;&gt;</a>&nbsp;&nbsp;&nbsp;DL_GPIO_readPins
<LI><a href="#[4e]">&gt;&gt;</a>&nbsp;&nbsp;&nbsp;DL_GPIO_getEnabledInterruptStatus
<LI><a href="#[50]">&gt;&gt;</a>&nbsp;&nbsp;&nbsp;DL_GPIO_clearInterruptStatus
</UL>
<BR>[Address Reference Count : 1]<UL><LI> startup_mspm0g350x_uvision.o(RESET)
</UL>
<P><STRONG><a name="[62]"></a>GetDigital</STRONG> (Thumb, 40 bytes, Stack size 16 bytes, no_mcu_ganv_grayscale_sensor.o(.text.GetDigital))
<BR><BR>[Stack]<UL><LI>Max Depth = 16<LI>Call Chain = GetDigital
</UL>
<BR>[Called By]<UL><LI><a href="#[60]">&gt;&gt;</a>&nbsp;&nbsp;&nbsp;No_Mcu_Ganv_Sensor_Task_Without_tick
</UL>

<P><STRONG><a name="[51]"></a>Get_Analog_value</STRONG> (Thumb, 144 bytes, Stack size 40 bytes, no_mcu_ganv_grayscale_sensor.o(.text.Get_Analog_value))
<BR><BR>[Stack]<UL><LI>Max Depth = 48<LI>Call Chain = Get_Analog_value &rArr; adc_getValue
</UL>
<BR>[Calls]<UL><LI><a href="#[54]">&gt;&gt;</a>&nbsp;&nbsp;&nbsp;adc_getValue
<LI><a href="#[52]">&gt;&gt;</a>&nbsp;&nbsp;&nbsp;DL_GPIO_setPins
<LI><a href="#[53]">&gt;&gt;</a>&nbsp;&nbsp;&nbsp;DL_GPIO_clearPins
</UL>
<BR>[Called By]<UL><LI><a href="#[60]">&gt;&gt;</a>&nbsp;&nbsp;&nbsp;No_Mcu_Ganv_Sensor_Task_Without_tick
</UL>

<P><STRONG><a name="[55]"></a>Key_Scan</STRONG> (Thumb, 184 bytes, Stack size 16 bytes, empty.o(.text.Key_Scan))
<BR><BR>[Stack]<UL><LI>Max Depth = 32<LI>Call Chain = Key_Scan &rArr; motorB_duty
</UL>
<BR>[Calls]<UL><LI><a href="#[59]">&gt;&gt;</a>&nbsp;&nbsp;&nbsp;motorB_duty
<LI><a href="#[58]">&gt;&gt;</a>&nbsp;&nbsp;&nbsp;motorA_duty
<LI><a href="#[56]">&gt;&gt;</a>&nbsp;&nbsp;&nbsp;DL_GPIO_readPins
<LI><a href="#[57]">&gt;&gt;</a>&nbsp;&nbsp;&nbsp;__aeabi_uidivmod
</UL>
<BR>[Called By]<UL><LI><a href="#[17]">&gt;&gt;</a>&nbsp;&nbsp;&nbsp;TIMG7_IRQHandler
</UL>

<P><STRONG><a name="[5a]"></a>No_MCU_Ganv_Sensor_Init</STRONG> (Thumb, 232 bytes, Stack size 56 bytes, no_mcu_ganv_grayscale_sensor.o(.text.No_MCU_Ganv_Sensor_Init))
<BR><BR>[Stack]<UL><LI>Max Depth = 120<LI>Call Chain = No_MCU_Ganv_Sensor_Init &rArr; __aeabi_ddiv
</UL>
<BR>[Calls]<UL><LI><a href="#[5b]">&gt;&gt;</a>&nbsp;&nbsp;&nbsp;No_MCU_Ganv_Sensor_Init_Frist
<LI><a href="#[3e]">&gt;&gt;</a>&nbsp;&nbsp;&nbsp;__aeabi_ui2d
<LI><a href="#[5e]">&gt;&gt;</a>&nbsp;&nbsp;&nbsp;__aeabi_ddiv
<LI><a href="#[5d]">&gt;&gt;</a>&nbsp;&nbsp;&nbsp;__aeabi_dsub
<LI><a href="#[5c]">&gt;&gt;</a>&nbsp;&nbsp;&nbsp;__aeabi_uidiv
</UL>
<BR>[Called By]<UL><LI><a href="#[28]">&gt;&gt;</a>&nbsp;&nbsp;&nbsp;main
</UL>

<P><STRONG><a name="[5b]"></a>No_MCU_Ganv_Sensor_Init_Frist</STRONG> (Thumb, 30 bytes, Stack size 16 bytes, no_mcu_ganv_grayscale_sensor.o(.text.No_MCU_Ganv_Sensor_Init_Frist))
<BR><BR>[Stack]<UL><LI>Max Depth = 16<LI>Call Chain = No_MCU_Ganv_Sensor_Init_Frist
</UL>
<BR>[Calls]<UL><LI><a href="#[5f]">&gt;&gt;</a>&nbsp;&nbsp;&nbsp;__aeabi_memclr8
</UL>
<BR>[Called By]<UL><LI><a href="#[5a]">&gt;&gt;</a>&nbsp;&nbsp;&nbsp;No_MCU_Ganv_Sensor_Init
</UL>

<P><STRONG><a name="[60]"></a>No_Mcu_Ganv_Sensor_Task_Without_tick</STRONG> (Thumb, 82 bytes, Stack size 32 bytes, no_mcu_ganv_grayscale_sensor.o(.text.No_Mcu_Ganv_Sensor_Task_Without_tick))
<BR><BR>[Stack]<UL><LI>Max Depth = 136<LI>Call Chain = No_Mcu_Ganv_Sensor_Task_Without_tick &rArr; normalizeAnalogValues &rArr; __aeabi_dmul
</UL>
<BR>[Calls]<UL><LI><a href="#[63]">&gt;&gt;</a>&nbsp;&nbsp;&nbsp;normalizeAnalogValues
<LI><a href="#[61]">&gt;&gt;</a>&nbsp;&nbsp;&nbsp;convertAnalogToDigital
<LI><a href="#[51]">&gt;&gt;</a>&nbsp;&nbsp;&nbsp;Get_Analog_value
<LI><a href="#[62]">&gt;&gt;</a>&nbsp;&nbsp;&nbsp;GetDigital
</UL>
<BR>[Called By]<UL><LI><a href="#[28]">&gt;&gt;</a>&nbsp;&nbsp;&nbsp;main
</UL>

<P><STRONG><a name="[64]"></a>OLED_Clear</STRONG> (Thumb, 44 bytes, Stack size 24 bytes, oled.o(.text.OLED_Clear))
<BR><BR>[Stack]<UL><LI>Max Depth = 64<LI>Call Chain = OLED_Clear &rArr; OLED_SetCursor &rArr; OLED_WriteCommand &rArr; OLED_I2C_SendByte &rArr; OLED_W_SDA
</UL>
<BR>[Calls]<UL><LI><a href="#[66]">&gt;&gt;</a>&nbsp;&nbsp;&nbsp;OLED_WriteData
<LI><a href="#[65]">&gt;&gt;</a>&nbsp;&nbsp;&nbsp;OLED_SetCursor
</UL>
<BR>[Called By]<UL><LI><a href="#[6d]">&gt;&gt;</a>&nbsp;&nbsp;&nbsp;OLED_Init
</UL>

<P><STRONG><a name="[67]"></a>OLED_I2C_Init</STRONG> (Thumb, 18 bytes, Stack size 8 bytes, oled.o(.text.OLED_I2C_Init))
<BR><BR>[Stack]<UL><LI>Max Depth = 16<LI>Call Chain = OLED_I2C_Init &rArr; OLED_W_SDA
</UL>
<BR>[Calls]<UL><LI><a href="#[69]">&gt;&gt;</a>&nbsp;&nbsp;&nbsp;OLED_W_SDA
<LI><a href="#[68]">&gt;&gt;</a>&nbsp;&nbsp;&nbsp;OLED_W_SCL
</UL>
<BR>[Called By]<UL><LI><a href="#[6d]">&gt;&gt;</a>&nbsp;&nbsp;&nbsp;OLED_Init
</UL>

<P><STRONG><a name="[6a]"></a>OLED_I2C_SendByte</STRONG> (Thumb, 50 bytes, Stack size 16 bytes, oled.o(.text.OLED_I2C_SendByte))
<BR><BR>[Stack]<UL><LI>Max Depth = 24<LI>Call Chain = OLED_I2C_SendByte &rArr; OLED_W_SDA
</UL>
<BR>[Calls]<UL><LI><a href="#[69]">&gt;&gt;</a>&nbsp;&nbsp;&nbsp;OLED_W_SDA
<LI><a href="#[68]">&gt;&gt;</a>&nbsp;&nbsp;&nbsp;OLED_W_SCL
</UL>
<BR>[Called By]<UL><LI><a href="#[66]">&gt;&gt;</a>&nbsp;&nbsp;&nbsp;OLED_WriteData
<LI><a href="#[6e]">&gt;&gt;</a>&nbsp;&nbsp;&nbsp;OLED_WriteCommand
</UL>

<P><STRONG><a name="[6b]"></a>OLED_I2C_Start</STRONG> (Thumb, 32 bytes, Stack size 8 bytes, oled.o(.text.OLED_I2C_Start))
<BR><BR>[Stack]<UL><LI>Max Depth = 16<LI>Call Chain = OLED_I2C_Start &rArr; OLED_W_SDA
</UL>
<BR>[Calls]<UL><LI><a href="#[69]">&gt;&gt;</a>&nbsp;&nbsp;&nbsp;OLED_W_SDA
<LI><a href="#[68]">&gt;&gt;</a>&nbsp;&nbsp;&nbsp;OLED_W_SCL
</UL>
<BR>[Called By]<UL><LI><a href="#[66]">&gt;&gt;</a>&nbsp;&nbsp;&nbsp;OLED_WriteData
<LI><a href="#[6e]">&gt;&gt;</a>&nbsp;&nbsp;&nbsp;OLED_WriteCommand
</UL>

<P><STRONG><a name="[6c]"></a>OLED_I2C_Stop</STRONG> (Thumb, 24 bytes, Stack size 8 bytes, oled.o(.text.OLED_I2C_Stop))
<BR><BR>[Stack]<UL><LI>Max Depth = 16<LI>Call Chain = OLED_I2C_Stop &rArr; OLED_W_SDA
</UL>
<BR>[Calls]<UL><LI><a href="#[69]">&gt;&gt;</a>&nbsp;&nbsp;&nbsp;OLED_W_SDA
<LI><a href="#[68]">&gt;&gt;</a>&nbsp;&nbsp;&nbsp;OLED_W_SCL
</UL>
<BR>[Called By]<UL><LI><a href="#[66]">&gt;&gt;</a>&nbsp;&nbsp;&nbsp;OLED_WriteData
<LI><a href="#[6e]">&gt;&gt;</a>&nbsp;&nbsp;&nbsp;OLED_WriteCommand
</UL>

<P><STRONG><a name="[6d]"></a>OLED_Init</STRONG> (Thumb, 150 bytes, Stack size 8 bytes, oled.o(.text.OLED_Init))
<BR><BR>[Stack]<UL><LI>Max Depth = 72<LI>Call Chain = OLED_Init &rArr; OLED_Clear &rArr; OLED_SetCursor &rArr; OLED_WriteCommand &rArr; OLED_I2C_SendByte &rArr; OLED_W_SDA
</UL>
<BR>[Calls]<UL><LI><a href="#[6e]">&gt;&gt;</a>&nbsp;&nbsp;&nbsp;OLED_WriteCommand
<LI><a href="#[67]">&gt;&gt;</a>&nbsp;&nbsp;&nbsp;OLED_I2C_Init
<LI><a href="#[64]">&gt;&gt;</a>&nbsp;&nbsp;&nbsp;OLED_Clear
</UL>
<BR>[Called By]<UL><LI><a href="#[28]">&gt;&gt;</a>&nbsp;&nbsp;&nbsp;main
</UL>

<P><STRONG><a name="[71]"></a>OLED_Pow</STRONG> (Thumb, 20 bytes, Stack size 0 bytes, oled.o(.text.OLED_Pow))
<BR><BR>[Called By]<UL><LI><a href="#[70]">&gt;&gt;</a>&nbsp;&nbsp;&nbsp;OLED_ShowSignedNum
</UL>

<P><STRONG><a name="[65]"></a>OLED_SetCursor</STRONG> (Thumb, 30 bytes, Stack size 8 bytes, oled.o(.text.OLED_SetCursor))
<BR><BR>[Stack]<UL><LI>Max Depth = 40<LI>Call Chain = OLED_SetCursor &rArr; OLED_WriteCommand &rArr; OLED_I2C_SendByte &rArr; OLED_W_SDA
</UL>
<BR>[Calls]<UL><LI><a href="#[6e]">&gt;&gt;</a>&nbsp;&nbsp;&nbsp;OLED_WriteCommand
</UL>
<BR>[Called By]<UL><LI><a href="#[6f]">&gt;&gt;</a>&nbsp;&nbsp;&nbsp;OLED_ShowChar
<LI><a href="#[64]">&gt;&gt;</a>&nbsp;&nbsp;&nbsp;OLED_Clear
</UL>

<P><STRONG><a name="[6f]"></a>OLED_ShowChar</STRONG> (Thumb, 100 bytes, Stack size 24 bytes, oled.o(.text.OLED_ShowChar))
<BR><BR>[Stack]<UL><LI>Max Depth = 64<LI>Call Chain = OLED_ShowChar &rArr; OLED_SetCursor &rArr; OLED_WriteCommand &rArr; OLED_I2C_SendByte &rArr; OLED_W_SDA
</UL>
<BR>[Calls]<UL><LI><a href="#[66]">&gt;&gt;</a>&nbsp;&nbsp;&nbsp;OLED_WriteData
<LI><a href="#[65]">&gt;&gt;</a>&nbsp;&nbsp;&nbsp;OLED_SetCursor
</UL>
<BR>[Called By]<UL><LI><a href="#[72]">&gt;&gt;</a>&nbsp;&nbsp;&nbsp;OLED_ShowString
<LI><a href="#[70]">&gt;&gt;</a>&nbsp;&nbsp;&nbsp;OLED_ShowSignedNum
</UL>

<P><STRONG><a name="[70]"></a>OLED_ShowSignedNum</STRONG> (Thumb, 106 bytes, Stack size 32 bytes, oled.o(.text.OLED_ShowSignedNum))
<BR><BR>[Stack]<UL><LI>Max Depth = 96<LI>Call Chain = OLED_ShowSignedNum &rArr; OLED_ShowChar &rArr; OLED_SetCursor &rArr; OLED_WriteCommand &rArr; OLED_I2C_SendByte &rArr; OLED_W_SDA
</UL>
<BR>[Calls]<UL><LI><a href="#[6f]">&gt;&gt;</a>&nbsp;&nbsp;&nbsp;OLED_ShowChar
<LI><a href="#[71]">&gt;&gt;</a>&nbsp;&nbsp;&nbsp;OLED_Pow
<LI><a href="#[5c]">&gt;&gt;</a>&nbsp;&nbsp;&nbsp;__aeabi_uidiv
<LI><a href="#[57]">&gt;&gt;</a>&nbsp;&nbsp;&nbsp;__aeabi_uidivmod
</UL>
<BR>[Called By]<UL><LI><a href="#[28]">&gt;&gt;</a>&nbsp;&nbsp;&nbsp;main
</UL>

<P><STRONG><a name="[72]"></a>OLED_ShowString</STRONG> (Thumb, 44 bytes, Stack size 24 bytes, oled.o(.text.OLED_ShowString))
<BR><BR>[Stack]<UL><LI>Max Depth = 88<LI>Call Chain = OLED_ShowString &rArr; OLED_ShowChar &rArr; OLED_SetCursor &rArr; OLED_WriteCommand &rArr; OLED_I2C_SendByte &rArr; OLED_W_SDA
</UL>
<BR>[Calls]<UL><LI><a href="#[6f]">&gt;&gt;</a>&nbsp;&nbsp;&nbsp;OLED_ShowChar
</UL>
<BR>[Called By]<UL><LI><a href="#[28]">&gt;&gt;</a>&nbsp;&nbsp;&nbsp;main
</UL>

<P><STRONG><a name="[68]"></a>OLED_W_SCL</STRONG> (Thumb, 30 bytes, Stack size 8 bytes, oled.o(.text.OLED_W_SCL))
<BR><BR>[Stack]<UL><LI>Max Depth = 8<LI>Call Chain = OLED_W_SCL
</UL>
<BR>[Calls]<UL><LI><a href="#[73]">&gt;&gt;</a>&nbsp;&nbsp;&nbsp;DL_GPIO_setPins
<LI><a href="#[74]">&gt;&gt;</a>&nbsp;&nbsp;&nbsp;DL_GPIO_clearPins
<LI><a href="#[75]">&gt;&gt;</a>&nbsp;&nbsp;&nbsp;DL_Common_delayCycles
</UL>
<BR>[Called By]<UL><LI><a href="#[6c]">&gt;&gt;</a>&nbsp;&nbsp;&nbsp;OLED_I2C_Stop
<LI><a href="#[6b]">&gt;&gt;</a>&nbsp;&nbsp;&nbsp;OLED_I2C_Start
<LI><a href="#[6a]">&gt;&gt;</a>&nbsp;&nbsp;&nbsp;OLED_I2C_SendByte
<LI><a href="#[67]">&gt;&gt;</a>&nbsp;&nbsp;&nbsp;OLED_I2C_Init
</UL>

<P><STRONG><a name="[69]"></a>OLED_W_SDA</STRONG> (Thumb, 30 bytes, Stack size 8 bytes, oled.o(.text.OLED_W_SDA))
<BR><BR>[Stack]<UL><LI>Max Depth = 8<LI>Call Chain = OLED_W_SDA
</UL>
<BR>[Calls]<UL><LI><a href="#[73]">&gt;&gt;</a>&nbsp;&nbsp;&nbsp;DL_GPIO_setPins
<LI><a href="#[74]">&gt;&gt;</a>&nbsp;&nbsp;&nbsp;DL_GPIO_clearPins
<LI><a href="#[75]">&gt;&gt;</a>&nbsp;&nbsp;&nbsp;DL_Common_delayCycles
</UL>
<BR>[Called By]<UL><LI><a href="#[6c]">&gt;&gt;</a>&nbsp;&nbsp;&nbsp;OLED_I2C_Stop
<LI><a href="#[6b]">&gt;&gt;</a>&nbsp;&nbsp;&nbsp;OLED_I2C_Start
<LI><a href="#[6a]">&gt;&gt;</a>&nbsp;&nbsp;&nbsp;OLED_I2C_SendByte
<LI><a href="#[67]">&gt;&gt;</a>&nbsp;&nbsp;&nbsp;OLED_I2C_Init
</UL>

<P><STRONG><a name="[6e]"></a>OLED_WriteCommand</STRONG> (Thumb, 32 bytes, Stack size 8 bytes, oled.o(.text.OLED_WriteCommand))
<BR><BR>[Stack]<UL><LI>Max Depth = 32<LI>Call Chain = OLED_WriteCommand &rArr; OLED_I2C_SendByte &rArr; OLED_W_SDA
</UL>
<BR>[Calls]<UL><LI><a href="#[6c]">&gt;&gt;</a>&nbsp;&nbsp;&nbsp;OLED_I2C_Stop
<LI><a href="#[6b]">&gt;&gt;</a>&nbsp;&nbsp;&nbsp;OLED_I2C_Start
<LI><a href="#[6a]">&gt;&gt;</a>&nbsp;&nbsp;&nbsp;OLED_I2C_SendByte
</UL>
<BR>[Called By]<UL><LI><a href="#[6d]">&gt;&gt;</a>&nbsp;&nbsp;&nbsp;OLED_Init
<LI><a href="#[65]">&gt;&gt;</a>&nbsp;&nbsp;&nbsp;OLED_SetCursor
</UL>

<P><STRONG><a name="[66]"></a>OLED_WriteData</STRONG> (Thumb, 32 bytes, Stack size 8 bytes, oled.o(.text.OLED_WriteData))
<BR><BR>[Stack]<UL><LI>Max Depth = 32<LI>Call Chain = OLED_WriteData &rArr; OLED_I2C_SendByte &rArr; OLED_W_SDA
</UL>
<BR>[Calls]<UL><LI><a href="#[6c]">&gt;&gt;</a>&nbsp;&nbsp;&nbsp;OLED_I2C_Stop
<LI><a href="#[6b]">&gt;&gt;</a>&nbsp;&nbsp;&nbsp;OLED_I2C_Start
<LI><a href="#[6a]">&gt;&gt;</a>&nbsp;&nbsp;&nbsp;OLED_I2C_SendByte
</UL>
<BR>[Called By]<UL><LI><a href="#[6f]">&gt;&gt;</a>&nbsp;&nbsp;&nbsp;OLED_ShowChar
<LI><a href="#[64]">&gt;&gt;</a>&nbsp;&nbsp;&nbsp;OLED_Clear
</UL>

<P><STRONG><a name="[76]"></a>SYSCFG_DL_ADC_VOLTAGE_init</STRONG> (Thumb, 40 bytes, Stack size 8 bytes, ti_msp_dl_config.o(.text.SYSCFG_DL_ADC_VOLTAGE_init))
<BR><BR>[Stack]<UL><LI>Max Depth = 24<LI>Call Chain = SYSCFG_DL_ADC_VOLTAGE_init &rArr; DL_ADC12_setClockConfig
</UL>
<BR>[Calls]<UL><LI><a href="#[77]">&gt;&gt;</a>&nbsp;&nbsp;&nbsp;DL_ADC12_setClockConfig
<LI><a href="#[47]">&gt;&gt;</a>&nbsp;&nbsp;&nbsp;DL_ADC12_setPowerDownMode
<LI><a href="#[79]">&gt;&gt;</a>&nbsp;&nbsp;&nbsp;DL_ADC12_enableConversions
<LI><a href="#[78]">&gt;&gt;</a>&nbsp;&nbsp;&nbsp;DL_ADC12_configConversionMem
</UL>
<BR>[Called By]<UL><LI><a href="#[a1]">&gt;&gt;</a>&nbsp;&nbsp;&nbsp;SYSCFG_DL_init
</UL>

<P><STRONG><a name="[7a]"></a>SYSCFG_DL_GPIO_init</STRONG> (Thumb, 284 bytes, Stack size 24 bytes, ti_msp_dl_config.o(.text.SYSCFG_DL_GPIO_init))
<BR><BR>[Stack]<UL><LI>Max Depth = 24<LI>Call Chain = SYSCFG_DL_GPIO_init
</UL>
<BR>[Calls]<UL><LI><a href="#[83]">&gt;&gt;</a>&nbsp;&nbsp;&nbsp;DL_GPIO_setUpperPinsPolarity
<LI><a href="#[7c]">&gt;&gt;</a>&nbsp;&nbsp;&nbsp;DL_GPIO_initPeripheralOutputFunction
<LI><a href="#[7e]">&gt;&gt;</a>&nbsp;&nbsp;&nbsp;DL_GPIO_initPeripheralInputFunctionFeatures
<LI><a href="#[7b]">&gt;&gt;</a>&nbsp;&nbsp;&nbsp;DL_GPIO_initPeripheralAnalogFunction
<LI><a href="#[80]">&gt;&gt;</a>&nbsp;&nbsp;&nbsp;DL_GPIO_initDigitalOutput
<LI><a href="#[81]">&gt;&gt;</a>&nbsp;&nbsp;&nbsp;DL_GPIO_initDigitalInputFeatures
<LI><a href="#[7d]">&gt;&gt;</a>&nbsp;&nbsp;&nbsp;DL_GPIO_enableOutput
<LI><a href="#[85]">&gt;&gt;</a>&nbsp;&nbsp;&nbsp;DL_GPIO_enableInterrupt
<LI><a href="#[7f]">&gt;&gt;</a>&nbsp;&nbsp;&nbsp;DL_GPIO_enableHiZ
<LI><a href="#[82]">&gt;&gt;</a>&nbsp;&nbsp;&nbsp;DL_GPIO_clearPins
<LI><a href="#[84]">&gt;&gt;</a>&nbsp;&nbsp;&nbsp;DL_GPIO_clearInterruptStatus
</UL>
<BR>[Called By]<UL><LI><a href="#[a1]">&gt;&gt;</a>&nbsp;&nbsp;&nbsp;SYSCFG_DL_init
</UL>

<P><STRONG><a name="[86]"></a>SYSCFG_DL_GRAY_OUT_init</STRONG> (Thumb, 48 bytes, Stack size 8 bytes, ti_msp_dl_config.o(.text.SYSCFG_DL_GRAY_OUT_init))
<BR><BR>[Stack]<UL><LI>Max Depth = 24<LI>Call Chain = SYSCFG_DL_GRAY_OUT_init &rArr; DL_ADC12_setClockConfig
</UL>
<BR>[Calls]<UL><LI><a href="#[77]">&gt;&gt;</a>&nbsp;&nbsp;&nbsp;DL_ADC12_setClockConfig
<LI><a href="#[88]">&gt;&gt;</a>&nbsp;&nbsp;&nbsp;DL_ADC12_setSampleTime1
<LI><a href="#[87]">&gt;&gt;</a>&nbsp;&nbsp;&nbsp;DL_ADC12_setSampleTime0
<LI><a href="#[47]">&gt;&gt;</a>&nbsp;&nbsp;&nbsp;DL_ADC12_setPowerDownMode
<LI><a href="#[79]">&gt;&gt;</a>&nbsp;&nbsp;&nbsp;DL_ADC12_enableConversions
<LI><a href="#[78]">&gt;&gt;</a>&nbsp;&nbsp;&nbsp;DL_ADC12_configConversionMem
</UL>
<BR>[Called By]<UL><LI><a href="#[a1]">&gt;&gt;</a>&nbsp;&nbsp;&nbsp;SYSCFG_DL_init
</UL>

<P><STRONG><a name="[89]"></a>SYSCFG_DL_Huidu_Time_init</STRONG> (Thumb, 52 bytes, Stack size 8 bytes, ti_msp_dl_config.o(.text.SYSCFG_DL_Huidu_Time_init))
<BR><BR>[Stack]<UL><LI>Max Depth = 24<LI>Call Chain = SYSCFG_DL_Huidu_Time_init &rArr; DL_Timer_initTimerMode
</UL>
<BR>[Calls]<UL><LI><a href="#[8a]">&gt;&gt;</a>&nbsp;&nbsp;&nbsp;DL_Timer_setClockConfig
<LI><a href="#[8b]">&gt;&gt;</a>&nbsp;&nbsp;&nbsp;DL_Timer_initTimerMode
<LI><a href="#[8d]">&gt;&gt;</a>&nbsp;&nbsp;&nbsp;__NVIC_SetPriority
<LI><a href="#[8c]">&gt;&gt;</a>&nbsp;&nbsp;&nbsp;DL_Timer_enableInterrupt
<LI><a href="#[8e]">&gt;&gt;</a>&nbsp;&nbsp;&nbsp;DL_Timer_enableClock
</UL>
<BR>[Called By]<UL><LI><a href="#[a1]">&gt;&gt;</a>&nbsp;&nbsp;&nbsp;SYSCFG_DL_init
</UL>

<P><STRONG><a name="[8f]"></a>SYSCFG_DL_I2C_0_init</STRONG> (Thumb, 28 bytes, Stack size 8 bytes, ti_msp_dl_config.o(.text.SYSCFG_DL_I2C_0_init))
<BR><BR>[Stack]<UL><LI>Max Depth = 24<LI>Call Chain = SYSCFG_DL_I2C_0_init &rArr; DL_I2C_setClockConfig
</UL>
<BR>[Calls]<UL><LI><a href="#[90]">&gt;&gt;</a>&nbsp;&nbsp;&nbsp;DL_I2C_setClockConfig
<LI><a href="#[49]">&gt;&gt;</a>&nbsp;&nbsp;&nbsp;DL_I2C_setAnalogGlitchFilterPulseWidth
<LI><a href="#[91]">&gt;&gt;</a>&nbsp;&nbsp;&nbsp;DL_I2C_enableAnalogGlitchFilter
</UL>
<BR>[Called By]<UL><LI><a href="#[a1]">&gt;&gt;</a>&nbsp;&nbsp;&nbsp;SYSCFG_DL_init
</UL>

<P><STRONG><a name="[92]"></a>SYSCFG_DL_PWM_init</STRONG> (Thumb, 124 bytes, Stack size 24 bytes, ti_msp_dl_config.o(.text.SYSCFG_DL_PWM_init))
<BR><BR>[Stack]<UL><LI>Max Depth = 44<LI>Call Chain = SYSCFG_DL_PWM_init &rArr; DL_Timer_initFourCCPWMMode
</UL>
<BR>[Calls]<UL><LI><a href="#[8a]">&gt;&gt;</a>&nbsp;&nbsp;&nbsp;DL_Timer_setClockConfig
<LI><a href="#[96]">&gt;&gt;</a>&nbsp;&nbsp;&nbsp;DL_Timer_setCaptureCompareValue
<LI><a href="#[94]">&gt;&gt;</a>&nbsp;&nbsp;&nbsp;DL_Timer_setCaptureCompareOutCtl
<LI><a href="#[95]">&gt;&gt;</a>&nbsp;&nbsp;&nbsp;DL_Timer_setCaptCompUpdateMethod
<LI><a href="#[93]">&gt;&gt;</a>&nbsp;&nbsp;&nbsp;DL_Timer_initFourCCPWMMode
<LI><a href="#[4d]">&gt;&gt;</a>&nbsp;&nbsp;&nbsp;DL_Timer_setCounterControl
<LI><a href="#[97]">&gt;&gt;</a>&nbsp;&nbsp;&nbsp;DL_Timer_setCCPDirection
<LI><a href="#[8e]">&gt;&gt;</a>&nbsp;&nbsp;&nbsp;DL_Timer_enableClock
</UL>
<BR>[Called By]<UL><LI><a href="#[a1]">&gt;&gt;</a>&nbsp;&nbsp;&nbsp;SYSCFG_DL_init
</UL>

<P><STRONG><a name="[98]"></a>SYSCFG_DL_Pid_Time_init</STRONG> (Thumb, 52 bytes, Stack size 8 bytes, ti_msp_dl_config.o(.text.SYSCFG_DL_Pid_Time_init))
<BR><BR>[Stack]<UL><LI>Max Depth = 24<LI>Call Chain = SYSCFG_DL_Pid_Time_init &rArr; DL_Timer_initTimerMode
</UL>
<BR>[Calls]<UL><LI><a href="#[8a]">&gt;&gt;</a>&nbsp;&nbsp;&nbsp;DL_Timer_setClockConfig
<LI><a href="#[8b]">&gt;&gt;</a>&nbsp;&nbsp;&nbsp;DL_Timer_initTimerMode
<LI><a href="#[8d]">&gt;&gt;</a>&nbsp;&nbsp;&nbsp;__NVIC_SetPriority
<LI><a href="#[8c]">&gt;&gt;</a>&nbsp;&nbsp;&nbsp;DL_Timer_enableInterrupt
<LI><a href="#[8e]">&gt;&gt;</a>&nbsp;&nbsp;&nbsp;DL_Timer_enableClock
</UL>
<BR>[Called By]<UL><LI><a href="#[a1]">&gt;&gt;</a>&nbsp;&nbsp;&nbsp;SYSCFG_DL_init
</UL>

<P><STRONG><a name="[99]"></a>SYSCFG_DL_SYSCTL_init</STRONG> (Thumb, 68 bytes, Stack size 8 bytes, ti_msp_dl_config.o(.text.SYSCFG_DL_SYSCTL_init))
<BR><BR>[Stack]<UL><LI>Max Depth = 44<LI>Call Chain = SYSCFG_DL_SYSCTL_init &rArr; DL_SYSCTL_configSYSPLL
</UL>
<BR>[Calls]<UL><LI><a href="#[9f]">&gt;&gt;</a>&nbsp;&nbsp;&nbsp;DL_SYSCTL_switchMCLKfromSYSOSCtoHSCLK
<LI><a href="#[9d]">&gt;&gt;</a>&nbsp;&nbsp;&nbsp;DL_SYSCTL_setHFCLKSourceHFXTParams
<LI><a href="#[9e]">&gt;&gt;</a>&nbsp;&nbsp;&nbsp;DL_SYSCTL_configSYSPLL
<LI><a href="#[8d]">&gt;&gt;</a>&nbsp;&nbsp;&nbsp;__NVIC_SetPriority
<LI><a href="#[4c]">&gt;&gt;</a>&nbsp;&nbsp;&nbsp;DL_SYSCTL_setULPCLKDivider
<LI><a href="#[4b]">&gt;&gt;</a>&nbsp;&nbsp;&nbsp;DL_SYSCTL_setSYSOSCFreq
<LI><a href="#[4a]">&gt;&gt;</a>&nbsp;&nbsp;&nbsp;DL_SYSCTL_setFlashWaitState
<LI><a href="#[9a]">&gt;&gt;</a>&nbsp;&nbsp;&nbsp;DL_SYSCTL_setBORThreshold
<LI><a href="#[9c]">&gt;&gt;</a>&nbsp;&nbsp;&nbsp;DL_SYSCTL_disableSYSPLL
<LI><a href="#[9b]">&gt;&gt;</a>&nbsp;&nbsp;&nbsp;DL_SYSCTL_disableHFXT
</UL>
<BR>[Called By]<UL><LI><a href="#[a1]">&gt;&gt;</a>&nbsp;&nbsp;&nbsp;SYSCFG_DL_init
</UL>

<P><STRONG><a name="[a0]"></a>SYSCFG_DL_TIME_End_init</STRONG> (Thumb, 52 bytes, Stack size 8 bytes, ti_msp_dl_config.o(.text.SYSCFG_DL_TIME_End_init))
<BR><BR>[Stack]<UL><LI>Max Depth = 24<LI>Call Chain = SYSCFG_DL_TIME_End_init &rArr; DL_Timer_initTimerMode
</UL>
<BR>[Calls]<UL><LI><a href="#[8a]">&gt;&gt;</a>&nbsp;&nbsp;&nbsp;DL_Timer_setClockConfig
<LI><a href="#[8b]">&gt;&gt;</a>&nbsp;&nbsp;&nbsp;DL_Timer_initTimerMode
<LI><a href="#[8d]">&gt;&gt;</a>&nbsp;&nbsp;&nbsp;__NVIC_SetPriority
<LI><a href="#[8c]">&gt;&gt;</a>&nbsp;&nbsp;&nbsp;DL_Timer_enableInterrupt
<LI><a href="#[8e]">&gt;&gt;</a>&nbsp;&nbsp;&nbsp;DL_Timer_enableClock
</UL>
<BR>[Called By]<UL><LI><a href="#[a1]">&gt;&gt;</a>&nbsp;&nbsp;&nbsp;SYSCFG_DL_init
</UL>

<P><STRONG><a name="[a1]"></a>SYSCFG_DL_init</STRONG> (Thumb, 64 bytes, Stack size 8 bytes, ti_msp_dl_config.o(.text.SYSCFG_DL_init))
<BR><BR>[Stack]<UL><LI>Max Depth = 52<LI>Call Chain = SYSCFG_DL_init &rArr; SYSCFG_DL_SYSCTL_init &rArr; DL_SYSCTL_configSYSPLL
</UL>
<BR>[Calls]<UL><LI><a href="#[a2]">&gt;&gt;</a>&nbsp;&nbsp;&nbsp;SYSCFG_DL_initPower
<LI><a href="#[a0]">&gt;&gt;</a>&nbsp;&nbsp;&nbsp;SYSCFG_DL_TIME_End_init
<LI><a href="#[99]">&gt;&gt;</a>&nbsp;&nbsp;&nbsp;SYSCFG_DL_SYSCTL_init
<LI><a href="#[98]">&gt;&gt;</a>&nbsp;&nbsp;&nbsp;SYSCFG_DL_Pid_Time_init
<LI><a href="#[92]">&gt;&gt;</a>&nbsp;&nbsp;&nbsp;SYSCFG_DL_PWM_init
<LI><a href="#[8f]">&gt;&gt;</a>&nbsp;&nbsp;&nbsp;SYSCFG_DL_I2C_0_init
<LI><a href="#[89]">&gt;&gt;</a>&nbsp;&nbsp;&nbsp;SYSCFG_DL_Huidu_Time_init
<LI><a href="#[86]">&gt;&gt;</a>&nbsp;&nbsp;&nbsp;SYSCFG_DL_GRAY_OUT_init
<LI><a href="#[7a]">&gt;&gt;</a>&nbsp;&nbsp;&nbsp;SYSCFG_DL_GPIO_init
<LI><a href="#[76]">&gt;&gt;</a>&nbsp;&nbsp;&nbsp;SYSCFG_DL_ADC_VOLTAGE_init
</UL>
<BR>[Called By]<UL><LI><a href="#[28]">&gt;&gt;</a>&nbsp;&nbsp;&nbsp;main
</UL>

<P><STRONG><a name="[a2]"></a>SYSCFG_DL_initPower</STRONG> (Thumb, 156 bytes, Stack size 24 bytes, ti_msp_dl_config.o(.text.SYSCFG_DL_initPower))
<BR><BR>[Stack]<UL><LI>Max Depth = 24<LI>Call Chain = SYSCFG_DL_initPower
</UL>
<BR>[Calls]<UL><LI><a href="#[75]">&gt;&gt;</a>&nbsp;&nbsp;&nbsp;DL_Common_delayCycles
<LI><a href="#[a4]">&gt;&gt;</a>&nbsp;&nbsp;&nbsp;DL_Timer_reset
<LI><a href="#[a8]">&gt;&gt;</a>&nbsp;&nbsp;&nbsp;DL_Timer_enablePower
<LI><a href="#[a5]">&gt;&gt;</a>&nbsp;&nbsp;&nbsp;DL_I2C_reset
<LI><a href="#[a9]">&gt;&gt;</a>&nbsp;&nbsp;&nbsp;DL_I2C_enablePower
<LI><a href="#[a3]">&gt;&gt;</a>&nbsp;&nbsp;&nbsp;DL_GPIO_reset
<LI><a href="#[a7]">&gt;&gt;</a>&nbsp;&nbsp;&nbsp;DL_GPIO_enablePower
<LI><a href="#[a6]">&gt;&gt;</a>&nbsp;&nbsp;&nbsp;DL_ADC12_reset
<LI><a href="#[aa]">&gt;&gt;</a>&nbsp;&nbsp;&nbsp;DL_ADC12_enablePower
</UL>
<BR>[Called By]<UL><LI><a href="#[a1]">&gt;&gt;</a>&nbsp;&nbsp;&nbsp;SYSCFG_DL_init
</UL>

<P><STRONG><a name="[14]"></a>TIMG6_IRQHandler</STRONG> (Thumb, 48 bytes, Stack size 8 bytes, encoder.o(.text.TIMG6_IRQHandler))
<BR><BR>[Stack]<UL><LI>Max Depth = 8<LI>Call Chain = TIMG6_IRQHandler
</UL>
<BR>[Calls]<UL><LI><a href="#[ab]">&gt;&gt;</a>&nbsp;&nbsp;&nbsp;DL_Timer_getPendingInterrupt
</UL>
<BR>[Address Reference Count : 1]<UL><LI> startup_mspm0g350x_uvision.o(RESET)
</UL>
<P><STRONG><a name="[17]"></a>TIMG7_IRQHandler</STRONG> (Thumb, 44 bytes, Stack size 8 bytes, empty.o(.text.TIMG7_IRQHandler))
<BR><BR>[Stack]<UL><LI>Max Depth = 40<LI>Call Chain = TIMG7_IRQHandler &rArr; Key_Scan &rArr; motorB_duty
</UL>
<BR>[Calls]<UL><LI><a href="#[59]">&gt;&gt;</a>&nbsp;&nbsp;&nbsp;motorB_duty
<LI><a href="#[58]">&gt;&gt;</a>&nbsp;&nbsp;&nbsp;motorA_duty
<LI><a href="#[55]">&gt;&gt;</a>&nbsp;&nbsp;&nbsp;Key_Scan
</UL>
<BR>[Address Reference Count : 1]<UL><LI> startup_mspm0g350x_uvision.o(RESET)
</UL>
<P><STRONG><a name="[8]"></a>TIMG8_IRQHandler</STRONG> (Thumb, 36 bytes, Stack size 8 bytes, empty.o(.text.TIMG8_IRQHandler))
<BR><BR>[Stack]<UL><LI>Max Depth = 44<LI>Call Chain = TIMG8_IRQHandler &rArr; pid_control &rArr; pid_cal
</UL>
<BR>[Calls]<UL><LI><a href="#[ac]">&gt;&gt;</a>&nbsp;&nbsp;&nbsp;pid_control
</UL>
<BR>[Address Reference Count : 1]<UL><LI> startup_mspm0g350x_uvision.o(RESET)
</UL>
<P><STRONG><a name="[54]"></a>adc_getValue</STRONG> (Thumb, 32 bytes, Stack size 8 bytes, no_mcu_ganv_grayscale_sensor.o(.text.adc_getValue))
<BR><BR>[Stack]<UL><LI>Max Depth = 8<LI>Call Chain = adc_getValue
</UL>
<BR>[Calls]<UL><LI><a href="#[b0]">&gt;&gt;</a>&nbsp;&nbsp;&nbsp;DL_ADC12_stopConversion
<LI><a href="#[ae]">&gt;&gt;</a>&nbsp;&nbsp;&nbsp;DL_ADC12_startConversion
<LI><a href="#[af]">&gt;&gt;</a>&nbsp;&nbsp;&nbsp;DL_ADC12_getStatus
<LI><a href="#[b2]">&gt;&gt;</a>&nbsp;&nbsp;&nbsp;DL_ADC12_getMemResult
<LI><a href="#[ad]">&gt;&gt;</a>&nbsp;&nbsp;&nbsp;DL_ADC12_enableConversions
<LI><a href="#[b1]">&gt;&gt;</a>&nbsp;&nbsp;&nbsp;DL_ADC12_disableConversions
</UL>
<BR>[Called By]<UL><LI><a href="#[51]">&gt;&gt;</a>&nbsp;&nbsp;&nbsp;Get_Analog_value
</UL>

<P><STRONG><a name="[61]"></a>convertAnalogToDigital</STRONG> (Thumb, 54 bytes, Stack size 16 bytes, no_mcu_ganv_grayscale_sensor.o(.text.convertAnalogToDigital))
<BR><BR>[Stack]<UL><LI>Max Depth = 16<LI>Call Chain = convertAnalogToDigital
</UL>
<BR>[Called By]<UL><LI><a href="#[60]">&gt;&gt;</a>&nbsp;&nbsp;&nbsp;No_Mcu_Ganv_Sensor_Task_Without_tick
</UL>

<P><STRONG><a name="[b3]"></a>encoder_init</STRONG> (Thumb, 30 bytes, Stack size 8 bytes, encoder.o(.text.encoder_init))
<BR><BR>[Stack]<UL><LI>Max Depth = 8<LI>Call Chain = encoder_init
</UL>
<BR>[Calls]<UL><LI><a href="#[b5]">&gt;&gt;</a>&nbsp;&nbsp;&nbsp;__NVIC_EnableIRQ
<LI><a href="#[b4]">&gt;&gt;</a>&nbsp;&nbsp;&nbsp;__NVIC_ClearPendingIRQ
</UL>
<BR>[Called By]<UL><LI><a href="#[28]">&gt;&gt;</a>&nbsp;&nbsp;&nbsp;main
</UL>

<P><STRONG><a name="[28]"></a>main</STRONG> (Thumb, 248 bytes, Stack size 8 bytes, empty.o(.text.main))
<BR><BR>[Stack]<UL><LI>Max Depth = 144<LI>Call Chain = main &rArr; No_Mcu_Ganv_Sensor_Task_Without_tick &rArr; normalizeAnalogValues &rArr; __aeabi_dmul
</UL>
<BR>[Calls]<UL><LI><a href="#[b6]">&gt;&gt;</a>&nbsp;&nbsp;&nbsp;timer_init
<LI><a href="#[b7]">&gt;&gt;</a>&nbsp;&nbsp;&nbsp;pid_init
<LI><a href="#[b3]">&gt;&gt;</a>&nbsp;&nbsp;&nbsp;encoder_init
<LI><a href="#[a1]">&gt;&gt;</a>&nbsp;&nbsp;&nbsp;SYSCFG_DL_init
<LI><a href="#[72]">&gt;&gt;</a>&nbsp;&nbsp;&nbsp;OLED_ShowString
<LI><a href="#[70]">&gt;&gt;</a>&nbsp;&nbsp;&nbsp;OLED_ShowSignedNum
<LI><a href="#[6d]">&gt;&gt;</a>&nbsp;&nbsp;&nbsp;OLED_Init
<LI><a href="#[60]">&gt;&gt;</a>&nbsp;&nbsp;&nbsp;No_Mcu_Ganv_Sensor_Task_Without_tick
<LI><a href="#[5a]">&gt;&gt;</a>&nbsp;&nbsp;&nbsp;No_MCU_Ganv_Sensor_Init
<LI><a href="#[2f]">&gt;&gt;</a>&nbsp;&nbsp;&nbsp;__aeabi_memcpy
</UL>
<BR>[Called By]<UL><LI><a href="#[27]">&gt;&gt;</a>&nbsp;&nbsp;&nbsp;__rt_entry_main
</UL>

<P><STRONG><a name="[58]"></a>motorA_duty</STRONG> (Thumb, 68 bytes, Stack size 16 bytes, motor.o(.text.motorA_duty))
<BR><BR>[Stack]<UL><LI>Max Depth = 16<LI>Call Chain = motorA_duty
</UL>
<BR>[Calls]<UL><LI><a href="#[b8]">&gt;&gt;</a>&nbsp;&nbsp;&nbsp;DL_GPIO_setPins
<LI><a href="#[b9]">&gt;&gt;</a>&nbsp;&nbsp;&nbsp;DL_GPIO_clearPins
<LI><a href="#[96]">&gt;&gt;</a>&nbsp;&nbsp;&nbsp;DL_Timer_setCaptureCompareValue
</UL>
<BR>[Called By]<UL><LI><a href="#[ac]">&gt;&gt;</a>&nbsp;&nbsp;&nbsp;pid_control
<LI><a href="#[17]">&gt;&gt;</a>&nbsp;&nbsp;&nbsp;TIMG7_IRQHandler
<LI><a href="#[55]">&gt;&gt;</a>&nbsp;&nbsp;&nbsp;Key_Scan
</UL>

<P><STRONG><a name="[59]"></a>motorB_duty</STRONG> (Thumb, 72 bytes, Stack size 16 bytes, motor.o(.text.motorB_duty))
<BR><BR>[Stack]<UL><LI>Max Depth = 16<LI>Call Chain = motorB_duty
</UL>
<BR>[Calls]<UL><LI><a href="#[b8]">&gt;&gt;</a>&nbsp;&nbsp;&nbsp;DL_GPIO_setPins
<LI><a href="#[b9]">&gt;&gt;</a>&nbsp;&nbsp;&nbsp;DL_GPIO_clearPins
<LI><a href="#[96]">&gt;&gt;</a>&nbsp;&nbsp;&nbsp;DL_Timer_setCaptureCompareValue
</UL>
<BR>[Called By]<UL><LI><a href="#[ac]">&gt;&gt;</a>&nbsp;&nbsp;&nbsp;pid_control
<LI><a href="#[17]">&gt;&gt;</a>&nbsp;&nbsp;&nbsp;TIMG7_IRQHandler
<LI><a href="#[55]">&gt;&gt;</a>&nbsp;&nbsp;&nbsp;Key_Scan
</UL>

<P><STRONG><a name="[c0]"></a>motor_target_set</STRONG> (Thumb, 12 bytes, Stack size 0 bytes, pid.o(.text.motor_target_set))
<BR><BR>[Called By]<UL><LI><a href="#[bd]">&gt;&gt;</a>&nbsp;&nbsp;&nbsp;track
</UL>

<P><STRONG><a name="[63]"></a>normalizeAnalogValues</STRONG> (Thumb, 110 bytes, Stack size 48 bytes, no_mcu_ganv_grayscale_sensor.o(.text.normalizeAnalogValues))
<BR><BR>[Stack]<UL><LI>Max Depth = 104<LI>Call Chain = normalizeAnalogValues &rArr; __aeabi_dmul
</UL>
<BR>[Calls]<UL><LI><a href="#[bb]">&gt;&gt;</a>&nbsp;&nbsp;&nbsp;__aeabi_dmul
<LI><a href="#[3e]">&gt;&gt;</a>&nbsp;&nbsp;&nbsp;__aeabi_ui2d
<LI><a href="#[3c]">&gt;&gt;</a>&nbsp;&nbsp;&nbsp;__aeabi_i2d
<LI><a href="#[ba]">&gt;&gt;</a>&nbsp;&nbsp;&nbsp;__aeabi_d2iz
<LI><a href="#[bc]">&gt;&gt;</a>&nbsp;&nbsp;&nbsp;__aeabi_dcmpgt
</UL>
<BR>[Called By]<UL><LI><a href="#[60]">&gt;&gt;</a>&nbsp;&nbsp;&nbsp;No_Mcu_Ganv_Sensor_Task_Without_tick
</UL>

<P><STRONG><a name="[be]"></a>pid_cal</STRONG> (Thumb, 98 bytes, Stack size 20 bytes, pid.o(.text.pid_cal))
<BR><BR>[Stack]<UL><LI>Max Depth = 20<LI>Call Chain = pid_cal
</UL>
<BR>[Called By]<UL><LI><a href="#[ac]">&gt;&gt;</a>&nbsp;&nbsp;&nbsp;pid_control
</UL>

<P><STRONG><a name="[ac]"></a>pid_control</STRONG> (Thumb, 56 bytes, Stack size 16 bytes, pid.o(.text.pid_control))
<BR><BR>[Stack]<UL><LI>Max Depth = 36<LI>Call Chain = pid_control &rArr; pid_cal
</UL>
<BR>[Calls]<UL><LI><a href="#[59]">&gt;&gt;</a>&nbsp;&nbsp;&nbsp;motorB_duty
<LI><a href="#[58]">&gt;&gt;</a>&nbsp;&nbsp;&nbsp;motorA_duty
<LI><a href="#[bf]">&gt;&gt;</a>&nbsp;&nbsp;&nbsp;pidout_limit
<LI><a href="#[be]">&gt;&gt;</a>&nbsp;&nbsp;&nbsp;pid_cal
<LI><a href="#[bd]">&gt;&gt;</a>&nbsp;&nbsp;&nbsp;track
</UL>
<BR>[Called By]<UL><LI><a href="#[8]">&gt;&gt;</a>&nbsp;&nbsp;&nbsp;TIMG8_IRQHandler
</UL>

<P><STRONG><a name="[b7]"></a>pid_init</STRONG> (Thumb, 14 bytes, Stack size 8 bytes, pid.o(.text.pid_init))
<BR><BR>[Stack]<UL><LI>Max Depth = 8<LI>Call Chain = pid_init
</UL>
<BR>[Called By]<UL><LI><a href="#[28]">&gt;&gt;</a>&nbsp;&nbsp;&nbsp;main
</UL>

<P><STRONG><a name="[bf]"></a>pidout_limit</STRONG> (Thumb, 36 bytes, Stack size 0 bytes, pid.o(.text.pidout_limit))
<BR><BR>[Called By]<UL><LI><a href="#[ac]">&gt;&gt;</a>&nbsp;&nbsp;&nbsp;pid_control
</UL>

<P><STRONG><a name="[b6]"></a>timer_init</STRONG> (Thumb, 46 bytes, Stack size 8 bytes, encoder.o(.text.timer_init))
<BR><BR>[Stack]<UL><LI>Max Depth = 8<LI>Call Chain = timer_init
</UL>
<BR>[Calls]<UL><LI><a href="#[b5]">&gt;&gt;</a>&nbsp;&nbsp;&nbsp;__NVIC_EnableIRQ
<LI><a href="#[b4]">&gt;&gt;</a>&nbsp;&nbsp;&nbsp;__NVIC_ClearPendingIRQ
</UL>
<BR>[Called By]<UL><LI><a href="#[28]">&gt;&gt;</a>&nbsp;&nbsp;&nbsp;main
</UL>

<P><STRONG><a name="[bd]"></a>track</STRONG> (Thumb, 164 bytes, Stack size 16 bytes, gray_track.o(.text.track))
<BR><BR>[Stack]<UL><LI>Max Depth = 16<LI>Call Chain = track
</UL>
<BR>[Calls]<UL><LI><a href="#[c0]">&gt;&gt;</a>&nbsp;&nbsp;&nbsp;motor_target_set
</UL>
<BR>[Called By]<UL><LI><a href="#[ac]">&gt;&gt;</a>&nbsp;&nbsp;&nbsp;pid_control
</UL>

<P><STRONG><a name="[5c]"></a>__aeabi_uidiv</STRONG> (Thumb, 68 bytes, Stack size 0 bytes, aeabi_sdivfast.o(.text_divfast))
<BR><BR>[Called By]<UL><LI><a href="#[70]">&gt;&gt;</a>&nbsp;&nbsp;&nbsp;OLED_ShowSignedNum
<LI><a href="#[5a]">&gt;&gt;</a>&nbsp;&nbsp;&nbsp;No_MCU_Ganv_Sensor_Init
</UL>

<P><STRONG><a name="[f9]"></a>__aeabi_idiv</STRONG> (Thumb, 434 bytes, Stack size 8 bytes, aeabi_sdivfast.o(.text_divfast), UNUSED)

<P><STRONG><a name="[bc]"></a>__aeabi_dcmpgt</STRONG> (Thumb, 0 bytes, Stack size 8 bytes, dcmp.o(i._dgr))
<BR><BR>[Stack]<UL><LI>Max Depth = 8<LI>Call Chain = __aeabi_dcmpgt
</UL>
<BR>[Called By]<UL><LI><a href="#[63]">&gt;&gt;</a>&nbsp;&nbsp;&nbsp;normalizeAnalogValues
</UL>

<P><STRONG><a name="[c1]"></a>_dgr</STRONG> (Thumb, 22 bytes, Stack size 8 bytes, dcmp.o(i._dgr), UNUSED)
<BR><BR>[Calls]<UL><LI><a href="#[c2]">&gt;&gt;</a>&nbsp;&nbsp;&nbsp;_dcmpge
</UL>

<P><STRONG><a name="[c2]"></a>_dcmpge</STRONG> (Thumb, 94 bytes, Stack size 24 bytes, dgef.o(x$fpl$dgeqf), UNUSED)
<BR><BR>[Calls]<UL><LI><a href="#[3f]">&gt;&gt;</a>&nbsp;&nbsp;&nbsp;__fpl_dcmp_InfNaN
</UL>
<BR>[Called By]<UL><LI><a href="#[c1]">&gt;&gt;</a>&nbsp;&nbsp;&nbsp;_dgr
</UL>
<P>
<H3>
Local Symbols
</H3>
<P><STRONG><a name="[56]"></a>DL_GPIO_readPins</STRONG> (Thumb, 12 bytes, Stack size 0 bytes, empty.o(.text.DL_GPIO_readPins))
<BR><BR>[Called By]<UL><LI><a href="#[55]">&gt;&gt;</a>&nbsp;&nbsp;&nbsp;Key_Scan
</UL>

<P><STRONG><a name="[78]"></a>DL_ADC12_configConversionMem</STRONG> (Thumb, 8 bytes, Stack size 0 bytes, ti_msp_dl_config.o(.text.DL_ADC12_configConversionMem))
<BR><BR>[Called By]<UL><LI><a href="#[86]">&gt;&gt;</a>&nbsp;&nbsp;&nbsp;SYSCFG_DL_GRAY_OUT_init
<LI><a href="#[76]">&gt;&gt;</a>&nbsp;&nbsp;&nbsp;SYSCFG_DL_ADC_VOLTAGE_init
</UL>

<P><STRONG><a name="[79]"></a>DL_ADC12_enableConversions</STRONG> (Thumb, 14 bytes, Stack size 0 bytes, ti_msp_dl_config.o(.text.DL_ADC12_enableConversions))
<BR><BR>[Called By]<UL><LI><a href="#[86]">&gt;&gt;</a>&nbsp;&nbsp;&nbsp;SYSCFG_DL_GRAY_OUT_init
<LI><a href="#[76]">&gt;&gt;</a>&nbsp;&nbsp;&nbsp;SYSCFG_DL_ADC_VOLTAGE_init
</UL>

<P><STRONG><a name="[aa]"></a>DL_ADC12_enablePower</STRONG> (Thumb, 12 bytes, Stack size 0 bytes, ti_msp_dl_config.o(.text.DL_ADC12_enablePower))
<BR><BR>[Called By]<UL><LI><a href="#[a2]">&gt;&gt;</a>&nbsp;&nbsp;&nbsp;SYSCFG_DL_initPower
</UL>

<P><STRONG><a name="[a6]"></a>DL_ADC12_reset</STRONG> (Thumb, 8 bytes, Stack size 0 bytes, ti_msp_dl_config.o(.text.DL_ADC12_reset))
<BR><BR>[Called By]<UL><LI><a href="#[a2]">&gt;&gt;</a>&nbsp;&nbsp;&nbsp;SYSCFG_DL_initPower
</UL>

<P><STRONG><a name="[47]"></a>DL_ADC12_setPowerDownMode</STRONG> (Thumb, 20 bytes, Stack size 8 bytes, ti_msp_dl_config.o(.text.DL_ADC12_setPowerDownMode))
<BR><BR>[Stack]<UL><LI>Max Depth = 8<LI>Call Chain = DL_ADC12_setPowerDownMode
</UL>
<BR>[Calls]<UL><LI><a href="#[48]">&gt;&gt;</a>&nbsp;&nbsp;&nbsp;DL_Common_updateReg
</UL>
<BR>[Called By]<UL><LI><a href="#[86]">&gt;&gt;</a>&nbsp;&nbsp;&nbsp;SYSCFG_DL_GRAY_OUT_init
<LI><a href="#[76]">&gt;&gt;</a>&nbsp;&nbsp;&nbsp;SYSCFG_DL_ADC_VOLTAGE_init
</UL>

<P><STRONG><a name="[87]"></a>DL_ADC12_setSampleTime0</STRONG> (Thumb, 12 bytes, Stack size 0 bytes, ti_msp_dl_config.o(.text.DL_ADC12_setSampleTime0))
<BR><BR>[Called By]<UL><LI><a href="#[86]">&gt;&gt;</a>&nbsp;&nbsp;&nbsp;SYSCFG_DL_GRAY_OUT_init
</UL>

<P><STRONG><a name="[88]"></a>DL_ADC12_setSampleTime1</STRONG> (Thumb, 12 bytes, Stack size 0 bytes, ti_msp_dl_config.o(.text.DL_ADC12_setSampleTime1))
<BR><BR>[Called By]<UL><LI><a href="#[86]">&gt;&gt;</a>&nbsp;&nbsp;&nbsp;SYSCFG_DL_GRAY_OUT_init
</UL>

<P><STRONG><a name="[48]"></a>DL_Common_updateReg</STRONG> (Thumb, 12 bytes, Stack size 0 bytes, ti_msp_dl_config.o(.text.DL_Common_updateReg))
<BR><BR>[Called By]<UL><LI><a href="#[4d]">&gt;&gt;</a>&nbsp;&nbsp;&nbsp;DL_Timer_setCounterControl
<LI><a href="#[4c]">&gt;&gt;</a>&nbsp;&nbsp;&nbsp;DL_SYSCTL_setULPCLKDivider
<LI><a href="#[4b]">&gt;&gt;</a>&nbsp;&nbsp;&nbsp;DL_SYSCTL_setSYSOSCFreq
<LI><a href="#[4a]">&gt;&gt;</a>&nbsp;&nbsp;&nbsp;DL_SYSCTL_setFlashWaitState
<LI><a href="#[49]">&gt;&gt;</a>&nbsp;&nbsp;&nbsp;DL_I2C_setAnalogGlitchFilterPulseWidth
<LI><a href="#[47]">&gt;&gt;</a>&nbsp;&nbsp;&nbsp;DL_ADC12_setPowerDownMode
</UL>

<P><STRONG><a name="[84]"></a>DL_GPIO_clearInterruptStatus</STRONG> (Thumb, 12 bytes, Stack size 0 bytes, ti_msp_dl_config.o(.text.DL_GPIO_clearInterruptStatus))
<BR><BR>[Called By]<UL><LI><a href="#[7a]">&gt;&gt;</a>&nbsp;&nbsp;&nbsp;SYSCFG_DL_GPIO_init
</UL>

<P><STRONG><a name="[82]"></a>DL_GPIO_clearPins</STRONG> (Thumb, 8 bytes, Stack size 0 bytes, ti_msp_dl_config.o(.text.DL_GPIO_clearPins))
<BR><BR>[Called By]<UL><LI><a href="#[7a]">&gt;&gt;</a>&nbsp;&nbsp;&nbsp;SYSCFG_DL_GPIO_init
</UL>

<P><STRONG><a name="[7f]"></a>DL_GPIO_enableHiZ</STRONG> (Thumb, 16 bytes, Stack size 0 bytes, ti_msp_dl_config.o(.text.DL_GPIO_enableHiZ))
<BR><BR>[Called By]<UL><LI><a href="#[7a]">&gt;&gt;</a>&nbsp;&nbsp;&nbsp;SYSCFG_DL_GPIO_init
</UL>

<P><STRONG><a name="[85]"></a>DL_GPIO_enableInterrupt</STRONG> (Thumb, 12 bytes, Stack size 0 bytes, ti_msp_dl_config.o(.text.DL_GPIO_enableInterrupt))
<BR><BR>[Called By]<UL><LI><a href="#[7a]">&gt;&gt;</a>&nbsp;&nbsp;&nbsp;SYSCFG_DL_GPIO_init
</UL>

<P><STRONG><a name="[7d]"></a>DL_GPIO_enableOutput</STRONG> (Thumb, 12 bytes, Stack size 0 bytes, ti_msp_dl_config.o(.text.DL_GPIO_enableOutput))
<BR><BR>[Called By]<UL><LI><a href="#[7a]">&gt;&gt;</a>&nbsp;&nbsp;&nbsp;SYSCFG_DL_GPIO_init
</UL>

<P><STRONG><a name="[a7]"></a>DL_GPIO_enablePower</STRONG> (Thumb, 12 bytes, Stack size 0 bytes, ti_msp_dl_config.o(.text.DL_GPIO_enablePower))
<BR><BR>[Called By]<UL><LI><a href="#[a2]">&gt;&gt;</a>&nbsp;&nbsp;&nbsp;SYSCFG_DL_initPower
</UL>

<P><STRONG><a name="[81]"></a>DL_GPIO_initDigitalInputFeatures</STRONG> (Thumb, 16 bytes, Stack size 0 bytes, ti_msp_dl_config.o(.text.DL_GPIO_initDigitalInputFeatures))
<BR><BR>[Called By]<UL><LI><a href="#[7a]">&gt;&gt;</a>&nbsp;&nbsp;&nbsp;SYSCFG_DL_GPIO_init
</UL>

<P><STRONG><a name="[80]"></a>DL_GPIO_initDigitalOutput</STRONG> (Thumb, 12 bytes, Stack size 0 bytes, ti_msp_dl_config.o(.text.DL_GPIO_initDigitalOutput))
<BR><BR>[Called By]<UL><LI><a href="#[7a]">&gt;&gt;</a>&nbsp;&nbsp;&nbsp;SYSCFG_DL_GPIO_init
</UL>

<P><STRONG><a name="[7b]"></a>DL_GPIO_initPeripheralAnalogFunction</STRONG> (Thumb, 12 bytes, Stack size 0 bytes, ti_msp_dl_config.o(.text.DL_GPIO_initPeripheralAnalogFunction))
<BR><BR>[Called By]<UL><LI><a href="#[7a]">&gt;&gt;</a>&nbsp;&nbsp;&nbsp;SYSCFG_DL_GPIO_init
</UL>

<P><STRONG><a name="[7e]"></a>DL_GPIO_initPeripheralInputFunctionFeatures</STRONG> (Thumb, 16 bytes, Stack size 0 bytes, ti_msp_dl_config.o(.text.DL_GPIO_initPeripheralInputFunctionFeatures))
<BR><BR>[Called By]<UL><LI><a href="#[7a]">&gt;&gt;</a>&nbsp;&nbsp;&nbsp;SYSCFG_DL_GPIO_init
</UL>

<P><STRONG><a name="[7c]"></a>DL_GPIO_initPeripheralOutputFunction</STRONG> (Thumb, 16 bytes, Stack size 0 bytes, ti_msp_dl_config.o(.text.DL_GPIO_initPeripheralOutputFunction))
<BR><BR>[Called By]<UL><LI><a href="#[7a]">&gt;&gt;</a>&nbsp;&nbsp;&nbsp;SYSCFG_DL_GPIO_init
</UL>

<P><STRONG><a name="[a3]"></a>DL_GPIO_reset</STRONG> (Thumb, 12 bytes, Stack size 0 bytes, ti_msp_dl_config.o(.text.DL_GPIO_reset))
<BR><BR>[Called By]<UL><LI><a href="#[a2]">&gt;&gt;</a>&nbsp;&nbsp;&nbsp;SYSCFG_DL_initPower
</UL>

<P><STRONG><a name="[83]"></a>DL_GPIO_setUpperPinsPolarity</STRONG> (Thumb, 12 bytes, Stack size 0 bytes, ti_msp_dl_config.o(.text.DL_GPIO_setUpperPinsPolarity))
<BR><BR>[Called By]<UL><LI><a href="#[7a]">&gt;&gt;</a>&nbsp;&nbsp;&nbsp;SYSCFG_DL_GPIO_init
</UL>

<P><STRONG><a name="[91]"></a>DL_I2C_enableAnalogGlitchFilter</STRONG> (Thumb, 16 bytes, Stack size 0 bytes, ti_msp_dl_config.o(.text.DL_I2C_enableAnalogGlitchFilter))
<BR><BR>[Called By]<UL><LI><a href="#[8f]">&gt;&gt;</a>&nbsp;&nbsp;&nbsp;SYSCFG_DL_I2C_0_init
</UL>

<P><STRONG><a name="[a9]"></a>DL_I2C_enablePower</STRONG> (Thumb, 16 bytes, Stack size 0 bytes, ti_msp_dl_config.o(.text.DL_I2C_enablePower))
<BR><BR>[Called By]<UL><LI><a href="#[a2]">&gt;&gt;</a>&nbsp;&nbsp;&nbsp;SYSCFG_DL_initPower
</UL>

<P><STRONG><a name="[a5]"></a>DL_I2C_reset</STRONG> (Thumb, 16 bytes, Stack size 0 bytes, ti_msp_dl_config.o(.text.DL_I2C_reset))
<BR><BR>[Called By]<UL><LI><a href="#[a2]">&gt;&gt;</a>&nbsp;&nbsp;&nbsp;SYSCFG_DL_initPower
</UL>

<P><STRONG><a name="[49]"></a>DL_I2C_setAnalogGlitchFilterPulseWidth</STRONG> (Thumb, 20 bytes, Stack size 8 bytes, ti_msp_dl_config.o(.text.DL_I2C_setAnalogGlitchFilterPulseWidth))
<BR><BR>[Stack]<UL><LI>Max Depth = 8<LI>Call Chain = DL_I2C_setAnalogGlitchFilterPulseWidth
</UL>
<BR>[Calls]<UL><LI><a href="#[48]">&gt;&gt;</a>&nbsp;&nbsp;&nbsp;DL_Common_updateReg
</UL>
<BR>[Called By]<UL><LI><a href="#[8f]">&gt;&gt;</a>&nbsp;&nbsp;&nbsp;SYSCFG_DL_I2C_0_init
</UL>

<P><STRONG><a name="[9b]"></a>DL_SYSCTL_disableHFXT</STRONG> (Thumb, 12 bytes, Stack size 0 bytes, ti_msp_dl_config.o(.text.DL_SYSCTL_disableHFXT))
<BR><BR>[Called By]<UL><LI><a href="#[99]">&gt;&gt;</a>&nbsp;&nbsp;&nbsp;SYSCFG_DL_SYSCTL_init
</UL>

<P><STRONG><a name="[9c]"></a>DL_SYSCTL_disableSYSPLL</STRONG> (Thumb, 20 bytes, Stack size 0 bytes, ti_msp_dl_config.o(.text.DL_SYSCTL_disableSYSPLL))
<BR><BR>[Called By]<UL><LI><a href="#[99]">&gt;&gt;</a>&nbsp;&nbsp;&nbsp;SYSCFG_DL_SYSCTL_init
</UL>

<P><STRONG><a name="[9a]"></a>DL_SYSCTL_setBORThreshold</STRONG> (Thumb, 12 bytes, Stack size 0 bytes, ti_msp_dl_config.o(.text.DL_SYSCTL_setBORThreshold))
<BR><BR>[Called By]<UL><LI><a href="#[99]">&gt;&gt;</a>&nbsp;&nbsp;&nbsp;SYSCFG_DL_SYSCTL_init
</UL>

<P><STRONG><a name="[4a]"></a>DL_SYSCTL_setFlashWaitState</STRONG> (Thumb, 20 bytes, Stack size 8 bytes, ti_msp_dl_config.o(.text.DL_SYSCTL_setFlashWaitState))
<BR><BR>[Stack]<UL><LI>Max Depth = 8<LI>Call Chain = DL_SYSCTL_setFlashWaitState
</UL>
<BR>[Calls]<UL><LI><a href="#[48]">&gt;&gt;</a>&nbsp;&nbsp;&nbsp;DL_Common_updateReg
</UL>
<BR>[Called By]<UL><LI><a href="#[99]">&gt;&gt;</a>&nbsp;&nbsp;&nbsp;SYSCFG_DL_SYSCTL_init
</UL>

<P><STRONG><a name="[4b]"></a>DL_SYSCTL_setSYSOSCFreq</STRONG> (Thumb, 20 bytes, Stack size 8 bytes, ti_msp_dl_config.o(.text.DL_SYSCTL_setSYSOSCFreq))
<BR><BR>[Stack]<UL><LI>Max Depth = 8<LI>Call Chain = DL_SYSCTL_setSYSOSCFreq
</UL>
<BR>[Calls]<UL><LI><a href="#[48]">&gt;&gt;</a>&nbsp;&nbsp;&nbsp;DL_Common_updateReg
</UL>
<BR>[Called By]<UL><LI><a href="#[99]">&gt;&gt;</a>&nbsp;&nbsp;&nbsp;SYSCFG_DL_SYSCTL_init
</UL>

<P><STRONG><a name="[4c]"></a>DL_SYSCTL_setULPCLKDivider</STRONG> (Thumb, 16 bytes, Stack size 8 bytes, ti_msp_dl_config.o(.text.DL_SYSCTL_setULPCLKDivider))
<BR><BR>[Stack]<UL><LI>Max Depth = 8<LI>Call Chain = DL_SYSCTL_setULPCLKDivider
</UL>
<BR>[Calls]<UL><LI><a href="#[48]">&gt;&gt;</a>&nbsp;&nbsp;&nbsp;DL_Common_updateReg
</UL>
<BR>[Called By]<UL><LI><a href="#[99]">&gt;&gt;</a>&nbsp;&nbsp;&nbsp;SYSCFG_DL_SYSCTL_init
</UL>

<P><STRONG><a name="[8e]"></a>DL_Timer_enableClock</STRONG> (Thumb, 12 bytes, Stack size 0 bytes, ti_msp_dl_config.o(.text.DL_Timer_enableClock))
<BR><BR>[Called By]<UL><LI><a href="#[a0]">&gt;&gt;</a>&nbsp;&nbsp;&nbsp;SYSCFG_DL_TIME_End_init
<LI><a href="#[98]">&gt;&gt;</a>&nbsp;&nbsp;&nbsp;SYSCFG_DL_Pid_Time_init
<LI><a href="#[92]">&gt;&gt;</a>&nbsp;&nbsp;&nbsp;SYSCFG_DL_PWM_init
<LI><a href="#[89]">&gt;&gt;</a>&nbsp;&nbsp;&nbsp;SYSCFG_DL_Huidu_Time_init
</UL>

<P><STRONG><a name="[8c]"></a>DL_Timer_enableInterrupt</STRONG> (Thumb, 16 bytes, Stack size 0 bytes, ti_msp_dl_config.o(.text.DL_Timer_enableInterrupt))
<BR><BR>[Called By]<UL><LI><a href="#[a0]">&gt;&gt;</a>&nbsp;&nbsp;&nbsp;SYSCFG_DL_TIME_End_init
<LI><a href="#[98]">&gt;&gt;</a>&nbsp;&nbsp;&nbsp;SYSCFG_DL_Pid_Time_init
<LI><a href="#[89]">&gt;&gt;</a>&nbsp;&nbsp;&nbsp;SYSCFG_DL_Huidu_Time_init
</UL>

<P><STRONG><a name="[a8]"></a>DL_Timer_enablePower</STRONG> (Thumb, 16 bytes, Stack size 0 bytes, ti_msp_dl_config.o(.text.DL_Timer_enablePower))
<BR><BR>[Called By]<UL><LI><a href="#[a2]">&gt;&gt;</a>&nbsp;&nbsp;&nbsp;SYSCFG_DL_initPower
</UL>

<P><STRONG><a name="[a4]"></a>DL_Timer_reset</STRONG> (Thumb, 16 bytes, Stack size 0 bytes, ti_msp_dl_config.o(.text.DL_Timer_reset))
<BR><BR>[Called By]<UL><LI><a href="#[a2]">&gt;&gt;</a>&nbsp;&nbsp;&nbsp;SYSCFG_DL_initPower
</UL>

<P><STRONG><a name="[97]"></a>DL_Timer_setCCPDirection</STRONG> (Thumb, 12 bytes, Stack size 0 bytes, ti_msp_dl_config.o(.text.DL_Timer_setCCPDirection))
<BR><BR>[Called By]<UL><LI><a href="#[92]">&gt;&gt;</a>&nbsp;&nbsp;&nbsp;SYSCFG_DL_PWM_init
</UL>

<P><STRONG><a name="[4d]"></a>DL_Timer_setCounterControl</STRONG> (Thumb, 24 bytes, Stack size 8 bytes, ti_msp_dl_config.o(.text.DL_Timer_setCounterControl))
<BR><BR>[Stack]<UL><LI>Max Depth = 8<LI>Call Chain = DL_Timer_setCounterControl
</UL>
<BR>[Calls]<UL><LI><a href="#[48]">&gt;&gt;</a>&nbsp;&nbsp;&nbsp;DL_Common_updateReg
</UL>
<BR>[Called By]<UL><LI><a href="#[92]">&gt;&gt;</a>&nbsp;&nbsp;&nbsp;SYSCFG_DL_PWM_init
</UL>

<P><STRONG><a name="[8d]"></a>__NVIC_SetPriority</STRONG> (Thumb, 64 bytes, Stack size 0 bytes, ti_msp_dl_config.o(.text.__NVIC_SetPriority))
<BR><BR>[Called By]<UL><LI><a href="#[a0]">&gt;&gt;</a>&nbsp;&nbsp;&nbsp;SYSCFG_DL_TIME_End_init
<LI><a href="#[99]">&gt;&gt;</a>&nbsp;&nbsp;&nbsp;SYSCFG_DL_SYSCTL_init
<LI><a href="#[98]">&gt;&gt;</a>&nbsp;&nbsp;&nbsp;SYSCFG_DL_Pid_Time_init
<LI><a href="#[89]">&gt;&gt;</a>&nbsp;&nbsp;&nbsp;SYSCFG_DL_Huidu_Time_init
</UL>

<P><STRONG><a name="[74]"></a>DL_GPIO_clearPins</STRONG> (Thumb, 12 bytes, Stack size 0 bytes, oled.o(.text.DL_GPIO_clearPins))
<BR><BR>[Called By]<UL><LI><a href="#[69]">&gt;&gt;</a>&nbsp;&nbsp;&nbsp;OLED_W_SDA
<LI><a href="#[68]">&gt;&gt;</a>&nbsp;&nbsp;&nbsp;OLED_W_SCL
</UL>

<P><STRONG><a name="[73]"></a>DL_GPIO_setPins</STRONG> (Thumb, 12 bytes, Stack size 0 bytes, oled.o(.text.DL_GPIO_setPins))
<BR><BR>[Called By]<UL><LI><a href="#[69]">&gt;&gt;</a>&nbsp;&nbsp;&nbsp;OLED_W_SDA
<LI><a href="#[68]">&gt;&gt;</a>&nbsp;&nbsp;&nbsp;OLED_W_SCL
</UL>

<P><STRONG><a name="[b9]"></a>DL_GPIO_clearPins</STRONG> (Thumb, 12 bytes, Stack size 0 bytes, motor.o(.text.DL_GPIO_clearPins))
<BR><BR>[Called By]<UL><LI><a href="#[59]">&gt;&gt;</a>&nbsp;&nbsp;&nbsp;motorB_duty
<LI><a href="#[58]">&gt;&gt;</a>&nbsp;&nbsp;&nbsp;motorA_duty
</UL>

<P><STRONG><a name="[b8]"></a>DL_GPIO_setPins</STRONG> (Thumb, 12 bytes, Stack size 0 bytes, motor.o(.text.DL_GPIO_setPins))
<BR><BR>[Called By]<UL><LI><a href="#[59]">&gt;&gt;</a>&nbsp;&nbsp;&nbsp;motorB_duty
<LI><a href="#[58]">&gt;&gt;</a>&nbsp;&nbsp;&nbsp;motorA_duty
</UL>

<P><STRONG><a name="[b1]"></a>DL_ADC12_disableConversions</STRONG> (Thumb, 12 bytes, Stack size 0 bytes, no_mcu_ganv_grayscale_sensor.o(.text.DL_ADC12_disableConversions))
<BR><BR>[Called By]<UL><LI><a href="#[54]">&gt;&gt;</a>&nbsp;&nbsp;&nbsp;adc_getValue
</UL>

<P><STRONG><a name="[ad]"></a>DL_ADC12_enableConversions</STRONG> (Thumb, 16 bytes, Stack size 0 bytes, no_mcu_ganv_grayscale_sensor.o(.text.DL_ADC12_enableConversions))
<BR><BR>[Called By]<UL><LI><a href="#[54]">&gt;&gt;</a>&nbsp;&nbsp;&nbsp;adc_getValue
</UL>

<P><STRONG><a name="[b2]"></a>DL_ADC12_getMemResult</STRONG> (Thumb, 12 bytes, Stack size 0 bytes, no_mcu_ganv_grayscale_sensor.o(.text.DL_ADC12_getMemResult))
<BR><BR>[Called By]<UL><LI><a href="#[54]">&gt;&gt;</a>&nbsp;&nbsp;&nbsp;adc_getValue
</UL>

<P><STRONG><a name="[af]"></a>DL_ADC12_getStatus</STRONG> (Thumb, 12 bytes, Stack size 0 bytes, no_mcu_ganv_grayscale_sensor.o(.text.DL_ADC12_getStatus))
<BR><BR>[Called By]<UL><LI><a href="#[54]">&gt;&gt;</a>&nbsp;&nbsp;&nbsp;adc_getValue
</UL>

<P><STRONG><a name="[ae]"></a>DL_ADC12_startConversion</STRONG> (Thumb, 16 bytes, Stack size 0 bytes, no_mcu_ganv_grayscale_sensor.o(.text.DL_ADC12_startConversion))
<BR><BR>[Called By]<UL><LI><a href="#[54]">&gt;&gt;</a>&nbsp;&nbsp;&nbsp;adc_getValue
</UL>

<P><STRONG><a name="[b0]"></a>DL_ADC12_stopConversion</STRONG> (Thumb, 20 bytes, Stack size 0 bytes, no_mcu_ganv_grayscale_sensor.o(.text.DL_ADC12_stopConversion))
<BR><BR>[Called By]<UL><LI><a href="#[54]">&gt;&gt;</a>&nbsp;&nbsp;&nbsp;adc_getValue
</UL>

<P><STRONG><a name="[53]"></a>DL_GPIO_clearPins</STRONG> (Thumb, 8 bytes, Stack size 0 bytes, no_mcu_ganv_grayscale_sensor.o(.text.DL_GPIO_clearPins))
<BR><BR>[Called By]<UL><LI><a href="#[51]">&gt;&gt;</a>&nbsp;&nbsp;&nbsp;Get_Analog_value
</UL>

<P><STRONG><a name="[52]"></a>DL_GPIO_setPins</STRONG> (Thumb, 12 bytes, Stack size 0 bytes, no_mcu_ganv_grayscale_sensor.o(.text.DL_GPIO_setPins))
<BR><BR>[Called By]<UL><LI><a href="#[51]">&gt;&gt;</a>&nbsp;&nbsp;&nbsp;Get_Analog_value
</UL>

<P><STRONG><a name="[50]"></a>DL_GPIO_clearInterruptStatus</STRONG> (Thumb, 16 bytes, Stack size 0 bytes, encoder.o(.text.DL_GPIO_clearInterruptStatus))
<BR><BR>[Called By]<UL><LI><a href="#[7]">&gt;&gt;</a>&nbsp;&nbsp;&nbsp;GROUP1_IRQHandler
</UL>

<P><STRONG><a name="[4e]"></a>DL_GPIO_getEnabledInterruptStatus</STRONG> (Thumb, 12 bytes, Stack size 0 bytes, encoder.o(.text.DL_GPIO_getEnabledInterruptStatus))
<BR><BR>[Called By]<UL><LI><a href="#[7]">&gt;&gt;</a>&nbsp;&nbsp;&nbsp;GROUP1_IRQHandler
</UL>

<P><STRONG><a name="[4f]"></a>DL_GPIO_readPins</STRONG> (Thumb, 10 bytes, Stack size 0 bytes, encoder.o(.text.DL_GPIO_readPins))
<BR><BR>[Called By]<UL><LI><a href="#[7]">&gt;&gt;</a>&nbsp;&nbsp;&nbsp;GROUP1_IRQHandler
</UL>

<P><STRONG><a name="[ab]"></a>DL_Timer_getPendingInterrupt</STRONG> (Thumb, 12 bytes, Stack size 0 bytes, encoder.o(.text.DL_Timer_getPendingInterrupt))
<BR><BR>[Called By]<UL><LI><a href="#[14]">&gt;&gt;</a>&nbsp;&nbsp;&nbsp;TIMG6_IRQHandler
</UL>

<P><STRONG><a name="[b4]"></a>__NVIC_ClearPendingIRQ</STRONG> (Thumb, 24 bytes, Stack size 0 bytes, encoder.o(.text.__NVIC_ClearPendingIRQ))
<BR><BR>[Called By]<UL><LI><a href="#[b6]">&gt;&gt;</a>&nbsp;&nbsp;&nbsp;timer_init
<LI><a href="#[b3]">&gt;&gt;</a>&nbsp;&nbsp;&nbsp;encoder_init
</UL>

<P><STRONG><a name="[b5]"></a>__NVIC_EnableIRQ</STRONG> (Thumb, 24 bytes, Stack size 0 bytes, encoder.o(.text.__NVIC_EnableIRQ))
<BR><BR>[Called By]<UL><LI><a href="#[b6]">&gt;&gt;</a>&nbsp;&nbsp;&nbsp;timer_init
<LI><a href="#[b3]">&gt;&gt;</a>&nbsp;&nbsp;&nbsp;encoder_init
</UL>

<P><STRONG><a name="[37]"></a>_dadd1</STRONG> (Thumb, 290 bytes, Stack size 20 bytes, daddsub.o(.text), UNUSED)
<BR><BR>[Called By]<UL><LI><a href="#[39]">&gt;&gt;</a>&nbsp;&nbsp;&nbsp;_drsb
<LI><a href="#[38]">&gt;&gt;</a>&nbsp;&nbsp;&nbsp;_dsub
<LI><a href="#[35]">&gt;&gt;</a>&nbsp;&nbsp;&nbsp;_dadd
</UL>

<P><STRONG><a name="[36]"></a>_dsub1</STRONG> (Thumb, 470 bytes, Stack size 40 bytes, daddsub.o(.text), UNUSED)
<BR><BR>[Called By]<UL><LI><a href="#[39]">&gt;&gt;</a>&nbsp;&nbsp;&nbsp;_drsb
<LI><a href="#[38]">&gt;&gt;</a>&nbsp;&nbsp;&nbsp;_dsub
<LI><a href="#[35]">&gt;&gt;</a>&nbsp;&nbsp;&nbsp;_dadd
</UL>
<P>
<H3>
Undefined Global Symbols
</H3>
<P><STRONG><a name="[44]"></a>_call_atexit_fns</STRONG> (ARM, 0 bytes, Stack size 0 bytes, UNDEFINED)
<BR><BR>[Called By]<UL><LI><a href="#[29]">&gt;&gt;</a>&nbsp;&nbsp;&nbsp;exit
</UL>
<HR></body></html>
