Component: ARM Compiler 6.14.1 Tool: armlink [5db06d00]

==============================================================================

Section Cross References

    empty.o(.text) refers (Special) to _printf_d.o(.ARM.Collect$$_printf_percent$$00000009) for _printf_d
    empty.o(.text) refers (Special) to _printf_dec.o(.text) for _printf_int_dec
    empty.o(.text) refers (Special) to _printf_percent.o(.ARM.Collect$$_printf_percent$$00000000) for _printf_percent
    empty.o(.text.main) refers (Special) to _printf_d.o(.ARM.Collect$$_printf_percent$$00000009) for _printf_d
    empty.o(.text.main) refers (Special) to _printf_dec.o(.text) for _printf_int_dec
    empty.o(.text.main) refers (Special) to _printf_percent.o(.ARM.Collect$$_printf_percent$$00000000) for _printf_percent
    empty.o(.text.main) refers to encoder.o(.text.timer_init) for timer_init
    empty.o(.text.main) refers to no_mcu_ganv_grayscale_sensor.o(.text.No_MCU_Ganv_Sensor_Init_Frist) for No_MCU_Ganv_Sensor_Init_Frist
    empty.o(.text.main) refers to ti_msp_dl_config.o(.text.SYSCFG_DL_init) for SYSCFG_DL_init
    empty.o(.text.main) refers to encoder.o(.text.encoder_init) for encoder_init
    empty.o(.text.main) refers to pid.o(.text.pid_init) for pid_init
    empty.o(.text.main) refers to oled.o(.text.OLED_Init) for OLED_Init
    empty.o(.text.main) refers to no_mcu_ganv_grayscale_sensor.o(.text.No_Mcu_Ganv_Sensor_Task_Without_tick) for No_Mcu_Ganv_Sensor_Task_Without_tick
    empty.o(.text.main) refers to no_mcu_ganv_grayscale_sensor.o(.text.Get_Anolog_Value) for Get_Anolog_Value
    empty.o(.text.main) refers to noretval__2sprintf.o(.text) for __2sprintf
    empty.o(.text.main) refers to oled.o(.text.OLED_ShowString) for OLED_ShowString
    empty.o(.text.main) refers to empty.o(.bss.sensor) for sensor
    empty.o(.text.main) refers to pid.o(.bss.motorA) for motorA
    empty.o(.text.main) refers to pid.o(.bss.motorB) for motorB
    empty.o(.text.main) refers to empty.o(.bss.Digtal_sign) for Digtal_sign
    empty.o(.text.main) refers to empty.o(.bss.Anolog) for Anolog
    empty.o(.text.main) refers to empty.o(.bss.response) for response
    empty.o(.text.main) refers to empty.o(.rodata.str1.1) for .L.str
    empty.o(.ARM.exidx.text.main) refers (Special) to _printf_d.o(.ARM.Collect$$_printf_percent$$00000009) for _printf_d
    empty.o(.ARM.exidx.text.main) refers (Special) to _printf_dec.o(.text) for _printf_int_dec
    empty.o(.ARM.exidx.text.main) refers (Special) to _printf_percent.o(.ARM.Collect$$_printf_percent$$00000000) for _printf_percent
    empty.o(.ARM.exidx.text.main) refers to empty.o(.text.main) for [Anonymous Symbol]
    empty.o(.text.TIMG8_IRQHandler) refers (Special) to _printf_d.o(.ARM.Collect$$_printf_percent$$00000009) for _printf_d
    empty.o(.text.TIMG8_IRQHandler) refers (Special) to _printf_dec.o(.text) for _printf_int_dec
    empty.o(.text.TIMG8_IRQHandler) refers (Special) to _printf_percent.o(.ARM.Collect$$_printf_percent$$00000000) for _printf_percent
    empty.o(.text.TIMG8_IRQHandler) refers to no_mcu_ganv_grayscale_sensor.o(.text.No_Mcu_Ganv_Sensor_Task_Without_tick) for No_Mcu_Ganv_Sensor_Task_Without_tick
    empty.o(.text.TIMG8_IRQHandler) refers to no_mcu_ganv_grayscale_sensor.o(.text.Get_Digtal_For_User) for Get_Digtal_For_User
    empty.o(.text.TIMG8_IRQHandler) refers to pid.o(.text.pid_control) for pid_control
    empty.o(.text.TIMG8_IRQHandler) refers to empty.o(.bss.sensor) for sensor
    empty.o(.text.TIMG8_IRQHandler) refers to empty.o(.bss.Digtal_sign) for Digtal_sign
    empty.o(.text.TIMG8_IRQHandler) refers to empty.o(.bss.Digtal) for Digtal
    empty.o(.text.TIMG8_IRQHandler) refers to empty.o(.bss.flag1) for flag1
    empty.o(.text.TIMG8_IRQHandler) refers to encoder.o(.bss.Encoder) for Encoder
    empty.o(.text.TIMG8_IRQHandler) refers to pid.o(.bss.motorA) for motorA
    empty.o(.text.TIMG8_IRQHandler) refers to pid.o(.bss.motorB) for motorB
    empty.o(.ARM.exidx.text.TIMG8_IRQHandler) refers (Special) to _printf_d.o(.ARM.Collect$$_printf_percent$$00000009) for _printf_d
    empty.o(.ARM.exidx.text.TIMG8_IRQHandler) refers (Special) to _printf_dec.o(.text) for _printf_int_dec
    empty.o(.ARM.exidx.text.TIMG8_IRQHandler) refers (Special) to _printf_percent.o(.ARM.Collect$$_printf_percent$$00000000) for _printf_percent
    empty.o(.ARM.exidx.text.TIMG8_IRQHandler) refers to empty.o(.text.TIMG8_IRQHandler) for [Anonymous Symbol]
    empty.o(.text.TIMG7_IRQHandler) refers (Special) to _printf_d.o(.ARM.Collect$$_printf_percent$$00000009) for _printf_d
    empty.o(.text.TIMG7_IRQHandler) refers (Special) to _printf_dec.o(.text) for _printf_int_dec
    empty.o(.text.TIMG7_IRQHandler) refers (Special) to _printf_percent.o(.ARM.Collect$$_printf_percent$$00000000) for _printf_percent
    empty.o(.text.TIMG7_IRQHandler) refers to key.o(.text.Key_Scan) for Key_Scan
    empty.o(.text.TIMG7_IRQHandler) refers to empty.o(.bss.flag1) for flag1
[...]
    ../clib/libinit.s                        0x00000000   Number         0  libshutdown.o ABSOLUTE
    ../clib/libinit.s                        0x00000000   Number         0  libshutdown2.o ABSOLUTE
    ../clib/memcpset.c                       0x00000000   Number         0  rt_memcpy.o ABSOLUTE
    ../clib/memcpset.c                       0x00000000   Number         0  rt_memcpy.o ABSOLUTE
    ../clib/memcpset.c                       0x00000000   Number         0  rt_memclr.o ABSOLUTE
    ../clib/printf.c                         0x00000000   Number         0  __2sprintf.o ABSOLUTE
    ../clib/printf.c                         0x00000000   Number         0  noretval__2sprintf.o ABSOLUTE
    ../clib/printf.c                         0x00000000   Number         0  __printf.o ABSOLUTE
    ../clib/printf.c                         0x00000000   Number         0  _printf_dec.o ABSOLUTE
    ../clib/printf.c                         0x00000000   Number         0  __printf_flags.o ABSOLUTE
    ../clib/printf.c                         0x00000000   Number         0  __printf_ss.o ABSOLUTE
    ../clib/printf.c                         0x00000000   Number         0  __printf_flags_ss.o ABSOLUTE
    ../clib/printf.c                         0x00000000   Number         0  __printf_wp.o ABSOLUTE
    ../clib/printf.c                         0x00000000   Number         0  __printf_flags_wp.o ABSOLUTE
    ../clib/printf.c                         0x00000000   Number         0  __printf_ss_wp.o ABSOLUTE
    ../clib/printf.c                         0x00000000   Number         0  __printf_flags_ss_wp.o ABSOLUTE
    ../clib/printf.c                         0x00000000   Number         0  _printf_intcommon.o ABSOLUTE
    ../clib/printf.c                         0x00000000   Number         0  _printf_char_common.o ABSOLUTE
    ../clib/printf.c                         0x00000000   Number         0  _sputc.o ABSOLUTE
    ../clib/printf.c                         0x00000000   Number         0  __printf_nopercent.o ABSOLUTE
    ../clib/printf_percent.s                 0x00000000   Number         0  _printf_d.o ABSOLUTE
    ../clib/printf_percent.s                 0x00000000   Number         0  _printf_percent.o ABSOLUTE
    ../clib/printf_percent.s                 0x00000000   Number         0  _printf_percent_end.o ABSOLUTE
    ../clib/signal.c                         0x00000000   Number         0  defsig_fpe_outer.o ABSOLUTE
    ../clib/signal.c                         0x00000000   Number         0  defsig_fpe_formal.o ABSOLUTE
    ../clib/signal.c                         0x00000000   Number         0  defsig_exit.o ABSOLUTE
    ../clib/signal.c                         0x00000000   Number         0  defsig_fpe_inner.o ABSOLUTE
    ../clib/signal.c                         0x00000000   Number         0  __raise.o ABSOLUTE
    ../clib/signal.c                         0x00000000   Number         0  defsig_general.o ABSOLUTE
    ../clib/signal.c                         0x00000000   Number         0  defsig_abrt_inner.o ABSOLUTE
    ../clib/signal.c                         0x00000000   Number         0  defsig_rtred_inner.o ABSOLUTE
    ../clib/signal.c                         0x00000000   Number         0  defsig_rtmem_inner.o ABSOLUTE
    ../clib/signal.c                         0x00000000   Number         0  defsig_rtmem_outer.o ABSOLUTE
    ../clib/signal.c                         0x00000000   Number         0  defsig_rtmem_formal.o ABSOLUTE
    ../clib/signal.c                         0x00000000   Number         0  defsig_stak_inner.o ABSOLUTE
    ../clib/signal.c                         0x00000000   Number         0  defsig_pvfn_inner.o ABSOLUTE
    ../clib/signal.c                         0x00000000   Number         0  defsig_cppl_inner.o ABSOLUTE
    ../clib/signal.c                         0x00000000   Number         0  defsig_segv_inner.o ABSOLUTE
    ../clib/signal.c                         0x00000000   Number         0  defsig_other.o ABSOLUTE
    ../clib/signal.s                         0x00000000   Number         0  defsig.o ABSOLUTE
    ../clib/stdlib.c                         0x00000000   Number         0  exit.o ABSOLUTE
    ../fplib/cfplib/cmp.c                    0x00000000   Number         0  dcmp.o ABSOLUTE
    ../fplib/cfplib/cmpret.c                 0x00000000   Number         0  cmpret.o ABSOLUTE
    ../fplib/cfplib/daddsub.c                0x00000000   Number         0  daddsub.o ABSOLUTE
    ../fplib/cfplib/dcmpin.c                 0x00000000   Number         0  dcmpin.o ABSOLUTE
    ../fplib/cfplib/ddiv.c                   0x00000000   Number         0  ddiv.o ABSOLUTE
    ../fplib/cfplib/dmul.c                   0x00000000   Number         0  dmul.o ABSOLUTE
    ../fplib/cfplib/ffix.c                   0x00000000   Number         0  dfixi.o ABSOLUTE
    ../fplib/cfplib/fflt.c                   0x00000000   Number         0  dflti.o ABSOLUTE
    ../fplib/cfplib/fpinit.c                 0x00000000   Number         0  fpinit.o ABSOLUTE
    ../fplib/cfplib/nan2.c                   0x00000000   Number         0  dnan2.o ABSOLUTE
    ../fplib/cfplib/retnan.c                 0x00000000   Number         0  retnan.o ABSOLUTE
    ../fplib/deqf6m.s                        0x00000000   Number         0  deqf.o ABSOLUTE
    ../fplib/dgeqf6m.s                       0x00000000   Number         0  dgef.o ABSOLUTE
    ../fplib/dleqf6m.s                       0x00000000   Number         0  dlef.o ABSOLUTE
    ../fplib/usenofp.s                       0x00000000   Number         0  usenofp.o ABSOLUTE
    Encoder.c                                0x00000000   Number         0  encoder.o ABSOLUTE
    No_Mcu_Ganv_Grayscale_Sensor.c           0x00000000   Number         0  no_mcu_ganv_grayscale_sensor.o ABSOLUTE
    OLED.c                                   0x00000000   Number         0  oled.o ABSOLUTE
    dc.s                                     0x00000000   Number         0  dc.o ABSOLUTE
    dl_adc12.c                               0x00000000   Number         0  dl_adc12.o ABSOLUTE
    dl_common.c                              0x00000000   Number         0  dl_common.o ABSOLUTE
    dl_i2c.c                                 0x00000000   Number         0  dl_i2c.o ABSOLUTE
    dl_sysctl_mspm0g1x0x_g3x0x.c             0x00000000   Number         0  dl_sysctl_mspm0g1x0x_g3x0x.o ABSOLUTE
    dl_timer.c                               0x00000000   Number         0  dl_timer.o ABSOLUTE
    empty.c                                  0x00000000   Number         0  empty.o ABSOLUTE
    gray_track.c                             0x00000000   Number         0  gray_track.o ABSOLUTE
    key.c                                    0x00000000   Number         0  key.o ABSOLUTE
    motor.c                                  0x00000000   Number         0  motor.o ABSOLUTE
    pid.c                                    0x00000000   Number         0  pid.o ABSOLUTE
    startup_mspm0g350x_uvision.s             0x00000000   Number         0  startup_mspm0g350x_uvision.o ABSOLUTE
    ti_msp_dl_config.c                       0x00000000   Number         0  ti_msp_dl_config.o ABSOLUTE
    RESET                                    0x00000000   Section      192  startup_mspm0g350x_uvision.o(RESET)
    !!!main                                  0x000000c0   Section        8  __main.o(!!!main)
    !!!scatter                               0x000000c8   Section       60  __scatter.o(!!!scatter)
    !!handler_zi                             0x00000108   Section       28  __scatter_zi.o(!!handler_zi)
    .ARM.Collect$$_printf_percent$$00000000  0x00000124   Section        2  _printf_percent.o(.ARM.Collect$$_printf_percent$$00000000)
    .ARM.Collect$$_printf_percent$$00000009  0x00000126   Section       10  _printf_d.o(.ARM.Collect$$_printf_percent$$00000009)
    .ARM.Collect$$_printf_percent$$00000017  0x00000130   Section        4  _printf_percent_end.o(.ARM.Collect$$_printf_percent$$00000017)
    .ARM.Collect$$libinit$$00000000          0x00000134   Section        2  libinit.o(.ARM.Collect$$libinit$$00000000)
    .ARM.Collect$$libinit$$00000002          0x00000136   Section        0  libinit2.o(.ARM.Collect$$libinit$$00000002)
    .ARM.Collect$$libinit$$00000004          0x00000136   Section        0  libinit2.o(.ARM.Collect$$libinit$$00000004)
    .ARM.Collect$$libinit$$0000000A          0x00000136   Section        0  libinit2.o(.ARM.Collect$$libinit$$0000000A)
    .ARM.Collect$$libinit$$0000000C          0x00000136   Section        0  libinit2.o(.ARM.Collect$$libinit$$0000000C)
    .ARM.Collect$$libinit$$0000000E          0x00000136   Section        0  libinit2.o(.ARM.Collect$$libinit$$0000000E)
    .ARM.Collect$$libinit$$00000011          0x00000136   Section        0  libinit2.o(.ARM.Collect$$libinit$$00000011)
    .ARM.Collect$$libinit$$00000013          0x00000136   Section        0  libinit2.o(.ARM.Collect$$libinit$$00000013)
    .ARM.Collect$$libinit$$00000015          0x00000136   Section        0  libinit2.o(.ARM.Collect$$libinit$$00000015)
    .ARM.Collect$$libinit$$00000017          0x00000136   Section        0  libinit2.o(.ARM.Collect$$libinit$$00000017)
    .ARM.Collect$$libinit$$00000019          0x00000136   Section        0  libinit2.o(.ARM.Collect$$libinit$$00000019)
    .ARM.Collect$$libinit$$0000001B          0x00000136   Section        0  libinit2.o(.ARM.Collect$$libinit$$0000001B)
    .ARM.Collect$$libinit$$0000001D          0x00000136   Section        0  libinit2.o(.ARM.Collect$$libinit$$0000001D)
    .ARM.Collect$$libinit$$0000001F          0x00000136   Section        0  libinit2.o(.ARM.Collect$$libinit$$0000001F)
    .ARM.Collect$$libinit$$00000021          0x00000136   Section        0  libinit2.o(.ARM.Collect$$libinit$$00000021)
    .ARM.Collect$$libinit$$00000023          0x00000136   Section        0  libinit2.o(.ARM.Collect$$libinit$$00000023)
    .ARM.Collect$$libinit$$00000025          0x00000136   Section        0  libinit2.o(.ARM.Collect$$libinit$$00000025)
    .ARM.Collect$$libinit$$0000002C          0x00000136   Section        0  libinit2.o(.ARM.Collect$$libinit$$0000002C)
    .ARM.Collect$$libinit$$0000002E          0x00000136   Section        0  libinit2.o(.ARM.Collect$$libinit$$0000002E)
    .ARM.Collect$$libinit$$00000030          0x00000136   Section        0  libinit2.o(.ARM.Collect$$libinit$$00000030)
    .ARM.Collect$$libinit$$00000032          0x00000136   Section        0  libinit2.o(.ARM.Collect$$libinit$$00000032)
    .ARM.Collect$$libinit$$00000033          0x00000136   Section        2  libinit2.o(.ARM.Collect$$libinit$$00000033)
    .ARM.Collect$$libshutdown$$00000000      0x00000138   Section        2  libshutdown.o(.ARM.Collect$$libshutdown$$00000000)
    .ARM.Collect$$libshutdown$$00000002      0x0000013a   Section        0  libshutdown2.o(.ARM.Collect$$libshutdown$$00000002)
    .ARM.Collect$$libshutdown$$00000004      0x0000013a   Section        0  libshutdown2.o(.ARM.Collect$$libshutdown$$00000004)
    .ARM.Collect$$libshutdown$$00000007      0x0000013a   Section        0  libshutdown2.o(.ARM.Collect$$libshutdown$$00000007)
    .ARM.Collect$$libshutdown$$0000000A      0x0000013a   Section        0  libshutdown2.o(.ARM.Collect$$libshutdown$$0000000A)
    .ARM.Collect$$libshutdown$$0000000C      0x0000013a   Section        0  libshutdown2.o(.ARM.Collect$$libshutdown$$0000000C)
    .ARM.Collect$$libshutdown$$0000000F      0x0000013a   Section        0  libshutdown2.o(.ARM.Collect$$libshutdown$$0000000F)
    .ARM.Collect$$libshutdown$$00000010      0x0000013a   Section        2  libshutdown2.o(.ARM.Collect$$libshutdown$$00000010)
    .ARM.Collect$$rtentry$$00000000          0x0000013c   Section        0  __rtentry.o(.ARM.Collect$$rtentry$$00000000)
    .ARM.Collect$$rtentry$$00000002          0x0000013c   Section        0  __rtentry2.o(.ARM.Collect$$rtentry$$00000002)
    .ARM.Collect$$rtentry$$00000004          0x0000013c   Section        6  __rtentry4.o(.ARM.Collect$$rtentry$$00000004)
    .ARM.Collect$$rtentry$$00000009          0x00000142   Section        0  __rtentry2.o(.ARM.Collect$$rtentry$$00000009)
    .ARM.Collect$$rtentry$$0000000A          0x00000142   Section        4  __rtentry2.o(.ARM.Collect$$rtentry$$0000000A)
    .ARM.Collect$$rtentry$$0000000C          0x00000146   Section        0  __rtentry2.o(.ARM.Collect$$rtentry$$0000000C)
    .ARM.Collect$$rtentry$$0000000D          0x00000146   Section        8  __rtentry2.o(.ARM.Collect$$rtentry$$0000000D)
    .ARM.Collect$$rtexit$$00000000           0x0000014e   Section        2  rtexit.o(.ARM.Collect$$rtexit$$00000000)
    .ARM.Collect$$rtexit$$00000002           0x00000150   Section        0  rtexit2.o(.ARM.Collect$$rtexit$$00000002)
    .ARM.Collect$$rtexit$$00000003           0x00000150   Section        4  rtexit2.o(.ARM.Collect$$rtexit$$00000003)
    .ARM.Collect$$rtexit$$00000004           0x00000154   Section        6  rtexit2.o(.ARM.Collect$$rtexit$$00000004)
    .emb_text                                0x0000015c   Section       56  rt_memcpy.o(.emb_text)
    .text                                    0x00000194   Section       44  startup_mspm0g350x_uvision.o(.text)
    .text                                    0x000001c0   Section        0  noretval__2sprintf.o(.text)
    .text                                    0x000001e8   Section        0  __printf.o(.text)
    .text                                    0x00000254   Section        0  _printf_dec.o(.text)
    .text                                    0x000002c0   Section        0  rt_memcpy.o(.text)
    .text                                    0x00000342   Section        0  rt_memclr.o(.text)
    .text                                    0x00000382   Section        0  heapauxi.o(.text)
    .text                                    0x00000388   Section        0  dfixi.o(.text)
    .text                                    0x000003f4   Section        0  dflti.o(.text)
    .text                                    0x0000044c   Section        0  dmul.o(.text)
    .text                                    0x00000694   Section        0  _printf_intcommon.o(.text)
    _printf_input_char                       0x00000745   Thumb Code    10  _printf_char_common.o(.text)
    .text                                    0x00000744   Section        0  _printf_char_common.o(.text)
    .text                                    0x00000774   Section        0  _sputc.o(.text)
    .text                                    0x0000077e   Section        0  rtudiv10.o(.text)
    .text                                    0x000007a8   Section        0  dcmpin.o(.text)
    .text                                    0x00000848   Section       62  sys_stackheap_outer.o(.text)
    .text                                    0x00000886   Section        0  exit.o(.text)
    .text                                    0x00000896   Section        0  cmpret.o(.text)
    .text                                    0x000008c4   Section        0  dnan2.o(.text)
    .text                                    0x000008d8   Section        8  libspace.o(.text)
    .text                                    0x000008e0   Section        0  retnan.o(.text)
    .text                                    0x00000940   Section        0  sys_exit.o(.text)
    .text                                    0x0000094c   Section        2  use_no_semi.o(.text)
    .text                                    0x0000094e   Section        0  indicate_semi.o(.text)
    [Anonymous Symbol]                       0x00000950   Section        0  dl_adc12.o(.text.DL_ADC12_setClockConfig)
    __arm_cp.0_0                             0x00000988   Number         4  dl_adc12.o(.text.DL_ADC12_setClockConfig)
    __arm_cp.0_1                             0x0000098c   Number         4  dl_adc12.o(.text.DL_ADC12_setClockConfig)
    [Anonymous Symbol]                       0x00000990   Section        0  dl_common.o(.text.DL_Common_delayCycles)
    [Anonymous Symbol]                       0x0000099a   Section        0  dl_i2c.o(.text.DL_I2C_setClockConfig)
    [Anonymous Symbol]                       0x000009c0   Section        0  dl_sysctl_mspm0g1x0x_g3x0x.o(.text.DL_SYSCTL_configSYSPLL)
    __arm_cp.0_0                             0x00000a74   Number         4  dl_sysctl_mspm0g1x0x_g3x0x.o(.text.DL_SYSCTL_configSYSPLL)
    __arm_cp.0_2                             0x00000a78   Number         4  dl_sysctl_mspm0g1x0x_g3x0x.o(.text.DL_SYSCTL_configSYSPLL)
    __arm_cp.0_3                             0x00000a7c   Number         4  dl_sysctl_mspm0g1x0x_g3x0x.o(.text.DL_SYSCTL_configSYSPLL)
    __arm_cp.0_4                             0x00000a80   Number         4  dl_sysctl_mspm0g1x0x_g3x0x.o(.text.DL_SYSCTL_configSYSPLL)
    [Anonymous Symbol]                       0x00000a84   Section        0  dl_sysctl_mspm0g1x0x_g3x0x.o(.text.DL_SYSCTL_setHFCLKSourceHFXTParams)
    __arm_cp.7_0                             0x00000ad0   Number         4  dl_sysctl_mspm0g1x0x_g3x0x.o(.text.DL_SYSCTL_setHFCLKSourceHFXTParams)
    [Anonymous Symbol]                       0x00000ad4   Section        0  dl_sysctl_mspm0g1x0x_g3x0x.o(.text.DL_SYSCTL_switchMCLKfromSYSOSCtoHSCLK)
    __arm_cp.4_0                             0x00000af4   Number         4  dl_sysctl_mspm0g1x0x_g3x0x.o(.text.DL_SYSCTL_switchMCLKfromSYSOSCtoHSCLK)
    __arm_cp.4_1                             0x00000af8   Number         4  dl_sysctl_mspm0g1x0x_g3x0x.o(.text.DL_SYSCTL_switchMCLKfromSYSOSCtoHSCLK)
    [Anonymous Symbol]                       0x00000afc   Section        0  dl_timer.o(.text.DL_Timer_initFourCCPWMMode)
    __arm_cp.40_1                            0x00000bf0   Number         4  dl_timer.o(.text.DL_Timer_initFourCCPWMMode)
    __arm_cp.40_2                            0x00000bf4   Number         4  dl_timer.o(.text.DL_Timer_initFourCCPWMMode)
    __arm_cp.40_4                            0x00000bf8   Number         4  dl_timer.o(.text.DL_Timer_initFourCCPWMMode)
    __arm_cp.40_5                            0x00000bfc   Number         4  dl_timer.o(.text.DL_Timer_initFourCCPWMMode)
    __arm_cp.40_6                            0x00000c00   Number         4  dl_timer.o(.text.DL_Timer_initFourCCPWMMode)
    [Anonymous Symbol]                       0x00000c04   Section        0  dl_timer.o(.text.DL_Timer_initTimerMode)
    __arm_cp.2_0                             0x00000ce4   Number         4  dl_timer.o(.text.DL_Timer_initTimerMode)
    __arm_cp.2_1                             0x00000ce8   Number         4  dl_timer.o(.text.DL_Timer_initTimerMode)
    __arm_cp.2_2                             0x00000cec   Number         4  dl_timer.o(.text.DL_Timer_initTimerMode)
    __arm_cp.2_3                             0x00000cf0   Number         4  dl_timer.o(.text.DL_Timer_initTimerMode)
    [Anonymous Symbol]                       0x00000cf4   Section        0  dl_timer.o(.text.DL_Timer_setCaptCompUpdateMethod)
    __arm_cp.23_0                            0x00000d0c   Number         4  dl_timer.o(.text.DL_Timer_setCaptCompUpdateMethod)
    [Anonymous Symbol]                       0x00000d10   Section        0  dl_timer.o(.text.DL_Timer_setCaptureCompareOutCtl)
    __arm_cp.27_0                            0x00000d24   Number         4  dl_timer.o(.text.DL_Timer_setCaptureCompareOutCtl)
    [Anonymous Symbol]                       0x00000d28   Section        0  dl_timer.o(.text.DL_Timer_setCaptureCompareValue)
    __arm_cp.3_0                             0x00000d34   Number         4  dl_timer.o(.text.DL_Timer_setCaptureCompareValue)
    [Anonymous Symbol]                       0x00000d38   Section        0  dl_timer.o(.text.DL_Timer_setClockConfig)
    __arm_cp.0_0                             0x00000d50   Number         4  dl_timer.o(.text.DL_Timer_setClockConfig)
    [Anonymous Symbol]                       0x00000d54   Section        0  encoder.o(.text.GROUP1_IRQHandler)
    __arm_cp.2_0                             0x00000e34   Number         4  encoder.o(.text.GROUP1_IRQHandler)
    __arm_cp.2_1                             0x00000e38   Number         4  encoder.o(.text.GROUP1_IRQHandler)
    __arm_cp.2_3                             0x00000e3c   Number         4  encoder.o(.text.GROUP1_IRQHandler)
    __arm_cp.2_4                             0x00000e40   Number         4  encoder.o(.text.GROUP1_IRQHandler)
    [Anonymous Symbol]                       0x00000e44   Section        0  no_mcu_ganv_grayscale_sensor.o(.text.GetDigital)
    [Anonymous Symbol]                       0x00000ef8   Section        0  no_mcu_ganv_grayscale_sensor.o(.text.Get_Anolog_Value)
    [Anonymous Symbol]                       0x00000fac   Section        0  no_mcu_ganv_grayscale_sensor.o(.text.Get_Digtal_For_User)
    [Anonymous Symbol]                       0x00000fb4   Section        0  key.o(.text.Key_Scan)
    __arm_cp.3_0                             0x00001088   Number         4  key.o(.text.Key_Scan)
    __arm_cp.3_1                             0x0000108c   Number         4  key.o(.text.Key_Scan)
    __arm_cp.3_2                             0x00001090   Number         4  key.o(.text.Key_Scan)
    __arm_cp.3_3                             0x00001094   Number         4  key.o(.text.Key_Scan)
    __arm_cp.3_4                             0x00001098   Number         4  key.o(.text.Key_Scan)
    __arm_cp.3_5                             0x0000109c   Number         4  key.o(.text.Key_Scan)
    __arm_cp.3_7                             0x000010a0   Number         4  key.o(.text.Key_Scan)
    __arm_cp.3_8                             0x000010a4   Number         4  key.o(.text.Key_Scan)
    __arm_cp.3_9                             0x000010a8   Number         4  key.o(.text.Key_Scan)
    [Anonymous Symbol]                       0x000010ac   Section        0  no_mcu_ganv_grayscale_sensor.o(.text.No_MCU_Ganv_Sensor_Init_Frist)
    [Anonymous Symbol]                       0x000010cc   Section        0  no_mcu_ganv_grayscale_sensor.o(.text.No_Mcu_Ganv_Sensor_Task_Without_tick)
    __arm_cp.7_0                             0x000011b0   Number         4  no_mcu_ganv_grayscale_sensor.o(.text.No_Mcu_Ganv_Sensor_Task_Without_tick)
    __arm_cp.7_1                             0x000011b4   Number         4  no_mcu_ganv_grayscale_sensor.o(.text.No_Mcu_Ganv_Sensor_Task_Without_tick)
    __arm_cp.7_2                             0x000011b8   Number         4  no_mcu_ganv_grayscale_sensor.o(.text.No_Mcu_Ganv_Sensor_Task_Without_tick)
    __arm_cp.7_3                             0x000011bc   Number         4  no_mcu_ganv_grayscale_sensor.o(.text.No_Mcu_Ganv_Sensor_Task_Without_tick)
    __arm_cp.7_4                             0x000011c0   Number         4  no_mcu_ganv_grayscale_sensor.o(.text.No_Mcu_Ganv_Sensor_Task_Without_tick)
    [Anonymous Symbol]                       0x000011c4   Section        0  oled.o(.text.OLED_Clear)
    [Anonymous Symbol]                       0x000012d8   Section        0  oled.o(.text.OLED_Init)
    __arm_cp.17_0                            0x00001384   Number         4  oled.o(.text.OLED_Init)
    [Anonymous Symbol]                       0x00001388   Section        0  oled.o(.text.OLED_ShowChar)
    __arm_cp.10_0                            0x00001444   Number         4  oled.o(.text.OLED_ShowChar)
    __arm_cp.10_1                            0x00001448   Number         4  oled.o(.text.OLED_ShowChar)
    [Anonymous Symbol]                       0x0000144c   Section        0  oled.o(.text.OLED_ShowString)
    [Anonymous Symbol]                       0x00001478   Section        0  oled.o(.text.OLED_WriteCommand)
    [Anonymous Symbol]                       0x00001620   Section        0  oled.o(.text.OLED_WriteData)
    __arm_cp.7_0                             0x00001730   Number         4  oled.o(.text.OLED_WriteData)
    [Anonymous Symbol]                       0x00001734   Section        0  ti_msp_dl_config.o(.text.SYSCFG_DL_ADC_VOLTAGE_init)
    __arm_cp.9_0                             0x00001758   Number         4  ti_msp_dl_config.o(.text.SYSCFG_DL_ADC_VOLTAGE_init)
    __arm_cp.9_1                             0x0000175c   Number         4  ti_msp_dl_config.o(.text.SYSCFG_DL_ADC_VOLTAGE_init)
    __arm_cp.9_2                             0x00001760   Number         4  ti_msp_dl_config.o(.text.SYSCFG_DL_ADC_VOLTAGE_init)
    [Anonymous Symbol]                       0x00001764   Section        0  ti_msp_dl_config.o(.text.SYSCFG_DL_GPIO_init)
    __arm_cp.2_0                             0x00001808   Number         4  ti_msp_dl_config.o(.text.SYSCFG_DL_GPIO_init)
    __arm_cp.2_1                             0x0000180c   Number         4  ti_msp_dl_config.o(.text.SYSCFG_DL_GPIO_init)
    __arm_cp.2_2                             0x00001810   Number         4  ti_msp_dl_config.o(.text.SYSCFG_DL_GPIO_init)
    __arm_cp.2_3                             0x00001814   Number         4  ti_msp_dl_config.o(.text.SYSCFG_DL_GPIO_init)
    __arm_cp.2_4                             0x00001818   Number         4  ti_msp_dl_config.o(.text.SYSCFG_DL_GPIO_init)
    __arm_cp.2_5                             0x0000181c   Number         4  ti_msp_dl_config.o(.text.SYSCFG_DL_GPIO_init)
    __arm_cp.2_6                             0x00001820   Number         4  ti_msp_dl_config.o(.text.SYSCFG_DL_GPIO_init)
    __arm_cp.2_7                             0x00001824   Number         4  ti_msp_dl_config.o(.text.SYSCFG_DL_GPIO_init)
    __arm_cp.2_8                             0x00001828   Number         4  ti_msp_dl_config.o(.text.SYSCFG_DL_GPIO_init)
    __arm_cp.2_9                             0x0000182c   Number         4  ti_msp_dl_config.o(.text.SYSCFG_DL_GPIO_init)
    __arm_cp.2_10                            0x00001830   Number         4  ti_msp_dl_config.o(.text.SYSCFG_DL_GPIO_init)
    [Anonymous Symbol]                       0x00001834   Section        0  ti_msp_dl_config.o(.text.SYSCFG_DL_GRAY_OUT_init)
    __arm_cp.10_0                            0x00001864   Number         4  ti_msp_dl_config.o(.text.SYSCFG_DL_GRAY_OUT_init)
    __arm_cp.10_1                            0x00001868   Number         4  ti_msp_dl_config.o(.text.SYSCFG_DL_GRAY_OUT_init)
    __arm_cp.10_2                            0x0000186c   Number         4  ti_msp_dl_config.o(.text.SYSCFG_DL_GRAY_OUT_init)
    __arm_cp.10_3                            0x00001870   Number         4  ti_msp_dl_config.o(.text.SYSCFG_DL_GRAY_OUT_init)
    __arm_cp.10_4                            0x00001874   Number         4  ti_msp_dl_config.o(.text.SYSCFG_DL_GRAY_OUT_init)
    __arm_cp.10_5                            0x00001878   Number         4  ti_msp_dl_config.o(.text.SYSCFG_DL_GRAY_OUT_init)
    [Anonymous Symbol]                       0x0000187c   Section        0  ti_msp_dl_config.o(.text.SYSCFG_DL_Huidu_Time_init)
    __arm_cp.6_0                             0x000018a0   Number         4  ti_msp_dl_config.o(.text.SYSCFG_DL_Huidu_Time_init)
    __arm_cp.6_1                             0x000018a4   Number         4  ti_msp_dl_config.o(.text.SYSCFG_DL_Huidu_Time_init)
    __arm_cp.6_2                             0x000018a8   Number         4  ti_msp_dl_config.o(.text.SYSCFG_DL_Huidu_Time_init)
    __arm_cp.6_3                             0x000018ac   Number         4  ti_msp_dl_config.o(.text.SYSCFG_DL_Huidu_Time_init)
    __arm_cp.6_4                             0x000018b0   Number         4  ti_msp_dl_config.o(.text.SYSCFG_DL_Huidu_Time_init)
    [Anonymous Symbol]                       0x000018b4   Section        0  ti_msp_dl_config.o(.text.SYSCFG_DL_I2C_0_init)
    __arm_cp.8_0                             0x000018d8   Number         4  ti_msp_dl_config.o(.text.SYSCFG_DL_I2C_0_init)
    __arm_cp.8_1                             0x000018dc   Number         4  ti_msp_dl_config.o(.text.SYSCFG_DL_I2C_0_init)
    __arm_cp.8_2                             0x000018e0   Number         4  ti_msp_dl_config.o(.text.SYSCFG_DL_I2C_0_init)
    [Anonymous Symbol]                       0x000018e4   Section        0  ti_msp_dl_config.o(.text.SYSCFG_DL_PWM_init)
    __arm_cp.4_0                             0x00001958   Number         4  ti_msp_dl_config.o(.text.SYSCFG_DL_PWM_init)
    __arm_cp.4_1                             0x0000195c   Number         4  ti_msp_dl_config.o(.text.SYSCFG_DL_PWM_init)
    __arm_cp.4_2                             0x00001960   Number         4  ti_msp_dl_config.o(.text.SYSCFG_DL_PWM_init)
    __arm_cp.4_3                             0x00001964   Number         4  ti_msp_dl_config.o(.text.SYSCFG_DL_PWM_init)
    __arm_cp.4_4                             0x00001968   Number         4  ti_msp_dl_config.o(.text.SYSCFG_DL_PWM_init)
    __arm_cp.4_5                             0x0000196c   Number         4  ti_msp_dl_config.o(.text.SYSCFG_DL_PWM_init)
    [Anonymous Symbol]                       0x00001970   Section        0  ti_msp_dl_config.o(.text.SYSCFG_DL_Pid_Time_init)
    __arm_cp.7_0                             0x00001994   Number         4  ti_msp_dl_config.o(.text.SYSCFG_DL_Pid_Time_init)
    __arm_cp.7_1                             0x00001998   Number         4  ti_msp_dl_config.o(.text.SYSCFG_DL_Pid_Time_init)
    __arm_cp.7_2                             0x0000199c   Number         4  ti_msp_dl_config.o(.text.SYSCFG_DL_Pid_Time_init)
    __arm_cp.7_3                             0x000019a0   Number         4  ti_msp_dl_config.o(.text.SYSCFG_DL_Pid_Time_init)
    __arm_cp.7_4                             0x000019a4   Number         4  ti_msp_dl_config.o(.text.SYSCFG_DL_Pid_Time_init)
    [Anonymous Symbol]                       0x000019a8   Section        0  ti_msp_dl_config.o(.text.SYSCFG_DL_SYSCTL_init)
    __arm_cp.3_0                             0x00001a10   Number         4  ti_msp_dl_config.o(.text.SYSCFG_DL_SYSCTL_init)
    __arm_cp.3_1                             0x00001a14   Number         4  ti_msp_dl_config.o(.text.SYSCFG_DL_SYSCTL_init)
    __arm_cp.3_2                             0x00001a18   Number         4  ti_msp_dl_config.o(.text.SYSCFG_DL_SYSCTL_init)
    __arm_cp.3_3                             0x00001a1c   Number         4  ti_msp_dl_config.o(.text.SYSCFG_DL_SYSCTL_init)
    [Anonymous Symbol]                       0x00001a20   Section        0  ti_msp_dl_config.o(.text.SYSCFG_DL_TIME_End_init)
    __arm_cp.5_0                             0x00001a44   Number         4  ti_msp_dl_config.o(.text.SYSCFG_DL_TIME_End_init)
    __arm_cp.5_1                             0x00001a48   Number         4  ti_msp_dl_config.o(.text.SYSCFG_DL_TIME_End_init)
    __arm_cp.5_2                             0x00001a4c   Number         4  ti_msp_dl_config.o(.text.SYSCFG_DL_TIME_End_init)
    __arm_cp.5_3                             0x00001a50   Number         4  ti_msp_dl_config.o(.text.SYSCFG_DL_TIME_End_init)
    __arm_cp.5_4                             0x00001a54   Number         4  ti_msp_dl_config.o(.text.SYSCFG_DL_TIME_End_init)
    [Anonymous Symbol]                       0x00001a58   Section        0  ti_msp_dl_config.o(.text.SYSCFG_DL_init)
    __arm_cp.0_0                             0x00001a90   Number         4  ti_msp_dl_config.o(.text.SYSCFG_DL_init)
    __arm_cp.0_1                             0x00001a94   Number         4  ti_msp_dl_config.o(.text.SYSCFG_DL_init)
    [Anonymous Symbol]                       0x00001a98   Section        0  ti_msp_dl_config.o(.text.SYSCFG_DL_initPower)
    __arm_cp.1_0                             0x00001ae8   Number         4  ti_msp_dl_config.o(.text.SYSCFG_DL_initPower)
    __arm_cp.1_1                             0x00001aec   Number         4  ti_msp_dl_config.o(.text.SYSCFG_DL_initPower)
    __arm_cp.1_2                             0x00001af0   Number         4  ti_msp_dl_config.o(.text.SYSCFG_DL_initPower)
    __arm_cp.1_3                             0x00001af4   Number         4  ti_msp_dl_config.o(.text.SYSCFG_DL_initPower)
    __arm_cp.1_4                             0x00001af8   Number         4  ti_msp_dl_config.o(.text.SYSCFG_DL_initPower)
    __arm_cp.1_5                             0x00001afc   Number         4  ti_msp_dl_config.o(.text.SYSCFG_DL_initPower)
    __arm_cp.1_6                             0x00001b00   Number         4  ti_msp_dl_config.o(.text.SYSCFG_DL_initPower)
    __arm_cp.1_7                             0x00001b04   Number         4  ti_msp_dl_config.o(.text.SYSCFG_DL_initPower)
    __arm_cp.1_8                             0x00001b08   Number         4  ti_msp_dl_config.o(.text.SYSCFG_DL_initPower)
    __arm_cp.1_9                             0x00001b0c   Number         4  ti_msp_dl_config.o(.text.SYSCFG_DL_initPower)
    __arm_cp.1_10                            0x00001b10   Number         4  ti_msp_dl_config.o(.text.SYSCFG_DL_initPower)
    [Anonymous Symbol]                       0x00001b14   Section        0  encoder.o(.text.TIMG6_IRQHandler)
    __arm_cp.3_0                             0x00001b1c   Number         4  encoder.o(.text.TIMG6_IRQHandler)
    [Anonymous Symbol]                       0x00001b20   Section        0  empty.o(.text.TIMG7_IRQHandler)
    __arm_cp.2_1                             0x00001b3c   Number         4  empty.o(.text.TIMG7_IRQHandler)
    [Anonymous Symbol]                       0x00001b40   Section        0  empty.o(.text.TIMG8_IRQHandler)
    __arm_cp.1_2                             0x00001b74   Number         4  empty.o(.text.TIMG8_IRQHandler)
    __arm_cp.1_3                             0x00001b78   Number         4  empty.o(.text.TIMG8_IRQHandler)
    __arm_cp.1_4                             0x00001b7c   Number         4  empty.o(.text.TIMG8_IRQHandler)
    [Anonymous Symbol]                       0x00001b80   Section        0  no_mcu_ganv_grayscale_sensor.o(.text.convertAnalogToDigital)
    [Anonymous Symbol]                       0x00001c78   Section        0  encoder.o(.text.encoder_init)
    __arm_cp.0_0                             0x00001c88   Number         4  encoder.o(.text.encoder_init)
    __arm_cp.0_1                             0x00001c8c   Number         4  encoder.o(.text.encoder_init)
    [Anonymous Symbol]                       0x00001c90   Section        0  empty.o(.text.main)
    __arm_cp.0_0                             0x00001d44   Number         4  empty.o(.text.main)
    __arm_cp.0_3                             0x00001d48   Number         4  empty.o(.text.main)
    __arm_cp.0_4                             0x00001d4c   Number         4  empty.o(.text.main)
    __arm_cp.0_5                             0x00001d50   Number         4  empty.o(.text.main)
    __arm_cp.0_6                             0x00001d54   Number         4  empty.o(.text.main)
    __arm_cp.0_7                             0x00001d58   Number         4  empty.o(.text.main)
    [Anonymous Symbol]                       0x00001d5c   Section        0  motor.o(.text.motorA_duty)
    [Anonymous Symbol]                       0x00001d84   Section        0  motor.o(.text.motorB_duty)
    __arm_cp.1_0                             0x00001dac   Number         4  motor.o(.text.motorB_duty)
    __arm_cp.1_1                             0x00001db0   Number         4  motor.o(.text.motorB_duty)
    [Anonymous Symbol]                       0x00001db4   Section        0  pid.o(.text.motor_target_set)
    __arm_cp.2_0                             0x00001dc0   Number         4  pid.o(.text.motor_target_set)
    __arm_cp.2_1                             0x00001dc4   Number         4  pid.o(.text.motor_target_set)
    [Anonymous Symbol]                       0x00001dc8   Section        0  no_mcu_ganv_grayscale_sensor.o(.text.normalizeAnalogValues)
    [Anonymous Symbol]                       0x00001ff8   Section        0  pid.o(.text.pid_control)
    __arm_cp.3_0                             0x00002104   Number         4  pid.o(.text.pid_control)
    __arm_cp.3_1                             0x00002108   Number         4  pid.o(.text.pid_control)
    __arm_cp.3_2                             0x0000210c   Number         4  pid.o(.text.pid_control)
    __arm_cp.3_3                             0x00002110   Number         4  pid.o(.text.pid_control)
    [Anonymous Symbol]                       0x00002114   Section        0  pid.o(.text.pid_init)
    [Anonymous Symbol]                       0x00002124   Section        0  encoder.o(.text.timer_init)
    __arm_cp.1_0                             0x00002140   Number         4  encoder.o(.text.timer_init)
    __arm_cp.1_1                             0x00002144   Number         4  encoder.o(.text.timer_init)
    [Anonymous Symbol]                       0x00002148   Section        0  gray_track.o(.text.track)
    __arm_cp.0_0                             0x000021e4   Number         4  gray_track.o(.text.track)
    __arm_cp.0_1                             0x000021e8   Number         4  gray_track.o(.text.track)
    __arm_cp.0_2                             0x000021ec   Number         4  gray_track.o(.text.track)
    i._dgr                                   0x000021f0   Section        0  dcmp.o(i._dgr)
    x$fpl$dgeqf                              0x00002208   Section      100  dgef.o(x$fpl$dgeqf)
    x$fpl$usenofp                            0x0000226c   Section        0  usenofp.o(x$fpl$usenofp)
    gADC_VOLTAGEClockConfig                  0x0000285c   Data           8  ti_msp_dl_config.o(.rodata.gADC_VOLTAGEClockConfig)
    [Anonymous Symbol]                       0x0000285c   Section        0  ti_msp_dl_config.o(.rodata.gADC_VOLTAGEClockConfig)
    gGRAY_OUTClockConfig                     0x00002864   Data           8  ti_msp_dl_config.o(.rodata.gGRAY_OUTClockConfig)
    [Anonymous Symbol]                       0x00002864   Section        0  ti_msp_dl_config.o(.rodata.gGRAY_OUTClockConfig)
    gHuidu_TimeClockConfig                   0x0000286c   Data           3  ti_msp_dl_config.o(.rodata.gHuidu_TimeClockConfig)
    [Anonymous Symbol]                       0x0000286c   Section        0  ti_msp_dl_config.o(.rodata.gHuidu_TimeClockConfig)
    gHuidu_TimeTimerConfig                   0x00002870   Data          20  ti_msp_dl_config.o(.rodata.gHuidu_TimeTimerConfig)
    [Anonymous Symbol]                       0x00002870   Section        0  ti_msp_dl_config.o(.rodata.gHuidu_TimeTimerConfig)
    gI2C_0ClockConfig                        0x00002884   Data           2  ti_msp_dl_config.o(.rodata.gI2C_0ClockConfig)
    [Anonymous Symbol]                       0x00002884   Section        0  ti_msp_dl_config.o(.rodata.gI2C_0ClockConfig)
    gPWMClockConfig                          0x00002886   Data           3  ti_msp_dl_config.o(.rodata.gPWMClockConfig)
    [Anonymous Symbol]                       0x00002886   Section        0  ti_msp_dl_config.o(.rodata.gPWMClockConfig)
    gPWMConfig                               0x0000288c   Data           8  ti_msp_dl_config.o(.rodata.gPWMConfig)
    [Anonymous Symbol]                       0x0000288c   Section        0  ti_msp_dl_config.o(.rodata.gPWMConfig)
    gPid_TimeClockConfig                     0x00002894   Data           3  ti_msp_dl_config.o(.rodata.gPid_TimeClockConfig)
    [Anonymous Symbol]                       0x00002894   Section        0  ti_msp_dl_config.o(.rodata.gPid_TimeClockConfig)
    gPid_TimeTimerConfig                     0x00002898   Data          20  ti_msp_dl_config.o(.rodata.gPid_TimeTimerConfig)
    [Anonymous Symbol]                       0x00002898   Section        0  ti_msp_dl_config.o(.rodata.gPid_TimeTimerConfig)
    gSYSPLLConfig                            0x000028ac   Data          40  ti_msp_dl_config.o(.rodata.gSYSPLLConfig)
    [Anonymous Symbol]                       0x000028ac   Section        0  ti_msp_dl_config.o(.rodata.gSYSPLLConfig)
    gTIME_EndClockConfig                     0x000028d4   Data           3  ti_msp_dl_config.o(.rodata.gTIME_EndClockConfig)
    [Anonymous Symbol]                       0x000028d4   Section        0  ti_msp_dl_config.o(.rodata.gTIME_EndClockConfig)
    gTIME_EndTimerConfig                     0x000028d8   Data          20  ti_msp_dl_config.o(.rodata.gTIME_EndTimerConfig)
    [Anonymous Symbol]                       0x000028d8   Section        0  ti_msp_dl_config.o(.rodata.gTIME_EndTimerConfig)
    .L.str                                   0x000028ec   Data          10  empty.o(.rodata.str1.1)
    [Anonymous Symbol]                       0x000028ec   Section        0  empty.o(.rodata.str1.1)
    .L.str.1                                 0x000028f6   Data           9  empty.o(.rodata.str1.1)
    .bss                                     0x20200000   Section       96  libspace.o(.bss)
    Key_Scan.key2_flag                       0x202000a0   Data           1  key.o(.bss.Key_Scan.key2_flag)
    [Anonymous Symbol]                       0x202000a0   Section        0  key.o(.bss.Key_Scan.key2_flag)
    Key_Scan.key4_flag                       0x202000a1   Data           1  key.o(.bss.Key_Scan.key4_flag)
    [Anonymous Symbol]                       0x202000a1   Section        0  key.o(.bss.Key_Scan.key4_flag)
    click_N_Double.Forever_count             0x202000a2   Data           2  key.o(.bss.click_N_Double.Forever_count)
    [Anonymous Symbol]                       0x202000a2   Section        0  key.o(.bss.click_N_Double.Forever_count)
    click_N_Double.count_key                 0x202000a4   Data           1  key.o(.bss.click_N_Double.count_key)
    [Anonymous Symbol]                       0x202000a4   Section        0  key.o(.bss.click_N_Double.count_key)
    click_N_Double.count_single              0x202000a6   Data           2  key.o(.bss.click_N_Double.count_single)
    [Anonymous Symbol]                       0x202000a6   Section        0  key.o(.bss.click_N_Double.count_single)
    click_N_Double.double_key                0x202000a8   Data           1  key.o(.bss.click_N_Double.double_key)
    [Anonymous Symbol]                       0x202000a8   Section        0  key.o(.bss.click_N_Double.double_key)
    click_N_Double.flag_key                  0x202000a9   Data           1  key.o(.bss.click_N_Double.flag_key)
    [Anonymous Symbol]                       0x202000a9   Section        0  key.o(.bss.click_N_Double.flag_key)
    track.left_flag                          0x20200368   Data           1  gray_track.o(.bss.track.left_flag)
    [Anonymous Symbol]                       0x20200368   Section        0  gray_track.o(.bss.track.left_flag)
    track.right_flag                         0x2020036c   Data           1  gray_track.o(.bss.track.right_flag)
    [Anonymous Symbol]                       0x2020036c   Section        0  gray_track.o(.bss.track.right_flag)
    Heap_Mem                                 0x20200370   Data           0  startup_mspm0g350x_uvision.o(HEAP)
    Stack_Mem                                0x20200370   Data         256  startup_mspm0g350x_uvision.o(STACK)
    HEAP                                     0x20200370   Section        0  startup_mspm0g350x_uvision.o(HEAP)
    STACK                                    0x20200370   Section      256  startup_mspm0g350x_uvision.o(STACK)
    __initial_sp                             0x20200470   Data           0  startup_mspm0g350x_uvision.o(STACK)

    Global Symbols

    Symbol Name                              Value     Ov Type        Size  Object(Section)

    BuildAttributes$$THM_ISAv3M$S$PE$A:L22$X:L11$S22$IEEE1$IW$~IW$USESV6$~STKCKD$USESV7$~SHL$OTIME$ROPI$EBA8$UX$STANDARDLIB$REQ8$PRES8$EABIv2 0x00000000   Number         0  anon$$obj.o ABSOLUTE
    __Vectors                                0x00000000   Data           4  startup_mspm0g350x_uvision.o(RESET)
    __ARM_exceptions_init                     - Undefined Weak Reference
    __alloca_initialize                       - Undefined Weak Reference
    __arm_preinit_                            - Undefined Weak Reference
    __cpp_initialize__aeabi_                  - Undefined Weak Reference
    __cxa_finalize                            - Undefined Weak Reference
    __rt_locale                               - Undefined Weak Reference
    __sigvec_lookup                           - Undefined Weak Reference
    _atexit_init                              - Undefined Weak Reference
    _call_atexit_fns                          - Undefined Weak Reference
    _clock_init                               - Undefined Weak Reference
    _fp_trap_init                             - Undefined Weak Reference
    _fp_trap_shutdown                         - Undefined Weak Reference
    _get_lc_collate                           - Undefined Weak Reference
    _get_lc_ctype                             - Undefined Weak Reference
    _get_lc_monetary                          - Undefined Weak Reference
    _get_lc_numeric                           - Undefined Weak Reference
    _get_lc_time                              - Undefined Weak Reference
    _getenv_init                              - Undefined Weak Reference
    _handle_redirection                       - Undefined Weak Reference
    _init_alloc                               - Undefined Weak Reference
    _init_user_alloc                          - Undefined Weak Reference
    _initio                                   - Undefined Weak Reference
    _printf_post_padding                      - Undefined Weak Reference
    _printf_pre_padding                       - Undefined Weak Reference
    _printf_truncate_signed                   - Undefined Weak Reference
    _printf_truncate_unsigned                 - Undefined Weak Reference
    _rand_init                                - Undefined Weak Reference
    _signal_finish                            - Undefined Weak Reference
    _signal_init                              - Undefined Weak Reference
    _terminate_alloc                          - Undefined Weak Reference
    _terminate_user_alloc                     - Undefined Weak Reference
    _terminateio                              - Undefined Weak Reference
    __Vectors_End                            0x000000c0   Data           0  startup_mspm0g350x_uvision.o(RESET)
    __Vectors_Size                           0x000000c0   Number         0  startup_mspm0g350x_uvision.o ABSOLUTE
    __main                                   0x000000c1   Thumb Code     8  __main.o(!!!main)
    __scatterload                            0x000000c9   Thumb Code     0  __scatter.o(!!!scatter)
    __scatterload_rt2                        0x000000c9   Thumb Code    52  __scatter.o(!!!scatter)
    __scatterload_rt2_thumb_only             0x000000c9   Thumb Code     0  __scatter.o(!!!scatter)
    __scatterload_null                       0x000000d9   Thumb Code     0  __scatter.o(!!!scatter)
    __scatterload_zeroinit                   0x00000109   Thumb Code    28  __scatter_zi.o(!!handler_zi)
    _printf_percent                          0x00000125   Thumb Code     0  _printf_percent.o(.ARM.Collect$$_printf_percent$$00000000)
    _printf_d                                0x00000127   Thumb Code     0  _printf_d.o(.ARM.Collect$$_printf_percent$$00000009)
    _printf_percent_end                      0x00000131   Thumb Code     0  _printf_percent_end.o(.ARM.Collect$$_printf_percent$$00000017)
    __rt_lib_init                            0x00000135   Thumb Code     0  libinit.o(.ARM.Collect$$libinit$$00000000)
    __rt_lib_init_alloca_1                   0x00000137   Thumb Code     0  libinit2.o(.ARM.Collect$$libinit$$0000002E)
    __rt_lib_init_argv_1                     0x00000137   Thumb Code     0  libinit2.o(.ARM.Collect$$libinit$$0000002C)
    __rt_lib_init_atexit_1                   0x00000137   Thumb Code     0  libinit2.o(.ARM.Collect$$libinit$$0000001B)
    __rt_lib_init_clock_1                    0x00000137   Thumb Code     0  libinit2.o(.ARM.Collect$$libinit$$00000021)
    __rt_lib_init_cpp_1                      0x00000137   Thumb Code     0  libinit2.o(.ARM.Collect$$libinit$$00000032)
    __rt_lib_init_exceptions_1               0x00000137   Thumb Code     0  libinit2.o(.ARM.Collect$$libinit$$00000030)
    __rt_lib_init_fp_1                       0x00000137   Thumb Code     0  libinit2.o(.ARM.Collect$$libinit$$00000002)
    __rt_lib_init_fp_trap_1                  0x00000137   Thumb Code     0  libinit2.o(.ARM.Collect$$libinit$$0000001F)
    __rt_lib_init_getenv_1                   0x00000137   Thumb Code     0  libinit2.o(.ARM.Collect$$libinit$$00000023)
    __rt_lib_init_heap_1                     0x00000137   Thumb Code     0  libinit2.o(.ARM.Collect$$libinit$$0000000A)
    __rt_lib_init_lc_collate_1               0x00000137   Thumb Code     0  libinit2.o(.ARM.Collect$$libinit$$00000011)
    __rt_lib_init_lc_ctype_1                 0x00000137   Thumb Code     0  libinit2.o(.ARM.Collect$$libinit$$00000013)
    __rt_lib_init_lc_monetary_1              0x00000137   Thumb Code     0  libinit2.o(.ARM.Collect$$libinit$$00000015)
    __rt_lib_init_lc_numeric_1               0x00000137   Thumb Code     0  libinit2.o(.ARM.Collect$$libinit$$00000017)
    __rt_lib_init_lc_time_1                  0x00000137   Thumb Code     0  libinit2.o(.ARM.Collect$$libinit$$00000019)
    __rt_lib_init_preinit_1                  0x00000137   Thumb Code     0  libinit2.o(.ARM.Collect$$libinit$$00000004)
    __rt_lib_init_rand_1                     0x00000137   Thumb Code     0  libinit2.o(.ARM.Collect$$libinit$$0000000E)
    __rt_lib_init_return                     0x00000137   Thumb Code     0  libinit2.o(.ARM.Collect$$libinit$$00000033)
    __rt_lib_init_signal_1                   0x00000137   Thumb Code     0  libinit2.o(.ARM.Collect$$libinit$$0000001D)
    __rt_lib_init_stdio_1                    0x00000137   Thumb Code     0  libinit2.o(.ARM.Collect$$libinit$$00000025)
    __rt_lib_init_user_alloc_1               0x00000137   Thumb Code     0  libinit2.o(.ARM.Collect$$libinit$$0000000C)
    __rt_lib_shutdown                        0x00000139   Thumb Code     0  libshutdown.o(.ARM.Collect$$libshutdown$$00000000)
    __rt_lib_shutdown_cpp_1                  0x0000013b   Thumb Code     0  libshutdown2.o(.ARM.Collect$$libshutdown$$00000002)
    __rt_lib_shutdown_fp_trap_1              0x0000013b   Thumb Code     0  libshutdown2.o(.ARM.Collect$$libshutdown$$00000007)
    __rt_lib_shutdown_heap_1                 0x0000013b   Thumb Code     0  libshutdown2.o(.ARM.Collect$$libshutdown$$0000000F)
    __rt_lib_shutdown_return                 0x0000013b   Thumb Code     0  libshutdown2.o(.ARM.Collect$$libshutdown$$00000010)
    __rt_lib_shutdown_signal_1               0x0000013b   Thumb Code     0  libshutdown2.o(.ARM.Collect$$libshutdown$$0000000A)
    __rt_lib_shutdown_stdio_1                0x0000013b   Thumb Code     0  libshutdown2.o(.ARM.Collect$$libshutdown$$00000004)
    __rt_lib_shutdown_user_alloc_1           0x0000013b   Thumb Code     0  libshutdown2.o(.ARM.Collect$$libshutdown$$0000000C)
    __rt_entry                               0x0000013d   Thumb Code     0  __rtentry.o(.ARM.Collect$$rtentry$$00000000)
    __rt_entry_presh_1                       0x0000013d   Thumb Code     0  __rtentry2.o(.ARM.Collect$$rtentry$$00000002)
    __rt_entry_sh                            0x0000013d   Thumb Code     0  __rtentry4.o(.ARM.Collect$$rtentry$$00000004)
    __rt_entry_li                            0x00000143   Thumb Code     0  __rtentry2.o(.ARM.Collect$$rtentry$$0000000A)
    __rt_entry_postsh_1                      0x00000143   Thumb Code     0  __rtentry2.o(.ARM.Collect$$rtentry$$00000009)
    __rt_entry_main                          0x00000147   Thumb Code     0  __rtentry2.o(.ARM.Collect$$rtentry$$0000000D)
    __rt_entry_postli_1                      0x00000147   Thumb Code     0  __rtentry2.o(.ARM.Collect$$rtentry$$0000000C)
    __rt_exit                                0x0000014f   Thumb Code     0  rtexit.o(.ARM.Collect$$rtexit$$00000000)
    __rt_exit_ls                             0x00000151   Thumb Code     0  rtexit2.o(.ARM.Collect$$rtexit$$00000003)
    __rt_exit_prels_1                        0x00000151   Thumb Code     0  rtexit2.o(.ARM.Collect$$rtexit$$00000002)
    __rt_exit_exit                           0x00000155   Thumb Code     0  rtexit2.o(.ARM.Collect$$rtexit$$00000004)
    __aeabi_memcpy4                          0x0000015d   Thumb Code    56  rt_memcpy.o(.emb_text)
    __aeabi_memcpy8                          0x0000015d   Thumb Code     0  rt_memcpy.o(.emb_text)
    Reset_Handler                            0x00000195   Thumb Code     4  startup_mspm0g350x_uvision.o(.text)
    NMI_Handler                              0x00000199   Thumb Code     2  startup_mspm0g350x_uvision.o(.text)
    HardFault_Handler                        0x0000019b   Thumb Code     2  startup_mspm0g350x_uvision.o(.text)
    SVC_Handler                              0x0000019d   Thumb Code     2  startup_mspm0g350x_uvision.o(.text)
    PendSV_Handler                           0x0000019f   Thumb Code     2  startup_mspm0g350x_uvision.o(.text)
    SysTick_Handler                          0x000001a1   Thumb Code     2  startup_mspm0g350x_uvision.o(.text)
    ADC0_IRQHandler                          0x000001a3   Thumb Code     0  startup_mspm0g350x_uvision.o(.text)
    ADC1_IRQHandler                          0x000001a3   Thumb Code     0  startup_mspm0g350x_uvision.o(.text)
    AES_IRQHandler                           0x000001a3   Thumb Code     0  startup_mspm0g350x_uvision.o(.text)
    CANFD0_IRQHandler                        0x000001a3   Thumb Code     0  startup_mspm0g350x_uvision.o(.text)
    DAC0_IRQHandler                          0x000001a3   Thumb Code     0  startup_mspm0g350x_uvision.o(.text)
    DMA_IRQHandler                           0x000001a3   Thumb Code     0  startup_mspm0g350x_uvision.o(.text)
    Default_Handler                          0x000001a3   Thumb Code     2  startup_mspm0g350x_uvision.o(.text)
    GROUP0_IRQHandler                        0x000001a3   Thumb Code     0  startup_mspm0g350x_uvision.o(.text)
    I2C0_IRQHandler                          0x000001a3   Thumb Code     0  startup_mspm0g350x_uvision.o(.text)
    I2C1_IRQHandler                          0x000001a3   Thumb Code     0  startup_mspm0g350x_uvision.o(.text)
    RTC_IRQHandler                           0x000001a3   Thumb Code     0  startup_mspm0g350x_uvision.o(.text)
    SPI0_IRQHandler                          0x000001a3   Thumb Code     0  startup_mspm0g350x_uvision.o(.text)
    SPI1_IRQHandler                          0x000001a3   Thumb Code     0  startup_mspm0g350x_uvision.o(.text)
    TIMA0_IRQHandler                         0x000001a3   Thumb Code     0  startup_mspm0g350x_uvision.o(.text)
    TIMA1_IRQHandler                         0x000001a3   Thumb Code     0  startup_mspm0g350x_uvision.o(.text)
    TIMG0_IRQHandler                         0x000001a3   Thumb Code     0  startup_mspm0g350x_uvision.o(.text)
    TIMG12_IRQHandler                        0x000001a3   Thumb Code     0  startup_mspm0g350x_uvision.o(.text)
    UART0_IRQHandler                         0x000001a3   Thumb Code     0  startup_mspm0g350x_uvision.o(.text)
    UART1_IRQHandler                         0x000001a3   Thumb Code     0  startup_mspm0g350x_uvision.o(.text)
    UART2_IRQHandler                         0x000001a3   Thumb Code     0  startup_mspm0g350x_uvision.o(.text)
    UART3_IRQHandler                         0x000001a3   Thumb Code     0  startup_mspm0g350x_uvision.o(.text)
    __user_initial_stackheap                 0x000001a5   Thumb Code    10  startup_mspm0g350x_uvision.o(.text)
    __2sprintf                               0x000001c1   Thumb Code    36  noretval__2sprintf.o(.text)
    __printf                                 0x000001e9   Thumb Code   108  __printf.o(.text)
    _printf_int_dec                          0x00000255   Thumb Code    90  _printf_dec.o(.text)
    __aeabi_memcpy                           0x000002c1   Thumb Code   130  rt_memcpy.o(.text)
    __rt_memcpy                              0x000002c1   Thumb Code     0  rt_memcpy.o(.text)
    _memset_w                                0x00000343   Thumb Code    26  rt_memclr.o(.text)
    _memset                                  0x0000035d   Thumb Code    30  rt_memclr.o(.text)
    __aeabi_memclr                           0x0000037b   Thumb Code     4  rt_memclr.o(.text)
    __rt_memclr                              0x0000037b   Thumb Code     0  rt_memclr.o(.text)
    __aeabi_memclr4                          0x0000037f   Thumb Code     0  rt_memclr.o(.text)
    __aeabi_memclr8                          0x0000037f   Thumb Code     0  rt_memclr.o(.text)
    __rt_memclr_w                            0x0000037f   Thumb Code     4  rt_memclr.o(.text)
    __use_two_region_memory                  0x00000383   Thumb Code     2  heapauxi.o(.text)
    __rt_heap_escrow$2region                 0x00000385   Thumb Code     2  heapauxi.o(.text)
    __rt_heap_expand$2region                 0x00000387   Thumb Code     2  heapauxi.o(.text)
    __aeabi_d2iz                             0x00000389   Thumb Code     0  dfixi.o(.text)
    _dfix                                    0x00000389   Thumb Code    98  dfixi.o(.text)
    __aeabi_i2d_normalise                    0x000003f5   Thumb Code    66  dflti.o(.text)
    __aeabi_i2d                              0x00000437   Thumb Code    16  dflti.o(.text)
    _dflt                                    0x00000437   Thumb Code     0  dflti.o(.text)
    __aeabi_ui2d                             0x00000447   Thumb Code     6  dflti.o(.text)
    _dfltu                                   0x00000447   Thumb Code     0  dflti.o(.text)
    __aeabi_dmul                             0x0000044d   Thumb Code     0  dmul.o(.text)
    _dmul                                    0x0000044d   Thumb Code   558  dmul.o(.text)
    _printf_int_common                       0x00000695   Thumb Code   176  _printf_intcommon.o(.text)
    _printf_char_common                      0x0000074f   Thumb Code    32  _printf_char_common.o(.text)
    _sputc                                   0x00000775   Thumb Code    10  _sputc.o(.text)
    __rt_udiv10                              0x0000077f   Thumb Code    40  rtudiv10.o(.text)
    __fpl_dcmp_InfNaN                        0x000007a9   Thumb Code   154  dcmpin.o(.text)
    __user_setup_stackheap                   0x00000849   Thumb Code    62  sys_stackheap_outer.o(.text)
    exit                                     0x00000887   Thumb Code    16  exit.o(.text)
    __fpl_cmpreturn                          0x00000897   Thumb Code    46  cmpret.o(.text)
    __fpl_dcheck_NaN2                        0x000008c5   Thumb Code    14  dnan2.o(.text)
    __user_libspace                          0x000008d9   Thumb Code     8  libspace.o(.text)
    __user_perproc_libspace                  0x000008d9   Thumb Code     0  libspace.o(.text)
    __user_perthread_libspace                0x000008d9   Thumb Code     0  libspace.o(.text)
    __fpl_return_NaN                         0x000008e1   Thumb Code    94  retnan.o(.text)
    _sys_exit                                0x00000941   Thumb Code     8  sys_exit.o(.text)
    __I$use$semihosting                      0x0000094d   Thumb Code     0  use_no_semi.o(.text)
    __use_no_semihosting_swi                 0x0000094d   Thumb Code     2  use_no_semi.o(.text)
    __semihosting_library_function           0x0000094f   Thumb Code     0  indicate_semi.o(.text)
    DL_ADC12_setClockConfig                  0x00000951   Thumb Code    64  dl_adc12.o(.text.DL_ADC12_setClockConfig)
    DL_Common_delayCycles                    0x00000991   Thumb Code    10  dl_common.o(.text.DL_Common_delayCycles)
    DL_I2C_setClockConfig                    0x0000099b   Thumb Code    38  dl_i2c.o(.text.DL_I2C_setClockConfig)
    DL_SYSCTL_configSYSPLL                   0x000009c1   Thumb Code   196  dl_sysctl_mspm0g1x0x_g3x0x.o(.text.DL_SYSCTL_configSYSPLL)
    DL_SYSCTL_setHFCLKSourceHFXTParams       0x00000a85   Thumb Code    80  dl_sysctl_mspm0g1x0x_g3x0x.o(.text.DL_SYSCTL_setHFCLKSourceHFXTParams)
    DL_SYSCTL_switchMCLKfromSYSOSCtoHSCLK    0x00000ad5   Thumb Code    40  dl_sysctl_mspm0g1x0x_g3x0x.o(.text.DL_SYSCTL_switchMCLKfromSYSOSCtoHSCLK)
    DL_Timer_initFourCCPWMMode               0x00000afd   Thumb Code   264  dl_timer.o(.text.DL_Timer_initFourCCPWMMode)
    DL_Timer_initTimerMode                   0x00000c05   Thumb Code   240  dl_timer.o(.text.DL_Timer_initTimerMode)
    DL_Timer_setCaptCompUpdateMethod         0x00000cf5   Thumb Code    28  dl_timer.o(.text.DL_Timer_setCaptCompUpdateMethod)
    DL_Timer_setCaptureCompareOutCtl         0x00000d11   Thumb Code    24  dl_timer.o(.text.DL_Timer_setCaptureCompareOutCtl)
    DL_Timer_setCaptureCompareValue          0x00000d29   Thumb Code    16  dl_timer.o(.text.DL_Timer_setCaptureCompareValue)
    DL_Timer_setClockConfig                  0x00000d39   Thumb Code    28  dl_timer.o(.text.DL_Timer_setClockConfig)
    GROUP1_IRQHandler                        0x00000d55   Thumb Code   240  encoder.o(.text.GROUP1_IRQHandler)
    GetDigital                               0x00000e45   Thumb Code   180  no_mcu_ganv_grayscale_sensor.o(.text.GetDigital)
    Get_Anolog_Value                         0x00000ef9   Thumb Code   180  no_mcu_ganv_grayscale_sensor.o(.text.Get_Anolog_Value)
    Get_Digtal_For_User                      0x00000fad   Thumb Code     6  no_mcu_ganv_grayscale_sensor.o(.text.Get_Digtal_For_User)
    Key_Scan                                 0x00000fb5   Thumb Code   248  key.o(.text.Key_Scan)
    No_MCU_Ganv_Sensor_Init_Frist            0x000010ad   Thumb Code    30  no_mcu_ganv_grayscale_sensor.o(.text.No_MCU_Ganv_Sensor_Init_Frist)
    No_Mcu_Ganv_Sensor_Task_Without_tick     0x000010cd   Thumb Code   248  no_mcu_ganv_grayscale_sensor.o(.text.No_Mcu_Ganv_Sensor_Task_Without_tick)
    OLED_Clear                               0x000011c5   Thumb Code   276  oled.o(.text.OLED_Clear)
    OLED_Init                                0x000012d9   Thumb Code   176  oled.o(.text.OLED_Init)
    OLED_ShowChar                            0x00001389   Thumb Code   196  oled.o(.text.OLED_ShowChar)
    OLED_ShowString                          0x0000144d   Thumb Code    44  oled.o(.text.OLED_ShowString)
    OLED_WriteCommand                        0x00001479   Thumb Code   424  oled.o(.text.OLED_WriteCommand)
    OLED_WriteData                           0x00001621   Thumb Code   276  oled.o(.text.OLED_WriteData)
    SYSCFG_DL_ADC_VOLTAGE_init               0x00001735   Thumb Code    48  ti_msp_dl_config.o(.text.SYSCFG_DL_ADC_VOLTAGE_init)
    SYSCFG_DL_GPIO_init                      0x00001765   Thumb Code   208  ti_msp_dl_config.o(.text.SYSCFG_DL_GPIO_init)
    SYSCFG_DL_GRAY_OUT_init                  0x00001835   Thumb Code    72  ti_msp_dl_config.o(.text.SYSCFG_DL_GRAY_OUT_init)
    SYSCFG_DL_Huidu_Time_init                0x0000187d   Thumb Code    56  ti_msp_dl_config.o(.text.SYSCFG_DL_Huidu_Time_init)
    SYSCFG_DL_I2C_0_init                     0x000018b5   Thumb Code    48  ti_msp_dl_config.o(.text.SYSCFG_DL_I2C_0_init)
    SYSCFG_DL_PWM_init                       0x000018e5   Thumb Code   140  ti_msp_dl_config.o(.text.SYSCFG_DL_PWM_init)
    SYSCFG_DL_Pid_Time_init                  0x00001971   Thumb Code    56  ti_msp_dl_config.o(.text.SYSCFG_DL_Pid_Time_init)
    SYSCFG_DL_SYSCTL_init                    0x000019a9   Thumb Code   120  ti_msp_dl_config.o(.text.SYSCFG_DL_SYSCTL_init)
    SYSCFG_DL_TIME_End_init                  0x00001a21   Thumb Code    56  ti_msp_dl_config.o(.text.SYSCFG_DL_TIME_End_init)
    SYSCFG_DL_init                           0x00001a59   Thumb Code    64  ti_msp_dl_config.o(.text.SYSCFG_DL_init)
    SYSCFG_DL_initPower                      0x00001a99   Thumb Code   124  ti_msp_dl_config.o(.text.SYSCFG_DL_initPower)
    TIMG6_IRQHandler                         0x00001b15   Thumb Code    12  encoder.o(.text.TIMG6_IRQHandler)
    TIMG7_IRQHandler                         0x00001b21   Thumb Code    32  empty.o(.text.TIMG7_IRQHandler)
    TIMG8_IRQHandler                         0x00001b41   Thumb Code    64  empty.o(.text.TIMG8_IRQHandler)
    convertAnalogToDigital                   0x00001b81   Thumb Code   246  no_mcu_ganv_grayscale_sensor.o(.text.convertAnalogToDigital)
    encoder_init                             0x00001c79   Thumb Code    24  encoder.o(.text.encoder_init)
    main                                     0x00001c91   Thumb Code   204  empty.o(.text.main)
    motorA_duty                              0x00001d5d   Thumb Code    40  motor.o(.text.motorA_duty)
    motorB_duty                              0x00001d85   Thumb Code    48  motor.o(.text.motorB_duty)
    motor_target_set                         0x00001db5   Thumb Code    20  pid.o(.text.motor_target_set)
    normalizeAnalogValues                    0x00001dc9   Thumb Code   558  no_mcu_ganv_grayscale_sensor.o(.text.normalizeAnalogValues)
    pid_control                              0x00001ff9   Thumb Code   284  pid.o(.text.pid_control)
    pid_init                                 0x00002115   Thumb Code    14  pid.o(.text.pid_init)
    timer_init                               0x00002125   Thumb Code    36  encoder.o(.text.timer_init)
    track                                    0x00002149   Thumb Code   168  gray_track.o(.text.track)
    __aeabi_dcmpgt                           0x000021f1   Thumb Code     0  dcmp.o(i._dgr)
    _dgr                                     0x000021f1   Thumb Code    22  dcmp.o(i._dgr)
    _dcmpge                                  0x00002209   Thumb Code    94  dgef.o(x$fpl$dgeqf)
    OLED_F8x16                               0x0000226c   Data        1520  oled.o(.rodata.OLED_F8x16)
    __I$use$fp                               0x0000226c   Number         0  usenofp.o(x$fpl$usenofp)
    Region$$Table$$Base                      0x00002900   Number         0  anon$$obj.o(Region$$Table)
    Region$$Table$$Limit                     0x00002910   Number         0  anon$$obj.o(Region$$Table)
    __libspace_start                         0x20200000   Data          96  libspace.o(.bss)
    Anolog                                   0x20200060   Data          16  empty.o(.bss.Anolog)
    __temporary_stack_top$libspace           0x20200060   Data           0  libspace.o(.bss)
    Digtal                                   0x20200070   Data           1  empty.o(.bss.Digtal)
    Digtal_sign                              0x20200072   Data          16  empty.o(.bss.Digtal_sign)
    Encoder                                  0x20200088   Data          24  encoder.o(.bss.Encoder)
    flag1                                    0x202000aa   Data           1  empty.o(.bss.flag1)
    gHuidu_TimeBackup                        0x202000ac   Data         160  ti_msp_dl_config.o(.bss.gHuidu_TimeBackup)
    gTIME_EndBackup                          0x2020014c   Data         160  ti_msp_dl_config.o(.bss.gTIME_EndBackup)
    motorA                                   0x202001ec   Data          52  pid.o(.bss.motorA)
    motorB                                   0x20200220   Data          52  pid.o(.bss.motorB)
    response                                 0x20200254   Data         100  empty.o(.bss.response)
    sensor                                   0x202002b8   Data         176  empty.o(.bss.sensor)



==============================================================================

Memory Map of the image

  Image Entry point : 0x000000c1

  Load Region LR_IROM1 (Base: 0x00000000, Size: 0x00002910, Max: 0x00020000, ABSOLUTE)

    Execution Region ER_IROM1 (Exec base: 0x00000000, Load base: 0x00000000, Size: 0x00002910, Max: 0x00020000, ABSOLUTE)

    Exec Addr    Load Addr    Size         Type   Attr      Idx    E Section Name        Object

    0x00000000   0x00000000   0x000000c0   Data   RO           29    RESET               startup_mspm0g350x_uvision.o
    0x000000c0   0x000000c0   0x00000008   Code   RO          485  * !!!main             c_p.l(__main.o)
    0x000000c8   0x000000c8   0x0000003c   Code   RO          709    !!!scatter          c_p.l(__scatter.o)
    0x00000104   0x00000104   0x00000004   PAD
    0x00000108   0x00000108   0x0000001c   Code   RO          711    !!handler_zi        c_p.l(__scatter_zi.o)
    0x00000124   0x00000124   0x00000002   Code   RO          468    .ARM.Collect$$_printf_percent$$00000000  c_p.l(_printf_percent.o)
    0x00000126   0x00000126   0x0000000a   Code   RO          467    .ARM.Collect$$_printf_percent$$00000009  c_p.l(_printf_d.o)
    0x00000130   0x00000130   0x00000004   Code   RO          521    .ARM.Collect$$_printf_percent$$00000017  c_p.l(_printf_percent_end.o)
    0x00000134   0x00000134   0x00000002   Code   RO          566    .ARM.Collect$$libinit$$00000000  c_p.l(libinit.o)
    0x00000136   0x00000136   0x00000000   Code   RO          584    .ARM.Collect$$libinit$$00000002  c_p.l(libinit2.o)
    0x00000136   0x00000136   0x00000000   Code   RO          586    .ARM.Collect$$libinit$$00000004  c_p.l(libinit2.o)
    0x00000136   0x00000136   0x00000000   Code   RO          589    .ARM.Collect$$libinit$$0000000A  c_p.l(libinit2.o)
    0x00000136   0x00000136   0x00000000   Code   RO          591    .ARM.Collect$$libinit$$0000000C  c_p.l(libinit2.o)
    0x00000136   0x00000136   0x00000000   Code   RO          593    .ARM.Collect$$libinit$$0000000E  c_p.l(libinit2.o)
    0x00000136   0x00000136   0x00000000   Code   RO          596    .ARM.Collect$$libinit$$00000011  c_p.l(libinit2.o)
    0x00000136   0x00000136   0x00000000   Code   RO          598    .ARM.Collect$$libinit$$00000013  c_p.l(libinit2.o)
    0x00000136   0x00000136   0x00000000   Code   RO          600    .ARM.Collect$$libinit$$00000015  c_p.l(libinit2.o)
    0x00000136   0x00000136   0x00000000   Code   RO          602    .ARM.Collect$$libinit$$00000017  c_p.l(libinit2.o)
    0x00000136   0x00000136   0x00000000   Code   RO          604    .ARM.Collect$$libinit$$00000019  c_p.l(libinit2.o)
    0x00000136   0x00000136   0x00000000   Code   RO          606    .ARM.Collect$$libinit$$0000001B  c_p.l(libinit2.o)
    0x00000136   0x00000136   0x00000000   Code   RO          608    .ARM.Collect$$libinit$$0000001D  c_p.l(libinit2.o)
    0x00000136   0x00000136   0x00000000   Code   RO          610    .ARM.Collect$$libinit$$0000001F  c_p.l(libinit2.o)
    0x00000136   0x00000136   0x00000000   Code   RO          612    .ARM.Collect$$libinit$$00000021  c_p.l(libinit2.o)
    0x00000136   0x00000136   0x00000000   Code   RO          614    .ARM.Collect$$libinit$$00000023  c_p.l(libinit2.o)
    0x00000136   0x00000136   0x00000000   Code   RO          616    .ARM.Collect$$libinit$$00000025  c_p.l(libinit2.o)
    0x00000136   0x00000136   0x00000000   Code   RO          620    .ARM.Collect$$libinit$$0000002C  c_p.l(libinit2.o)
    0x00000136   0x00000136   0x00000000   Code   RO          622    .ARM.Collect$$libinit$$0000002E  c_p.l(libinit2.o)
    0x00000136   0x00000136   0x00000000   Code   RO          624    .ARM.Collect$$libinit$$00000030  c_p.l(libinit2.o)
    0x00000136   0x00000136   0x00000000   Code   RO          626    .ARM.Collect$$libinit$$00000032  c_p.l(libinit2.o)
    0x00000136   0x00000136   0x00000002   Code   RO          627    .ARM.Collect$$libinit$$00000033  c_p.l(libinit2.o)
    0x00000138   0x00000138   0x00000002   Code   RO          664    .ARM.Collect$$libshutdown$$00000000  c_p.l(libshutdown.o)
    0x0000013a   0x0000013a   0x00000000   Code   RO          692    .ARM.Collect$$libshutdown$$00000002  c_p.l(libshutdown2.o)
    0x0000013a   0x0000013a   0x00000000   Code   RO          694    .ARM.Collect$$libshutdown$$00000004  c_p.l(libshutdown2.o)
    0x0000013a   0x0000013a   0x00000000   Code   RO          697    .ARM.Collect$$libshutdown$$00000007  c_p.l(libshutdown2.o)
    0x0000013a   0x0000013a   0x00000000   Code   RO          700    .ARM.Collect$$libshutdown$$0000000A  c_p.l(libshutdown2.o)
    0x0000013a   0x0000013a   0x00000000   Code   RO          702    .ARM.Collect$$libshutdown$$0000000C  c_p.l(libshutdown2.o)
    0x0000013a   0x0000013a   0x00000000   Code   RO          705    .ARM.Collect$$libshutdown$$0000000F  c_p.l(libshutdown2.o)
    0x0000013a   0x0000013a   0x00000002   Code   RO          706    .ARM.Collect$$libshutdown$$00000010  c_p.l(libshutdown2.o)
    0x0000013c   0x0000013c   0x00000000   Code   RO          510    .ARM.Collect$$rtentry$$00000000  c_p.l(__rtentry.o)
    0x0000013c   0x0000013c   0x00000000   Code   RO          532    .ARM.Collect$$rtentry$$00000002  c_p.l(__rtentry2.o)
    0x0000013c   0x0000013c   0x00000006   Code   RO          544    .ARM.Collect$$rtentry$$00000004  c_p.l(__rtentry4.o)
    0x00000142   0x00000142   0x00000000   Code   RO          534    .ARM.Collect$$rtentry$$00000009  c_p.l(__rtentry2.o)
    0x00000142   0x00000142   0x00000004   Code   RO          535    .ARM.Collect$$rtentry$$0000000A  c_p.l(__rtentry2.o)
    0x00000146   0x00000146   0x00000000   Code   RO          537    .ARM.Collect$$rtentry$$0000000C  c_p.l(__rtentry2.o)
    0x00000146   0x00000146   0x00000008   Code   RO          538    .ARM.Collect$$rtentry$$0000000D  c_p.l(__rtentry2.o)
    0x0000014e   0x0000014e   0x00000002   Code   RO          575    .ARM.Collect$$rtexit$$00000000  c_p.l(rtexit.o)
    0x00000150   0x00000150   0x00000000   Code   RO          635    .ARM.Collect$$rtexit$$00000002  c_p.l(rtexit2.o)
    0x00000150   0x00000150   0x00000004   Code   RO          636    .ARM.Collect$$rtexit$$00000003  c_p.l(rtexit2.o)
    0x00000154   0x00000154   0x00000006   Code   RO          637    .ARM.Collect$$rtexit$$00000004  c_p.l(rtexit2.o)
    0x0000015a   0x0000015a   0x00000002   PAD
    0x0000015c   0x0000015c   0x00000038   Code   RO          469    .emb_text           c_p.l(rt_memcpy.o)
    0x00000194   0x00000194   0x0000002c   Code   RO           30    .text               startup_mspm0g350x_uvision.o
    0x000001c0   0x000001c0   0x00000028   Code   RO          441    .text               c_p.l(noretval__2sprintf.o)
    0x000001e8   0x000001e8   0x0000006c   Code   RO          443    .text               c_p.l(__printf.o)
    0x00000254   0x00000254   0x0000006c   Code   RO          445    .text               c_p.l(_printf_dec.o)
    0x000002c0   0x000002c0   0x00000082   Code   RO          470    .text               c_p.l(rt_memcpy.o)
    0x00000342   0x00000342   0x00000040   Code   RO          473    .text               c_p.l(rt_memclr.o)
    0x00000382   0x00000382   0x00000006   Code   RO          483    .text               c_p.l(heapauxi.o)
    0x00000388   0x00000388   0x0000006c   Code   RO          504    .text               fz_ps.l(dfixi.o)
    0x000003f4   0x000003f4   0x00000058   Code   RO          506    .text               fz_ps.l(dflti.o)
    0x0000044c   0x0000044c   0x00000248   Code   RO          508    .text               fz_ps.l(dmul.o)
    0x00000694   0x00000694   0x000000b0   Code   RO          515    .text               c_p.l(_printf_intcommon.o)
    0x00000744   0x00000744   0x00000030   Code   RO          517    .text               c_p.l(_printf_char_common.o)
    0x00000774   0x00000774   0x0000000a   Code   RO          519    .text               c_p.l(_sputc.o)
    0x0000077e   0x0000077e   0x00000028   Code   RO          522    .text               c_p.l(rtudiv10.o)
    0x000007a6   0x000007a6   0x00000002   PAD
    0x000007a8   0x000007a8   0x000000a0   Code   RO          550    .text               fz_ps.l(dcmpin.o)
    0x00000848   0x00000848   0x0000003e   Code   RO          552    .text               c_p.l(sys_stackheap_outer.o)
    0x00000886   0x00000886   0x00000010   Code   RO          555    .text               c_p.l(exit.o)
    0x00000896   0x00000896   0x0000002e   Code   RO          567    .text               fz_ps.l(cmpret.o)
    0x000008c4   0x000008c4   0x00000014   Code   RO          569    .text               fz_ps.l(dnan2.o)
    0x000008d8   0x000008d8   0x00000008   Code   RO          571    .text               c_p.l(libspace.o)
    0x000008e0   0x000008e0   0x0000005e   Code   RO          628    .text               fz_ps.l(retnan.o)
    0x0000093e   0x0000093e   0x00000002   PAD
    0x00000940   0x00000940   0x0000000c   Code   RO          630    .text               c_p.l(sys_exit.o)
    0x0000094c   0x0000094c   0x00000002   Code   RO          653    .text               c_p.l(use_no_semi.o)
    0x0000094e   0x0000094e   0x00000000   Code   RO          655    .text               c_p.l(indicate_semi.o)
    0x0000094e   0x0000094e   0x00000002   PAD
    0x00000950   0x00000950   0x00000040   Code   RO          252    .text.DL_ADC12_setClockConfig  driverlib.a(dl_adc12.o)
    0x00000990   0x00000990   0x0000000a   Code   RO          264    .text.DL_Common_delayCycles  driverlib.a(dl_common.o)
    0x0000099a   0x0000099a   0x00000026   Code   RO          273    .text.DL_I2C_setClockConfig  driverlib.a(dl_i2c.o)
    0x000009c0   0x000009c0   0x000000c4   Code   RO          406    .text.DL_SYSCTL_configSYSPLL  driverlib.a(dl_sysctl_mspm0g1x0x_g3x0x.o)
    0x00000a84   0x00000a84   0x00000050   Code   RO          420    .text.DL_SYSCTL_setHFCLKSourceHFXTParams  driverlib.a(dl_sysctl_mspm0g1x0x_g3x0x.o)
    0x00000ad4   0x00000ad4   0x00000028   Code   RO          414    .text.DL_SYSCTL_switchMCLKfromSYSOSCtoHSCLK  driverlib.a(dl_sysctl_mspm0g1x0x_g3x0x.o)
    0x00000afc   0x00000afc   0x00000108   Code   RO          385    .text.DL_Timer_initFourCCPWMMode  driverlib.a(dl_timer.o)
    0x00000c04   0x00000c04   0x000000f0   Code   RO          309    .text.DL_Timer_initTimerMode  driverlib.a(dl_timer.o)
    0x00000cf4   0x00000cf4   0x0000001c   Code   RO          351    .text.DL_Timer_setCaptCompUpdateMethod  driverlib.a(dl_timer.o)
    0x00000d10   0x00000d10   0x00000018   Code   RO          359    .text.DL_Timer_setCaptureCompareOutCtl  driverlib.a(dl_timer.o)
    0x00000d28   0x00000d28   0x00000010   Code   RO          311    .text.DL_Timer_setCaptureCompareValue  driverlib.a(dl_timer.o)
    0x00000d38   0x00000d38   0x0000001c   Code   RO          305    .text.DL_Timer_setClockConfig  driverlib.a(dl_timer.o)
    0x00000d54   0x00000d54   0x000000f0   Code   RO          180    .text.GROUP1_IRQHandler  encoder.o
    0x00000e44   0x00000e44   0x000000b4   Code   RO          148    .text.GetDigital    no_mcu_ganv_grayscale_sensor.o
    0x00000ef8   0x00000ef8   0x000000b4   Code   RO          166    .text.Get_Anolog_Value  no_mcu_ganv_grayscale_sensor.o
    0x00000fac   0x00000fac   0x00000006   Code   RO          162    .text.Get_Digtal_For_User  no_mcu_ganv_grayscale_sensor.o
    0x00000fb2   0x00000fb2   0x00000002   PAD
    0x00000fb4   0x00000fb4   0x000000f8   Code   RO          199    .text.Key_Scan      key.o
    0x000010ac   0x000010ac   0x0000001e   Code   RO          152    .text.No_MCU_Ganv_Sensor_Init_Frist  no_mcu_ganv_grayscale_sensor.o
    0x000010ca   0x000010ca   0x00000002   PAD
    0x000010cc   0x000010cc   0x000000f8   Code   RO          156    .text.No_Mcu_Ganv_Sensor_Task_Without_tick  no_mcu_ganv_grayscale_sensor.o
    0x000011c4   0x000011c4   0x00000114   Code   RO          103    .text.OLED_Clear    oled.o
    0x000012d8   0x000012d8   0x000000b0   Code   RO          119    .text.OLED_Init     oled.o
    0x00001388   0x00001388   0x000000c4   Code   RO          105    .text.OLED_ShowChar  oled.o
    0x0000144c   0x0000144c   0x0000002c   Code   RO          107    .text.OLED_ShowString  oled.o
    0x00001478   0x00001478   0x000001a8   Code   RO           97    .text.OLED_WriteCommand  oled.o
    0x00001620   0x00001620   0x00000114   Code   RO           99    .text.OLED_WriteData  oled.o
    0x00001734   0x00001734   0x00000030   Code   RO           55    .text.SYSCFG_DL_ADC_VOLTAGE_init  ti_msp_dl_config.o
    0x00001764   0x00001764   0x000000d0   Code   RO           41    .text.SYSCFG_DL_GPIO_init  ti_msp_dl_config.o
    0x00001834   0x00001834   0x00000048   Code   RO           57    .text.SYSCFG_DL_GRAY_OUT_init  ti_msp_dl_config.o
    0x0000187c   0x0000187c   0x00000038   Code   RO           49    .text.SYSCFG_DL_Huidu_Time_init  ti_msp_dl_config.o
    0x000018b4   0x000018b4   0x00000030   Code   RO           53    .text.SYSCFG_DL_I2C_0_init  ti_msp_dl_config.o
    0x000018e4   0x000018e4   0x0000008c   Code   RO           45    .text.SYSCFG_DL_PWM_init  ti_msp_dl_config.o
    0x00001970   0x00001970   0x00000038   Code   RO           51    .text.SYSCFG_DL_Pid_Time_init  ti_msp_dl_config.o
    0x000019a8   0x000019a8   0x00000078   Code   RO           43    .text.SYSCFG_DL_SYSCTL_init  ti_msp_dl_config.o
    0x00001a20   0x00001a20   0x00000038   Code   RO           47    .text.SYSCFG_DL_TIME_End_init  ti_msp_dl_config.o
    0x00001a58   0x00001a58   0x00000040   Code   RO           37    .text.SYSCFG_DL_init  ti_msp_dl_config.o
    0x00001a98   0x00001a98   0x0000007c   Code   RO           39    .text.SYSCFG_DL_initPower  ti_msp_dl_config.o
    0x00001b14   0x00001b14   0x0000000c   Code   RO          182    .text.TIMG6_IRQHandler  encoder.o
    0x00001b20   0x00001b20   0x00000020   Code   RO            6    .text.TIMG7_IRQHandler  empty.o
    0x00001b40   0x00001b40   0x00000040   Code   RO            4    .text.TIMG8_IRQHandler  empty.o
    0x00001b80   0x00001b80   0x000000f6   Code   RO          146    .text.convertAnalogToDigital  no_mcu_ganv_grayscale_sensor.o
    0x00001c76   0x00001c76   0x00000002   PAD
    0x00001c78   0x00001c78   0x00000018   Code   RO          176    .text.encoder_init  encoder.o
    0x00001c90   0x00001c90   0x000000cc   Code   RO            2    .text.main          empty.o
    0x00001d5c   0x00001d5c   0x00000028   Code   RO          130    .text.motorA_duty   motor.o
    0x00001d84   0x00001d84   0x00000030   Code   RO          132    .text.motorB_duty   motor.o
    0x00001db4   0x00001db4   0x00000014   Code   RO          233    .text.motor_target_set  pid.o
    0x00001dc8   0x00001dc8   0x0000022e   Code   RO          150    .text.normalizeAnalogValues  no_mcu_ganv_grayscale_sensor.o
    0x00001ff6   0x00001ff6   0x00000002   PAD
    0x00001ff8   0x00001ff8   0x0000011c   Code   RO          235    .text.pid_control   pid.o
    0x00002114   0x00002114   0x0000000e   Code   RO          231    .text.pid_init      pid.o
    0x00002122   0x00002122   0x00000002   PAD
    0x00002124   0x00002124   0x00000024   Code   RO          178    .text.timer_init    encoder.o
    0x00002148   0x00002148   0x000000a8   Code   RO          218    .text.track         gray_track.o
    0x000021f0   0x000021f0   0x00000016   Code   RO          491    i._dgr              fz_ps.l(dcmp.o)
    0x00002206   0x00002206   0x00000002   PAD
    0x00002208   0x00002208   0x00000064   Code   RO          526    x$fpl$dgeqf         fz_ps.l(dgef.o)
    0x0000226c   0x0000226c   0x00000000   Code   RO          530    x$fpl$usenofp       fz_ps.l(usenofp.o)
    0x0000226c   0x0000226c   0x000005f0   Data   RO          121    .rodata.OLED_F8x16  oled.o
    0x0000285c   0x0000285c   0x00000008   Data   RO           75    .rodata.gADC_VOLTAGEClockConfig  ti_msp_dl_config.o
    0x00002864   0x00002864   0x00000008   Data   RO           76    .rodata.gGRAY_OUTClockConfig  ti_msp_dl_config.o
    0x0000286c   0x0000286c   0x00000003   Data   RO           70    .rodata.gHuidu_TimeClockConfig  ti_msp_dl_config.o
    0x0000286f   0x0000286f   0x00000001   PAD
    0x00002870   0x00002870   0x00000014   Data   RO           71    .rodata.gHuidu_TimeTimerConfig  ti_msp_dl_config.o
    0x00002884   0x00002884   0x00000002   Data   RO           74    .rodata.gI2C_0ClockConfig  ti_msp_dl_config.o
    0x00002886   0x00002886   0x00000003   Data   RO           66    .rodata.gPWMClockConfig  ti_msp_dl_config.o
    0x00002889   0x00002889   0x00000003   PAD
    0x0000288c   0x0000288c   0x00000008   Data   RO           67    .rodata.gPWMConfig  ti_msp_dl_config.o
    0x00002894   0x00002894   0x00000003   Data   RO           72    .rodata.gPid_TimeClockConfig  ti_msp_dl_config.o
    0x00002897   0x00002897   0x00000001   PAD
    0x00002898   0x00002898   0x00000014   Data   RO           73    .rodata.gPid_TimeTimerConfig  ti_msp_dl_config.o
    0x000028ac   0x000028ac   0x00000028   Data   RO           65    .rodata.gSYSPLLConfig  ti_msp_dl_config.o
    0x000028d4   0x000028d4   0x00000003   Data   RO           68    .rodata.gTIME_EndClockConfig  ti_msp_dl_config.o
    0x000028d7   0x000028d7   0x00000001   PAD
    0x000028d8   0x000028d8   0x00000014   Data   RO           69    .rodata.gTIME_EndTimerConfig  ti_msp_dl_config.o
    0x000028ec   0x000028ec   0x00000013   Data   RO           16    .rodata.str1.1      empty.o
    0x000028ff   0x000028ff   0x00000001   PAD
    0x00002900   0x00002900   0x00000010   Data   RO          708    Region$$Table       anon$$obj.o


    Execution Region RW_IRAM2 (Exec base: 0x20200000, Load base: 0x00002910, Size: 0x00000470, Max: 0x00008000, ABSOLUTE)

    Exec Addr    Load Addr    Size         Type   Attr      Idx    E Section Name        Object

    0x20200000        -       0x00000060   Zero   RW          572    .bss                c_p.l(libspace.o)
    0x20200060        -       0x00000010   Zero   RW            8    .bss.Anolog         empty.o
    0x20200070        -       0x00000001   Zero   RW           17    .bss.Digtal         empty.o
    0x20200071   0x00002910   0x00000001   PAD
    0x20200072        -       0x00000010   Zero   RW           11    .bss.Digtal_sign    empty.o
    0x20200082   0x00002910   0x00000006   PAD
    0x20200088        -       0x00000018   Zero   RW          184    .bss.Encoder        encoder.o
    0x202000a0        -       0x00000001   Zero   RW          208    .bss.Key_Scan.key2_flag  key.o
    0x202000a1        -       0x00000001   Zero   RW          209    .bss.Key_Scan.key4_flag  key.o
    0x202000a2        -       0x00000002   Zero   RW          205    .bss.click_N_Double.Forever_count  key.o
    0x202000a4        -       0x00000001   Zero   RW          202    .bss.click_N_Double.count_key  key.o
    0x202000a5   0x00002910   0x00000001   PAD
    0x202000a6        -       0x00000002   Zero   RW          204    .bss.click_N_Double.count_single  key.o
    0x202000a8        -       0x00000001   Zero   RW          203    .bss.click_N_Double.double_key  key.o
    0x202000a9        -       0x00000001   Zero   RW          201    .bss.click_N_Double.flag_key  key.o
    0x202000aa        -       0x00000001   Zero   RW           13    .bss.flag1          empty.o
    0x202000ab   0x00002910   0x00000001   PAD
    0x202000ac        -       0x000000a0   Zero   RW           64    .bss.gHuidu_TimeBackup  ti_msp_dl_config.o
    0x2020014c        -       0x000000a0   Zero   RW           63    .bss.gTIME_EndBackup  ti_msp_dl_config.o
    0x202001ec        -       0x00000034   Zero   RW          241    .bss.motorA         pid.o
    0x20200220        -       0x00000034   Zero   RW          242    .bss.motorB         pid.o
    0x20200254        -       0x00000064   Zero   RW           15    .bss.response       empty.o
    0x202002b8        -       0x000000b0   Zero   RW           14    .bss.sensor         empty.o
    0x20200368        -       0x00000001   Zero   RW          220    .bss.track.left_flag  gray_track.o
    0x20200369   0x00002910   0x00000003   PAD
    0x2020036c        -       0x00000001   Zero   RW          221    .bss.track.right_flag  gray_track.o
    0x2020036d   0x00002910   0x00000003   PAD
    0x20200370        -       0x00000000   Zero   RW           28    HEAP                startup_mspm0g350x_uvision.o
    0x20200370        -       0x00000100   Zero   RW           27    STACK               startup_mspm0g350x_uvision.o



  Load Region LR_BCR (Base: 0x41c00000, Size: 0x00000000, Max: 0x00000100, ABSOLUTE)

    Execution Region BCR_CONFIG (Exec base: 0x41c00000, Load base: 0x41c00000, Size: 0x00000000, Max: 0x000000ff, ABSOLUTE)

    **** No section assigned to this execution region ****



  Load Region LR_BSL (Base: 0x41c00100, Size: 0x00000000, Max: 0x00000100, ABSOLUTE)

    Execution Region BSL_CONFIG (Exec base: 0x41c00100, Load base: 0x41c00100, Size: 0x00000000, Max: 0x00000080, ABSOLUTE)

    **** No section assigned to this execution region ****


==============================================================================

Image component sizes


      Code (inc. data)   RO Data    RW Data    ZI Data      Debug   Object Name

       300         40         19          0        310       4818   empty.o
       312         36          0          0         24       9618   encoder.o
       168         12          0          0          2        726   gray_track.o
       248         36          0          0          9       5331   key.o
        88          8          0          0          0       6330   motor.o
      1448         20          0          0          0      15536   no_mcu_ganv_grayscale_sensor.o
      1392         16       1520          0          0      21374   oled.o
       318         24          0          0        104       2591   pid.o
        44         18        192          0        256        676   startup_mspm0g350x_uvision.o
       992        244        138          0        320      31956   ti_msp_dl_config.o

    ----------------------------------------------------------------------
      5320        454       1892          0       1040      98956   Object Totals
         0          0         16          0          0          0   (incl. Generated)
        10          0          7          0         15          0   (incl. Padding)

    ----------------------------------------------------------------------

      Code (inc. data)   RO Data    RW Data    ZI Data      Debug   Library Member Name

         8          0          0          0          0         68   __main.o
       108          0          0          0          0         76   __printf.o
         0          0          0          0          0          0   __rtentry.o
        12          0          0          0          0          0   __rtentry2.o
         6          0          0          0          0          0   __rtentry4.o
        60          8          0          0          0          0   __scatter.o
        28          0          0          0          0          0   __scatter_zi.o
        48          6          0          0          0         88   _printf_char_common.o
        10          0          0          0          0          0   _printf_d.o
       108         18          0          0          0         76   _printf_dec.o
       176          0          0          0          0         84   _printf_intcommon.o
         2          0          0          0          0          0   _printf_percent.o
         4          0          0          0          0          0   _printf_percent_end.o
        10          0          0          0          0         60   _sputc.o
        16          0          0          0          0         68   exit.o
         6          0          0          0          0        136   heapauxi.o
         0          0          0          0          0          0   indicate_semi.o
         2          0          0          0          0          0   libinit.o
         2          0          0          0          0          0   libinit2.o
         2          0          0          0          0          0   libshutdown.o
         2          0          0          0          0          0   libshutdown2.o
         8          4          0          0         96         68   libspace.o
        40          4          0          0          0         84   noretval__2sprintf.o
        64          0          0          0          0        108   rt_memclr.o
       186          0          0          0          0        144   rt_memcpy.o
         2          0          0          0          0          0   rtexit.o
        10          0          0          0          0          0   rtexit2.o
        40          0          0          0          0         60   rtudiv10.o
        12          4          0          0          0         60   sys_exit.o
        62          0          0          0          0         80   sys_stackheap_outer.o
         2          0          0          0          0         68   use_no_semi.o
        64          8          0          0          0       4710   dl_adc12.o
        10          0          0          0          0        791   dl_common.o
        38          0          0          0          0       8608   dl_i2c.o
       316         28          0          0          0      12865   dl_sysctl_mspm0g1x0x_g3x0x.o
       600        192          0          0          0      41545   dl_timer.o
        46          0          0          0          0         60   cmpret.o
        22          0          0          0          0         68   dcmp.o
       160          6          0          0          0         76   dcmpin.o
       108         10          0          0          0         72   dfixi.o
        88          0          0          0          0         92   dflti.o
       100          4          0          0          0         92   dgef.o
       584         26          0          0          0         84   dmul.o
        20          6          0          0          0         68   dnan2.o
        94          0          0          0          0         68   retnan.o
         0          0          0          0          0          0   usenofp.o

    ----------------------------------------------------------------------
      3300        328          0          0         96      70527   Library Totals
        14          4          0          0          0          0   (incl. Padding)

    ----------------------------------------------------------------------

      Code (inc. data)   RO Data    RW Data    ZI Data      Debug   Library Name

      1036         44          0          0         96       1328   c_p.l
      1028        228          0          0          0      68519   driverlib.a
      1222         52          0          0          0        680   fz_ps.l

    ----------------------------------------------------------------------
      3300        328          0          0         96      70527   Library Totals

    ----------------------------------------------------------------------

==============================================================================


      Code (inc. data)   RO Data    RW Data    ZI Data      Debug   

      8620        782       1892          0       1136     168211   Grand Totals
      8620        782       1892          0       1136     168211   ELF Image Totals
      8620        782       1892          0          0          0   ROM Totals

==============================================================================

    Total RO  Size (Code + RO Data)                10512 (  10.27kB)
    Total RW  Size (RW Data + ZI Data)              1136 (   1.11kB)
    Total ROM Size (Code + RO Data + RW Data)      10512 (  10.27kB)

==============================================================================

