Component: ARM Compiler 6.14.1 Tool: armlink [5db06d00]

==============================================================================

Section Cross References

    empty.o(.text.main) refers to encoder.o(.text.timer_init) for timer_init
    empty.o(.text.main) refers to ti_msp_dl_config.o(.text.SYSCFG_DL_init) for SYSCFG_DL_init
    empty.o(.text.main) refers to no_mcu_ganv_grayscale_sensor.o(.text.No_MCU_Ganv_Sensor_Init) for No_MCU_Ganv_Sensor_Init
    empty.o(.text.main) refers to encoder.o(.text.encoder_init) for encoder_init
    empty.o(.text.main) refers to pid.o(.text.pid_init) for pid_init
    empty.o(.text.main) refers to oled.o(.text.OLED_Init) for OLED_Init
    empty.o(.text.main) refers to oled.o(.text.OLED_ShowString) for OLED_ShowString
    empty.o(.text.main) refers to rt_memcpy.o(.text) for __aeabi_memcpy
    empty.o(.text.main) refers to no_mcu_ganv_grayscale_sensor.o(.text.No_Mcu_Ganv_Sensor_Task_Without_tick) for No_Mcu_Ganv_Sensor_Task_Without_tick
    empty.o(.text.main) refers to oled.o(.text.OLED_ShowSignedNum) for OLED_ShowSignedNum
    empty.o(.text.main) refers to empty.o(.bss.sensor) for sensor
    empty.o(.text.main) refers to empty.o(.data.white) for white
    empty.o(.text.main) refers to empty.o(.data.black) for black
    empty.o(.text.main) refers to pid.o(.bss.motorA) for motorA
    empty.o(.text.main) refers to pid.o(.bss.motorB) for motorB
    empty.o(.text.main) refers to empty.o(.bss.response) for response
    empty.o(.text.main) refers to empty.o(.rodata.str1.1) for .L.str.1
    empty.o(.text.main) refers to empty.o(.bss.Digtal_sign) for Digtal_sign
    empty.o(.text.main) refers to empty.o(.bss.times) for times
    empty.o(.text.main) refers to empty.o(.bss.encoder_count) for encoder_count
    empty.o(.text.main) refers to empty.o(.bss.flag1) for flag1
    empty.o(.ARM.exidx.text.main) refers to empty.o(.text.main) for [Anonymous Symbol]
    empty.o(.text.TIMG8_IRQHandler) refers to pid.o(.text.pid_control) for pid_control
    empty.o(.text.TIMG8_IRQHandler) refers to empty.o(.bss.flag1) for flag1
    empty.o(.text.TIMG8_IRQHandler) refers to encoder.o(.bss.Encoder) for Encoder
    empty.o(.text.TIMG8_IRQHandler) refers to pid.o(.bss.motorA) for motorA
    empty.o(.text.TIMG8_IRQHandler) refers to pid.o(.bss.motorB) for motorB
    empty.o(.ARM.exidx.text.TIMG8_IRQHandler) refers to empty.o(.text.TIMG8_IRQHandler) for [Anonymous Symbol]
    empty.o(.text.Key_Scan) refers to empty.o(.text.DL_GPIO_readPins) for DL_GPIO_readPins
    empty.o(.text.Key_Scan) refers to aeabi_sdivfast.o(.text) for __aeabi_uidivmod
    empty.o(.text.Key_Scan) refers to motor.o(.text.motorA_duty) for motorA_duty
    empty.o(.text.Key_Scan) refers to motor.o(.text.motorB_duty) for motorB_duty
    empty.o(.text.Key_Scan) refers to empty.o(.bss.key1_flag) for key1_flag
    empty.o(.text.Key_Scan) refers to empty.o(.bss.key1_temp) for key1_temp
    empty.o(.text.Key_Scan) refers to empty.o(.bss.flag1) for flag1
    empty.o(.text.Key_Scan) refers to empty.o(.bss.key2_flag) for key2_flag
    empty.o(.text.Key_Scan) refers to empty.o(.bss.key2_temp) for key2_temp
    empty.o(.text.Key_Scan) refers to empty.o(.bss.times) for times
    empty.o(.text.Key_Scan) refers to empty.o(.bss.key4_flag) for key4_flag
    empty.o(.text.Key_Scan) refers to empty.o(.bss.key4_temp) for key4_temp
    empty.o(.text.Key_Scan) refers to empty.o(.bss.encoder_count) for encoder_count
    empty.o(.ARM.exidx.text.Key_Scan) refers to empty.o(.text.Key_Scan) for [Anonymous Symbol]
    empty.o(.ARM.exidx.text.DL_GPIO_readPins) refers to empty.o(.text.DL_GPIO_readPins) for [Anonymous Symbol]
    empty.o(.text.TIMG7_IRQHandler) refers to empty.o(.text.Key_Scan) for Key_Scan
    empty.o(.text.TIMG7_IRQHandler) refers to motor.o(.text.motorA_duty) for motorA_duty
    empty.o(.text.TIMG7_IRQHandler) refers to motor.o(.text.motorB_duty) for motorB_duty
    empty.o(.text.TIMG7_IRQHandler) refers to empty.o(.bss.times) for times
    empty.o(.text.TIMG7_IRQHandler) refers to empty.o(.bss.encoder_count) for encoder_count
    empty.o(.text.TIMG7_IRQHandler) refers to empty.o(.bss.flag1) for flag1
    empty.o(.ARM.exidx.text.TIMG7_IRQHandler) refers to empty.o(.text.TIMG7_IRQHandler) for [Anonymous Symbol]
    startup_mspm0g350x_uvision.o(STACK) refers (Special) to heapauxi.o(.text) for __use_two_region_memory
    startup_mspm0g350x_uvision.o(HEAP) refers (Special) to heapauxi.o(.text) for __use_two_region_memory
    startup_mspm0g350x_uvision.o(RESET) refers (Special) to heapauxi.o(.text) for __use_two_region_memory
    startup_mspm0g350x_uvision.o(RESET) refers to startup_mspm0g350x_uvision.o(STACK) for __initial_sp
    startup_mspm0g350x_uvision.o(RESET) refers to startup_mspm0g350x_uvision.o(.text) for Reset_Handler
    startup_mspm0g350x_uvision.o(RESET) refers to encoder.o(.text.GROUP1_IRQHandler) for GROUP1_IRQHandler
    startup_mspm0g350x_uvision.o(RESET) refers to empty.o(.text.TIMG8_IRQHandler) for TIMG8_IRQHandler
[...]
    DL_GPIO_enableHiZ                        0x00001235   Thumb Code    16  ti_msp_dl_config.o(.text.DL_GPIO_enableHiZ)
    [Anonymous Symbol]                       0x00001234   Section        0  ti_msp_dl_config.o(.text.DL_GPIO_enableHiZ)
    DL_GPIO_enableInterrupt                  0x00001245   Thumb Code    12  ti_msp_dl_config.o(.text.DL_GPIO_enableInterrupt)
    [Anonymous Symbol]                       0x00001244   Section        0  ti_msp_dl_config.o(.text.DL_GPIO_enableInterrupt)
    DL_GPIO_enableOutput                     0x00001251   Thumb Code    12  ti_msp_dl_config.o(.text.DL_GPIO_enableOutput)
    [Anonymous Symbol]                       0x00001250   Section        0  ti_msp_dl_config.o(.text.DL_GPIO_enableOutput)
    __arm_cp.23_0                            0x00001258   Number         4  ti_msp_dl_config.o(.text.DL_GPIO_enableOutput)
    DL_GPIO_enablePower                      0x0000125d   Thumb Code    12  ti_msp_dl_config.o(.text.DL_GPIO_enablePower)
    [Anonymous Symbol]                       0x0000125c   Section        0  ti_msp_dl_config.o(.text.DL_GPIO_enablePower)
    DL_GPIO_getEnabledInterruptStatus        0x00001269   Thumb Code    12  encoder.o(.text.DL_GPIO_getEnabledInterruptStatus)
    [Anonymous Symbol]                       0x00001268   Section        0  encoder.o(.text.DL_GPIO_getEnabledInterruptStatus)
    __arm_cp.5_0                             0x00001270   Number         4  encoder.o(.text.DL_GPIO_getEnabledInterruptStatus)
    DL_GPIO_initDigitalInputFeatures         0x00001275   Thumb Code    16  ti_msp_dl_config.o(.text.DL_GPIO_initDigitalInputFeatures)
    [Anonymous Symbol]                       0x00001274   Section        0  ti_msp_dl_config.o(.text.DL_GPIO_initDigitalInputFeatures)
    __arm_cp.27_1                            0x00001280   Number         4  ti_msp_dl_config.o(.text.DL_GPIO_initDigitalInputFeatures)
    DL_GPIO_initDigitalOutput                0x00001285   Thumb Code    12  ti_msp_dl_config.o(.text.DL_GPIO_initDigitalOutput)
    [Anonymous Symbol]                       0x00001284   Section        0  ti_msp_dl_config.o(.text.DL_GPIO_initDigitalOutput)
    DL_GPIO_initPeripheralAnalogFunction     0x00001291   Thumb Code    12  ti_msp_dl_config.o(.text.DL_GPIO_initPeripheralAnalogFunction)
    [Anonymous Symbol]                       0x00001290   Section        0  ti_msp_dl_config.o(.text.DL_GPIO_initPeripheralAnalogFunction)
    DL_GPIO_initPeripheralInputFunctionFeatures 0x0000129d   Thumb Code    16  ti_msp_dl_config.o(.text.DL_GPIO_initPeripheralInputFunctionFeatures)
    [Anonymous Symbol]                       0x0000129c   Section        0  ti_msp_dl_config.o(.text.DL_GPIO_initPeripheralInputFunctionFeatures)
    __arm_cp.24_1                            0x000012a8   Number         4  ti_msp_dl_config.o(.text.DL_GPIO_initPeripheralInputFunctionFeatures)
    DL_GPIO_initPeripheralOutputFunction     0x000012ad   Thumb Code    16  ti_msp_dl_config.o(.text.DL_GPIO_initPeripheralOutputFunction)
    [Anonymous Symbol]                       0x000012ac   Section        0  ti_msp_dl_config.o(.text.DL_GPIO_initPeripheralOutputFunction)
    __arm_cp.22_0                            0x000012b8   Number         4  ti_msp_dl_config.o(.text.DL_GPIO_initPeripheralOutputFunction)
    DL_GPIO_readPins                         0x000012bd   Thumb Code    12  empty.o(.text.DL_GPIO_readPins)
    [Anonymous Symbol]                       0x000012bc   Section        0  empty.o(.text.DL_GPIO_readPins)
    __arm_cp.3_0                             0x000012c4   Number         4  empty.o(.text.DL_GPIO_readPins)
    DL_GPIO_readPins                         0x000012c9   Thumb Code    10  encoder.o(.text.DL_GPIO_readPins)
    [Anonymous Symbol]                       0x000012c8   Section        0  encoder.o(.text.DL_GPIO_readPins)
    DL_GPIO_reset                            0x000012d5   Thumb Code    12  ti_msp_dl_config.o(.text.DL_GPIO_reset)
    [Anonymous Symbol]                       0x000012d4   Section        0  ti_msp_dl_config.o(.text.DL_GPIO_reset)
    __arm_cp.13_0                            0x000012dc   Number         4  ti_msp_dl_config.o(.text.DL_GPIO_reset)
    DL_GPIO_setPins                          0x000012e1   Thumb Code    12  oled.o(.text.DL_GPIO_setPins)
    [Anonymous Symbol]                       0x000012e0   Section        0  oled.o(.text.DL_GPIO_setPins)
    __arm_cp.2_0                             0x000012e8   Number         4  oled.o(.text.DL_GPIO_setPins)
    DL_GPIO_setPins                          0x000012ed   Thumb Code    12  motor.o(.text.DL_GPIO_setPins)
    [Anonymous Symbol]                       0x000012ec   Section        0  motor.o(.text.DL_GPIO_setPins)
    __arm_cp.1_0                             0x000012f4   Number         4  motor.o(.text.DL_GPIO_setPins)
    DL_GPIO_setPins                          0x000012f9   Thumb Code    12  no_mcu_ganv_grayscale_sensor.o(.text.DL_GPIO_setPins)
    [Anonymous Symbol]                       0x000012f8   Section        0  no_mcu_ganv_grayscale_sensor.o(.text.DL_GPIO_setPins)
    __arm_cp.8_0                             0x00001300   Number         4  no_mcu_ganv_grayscale_sensor.o(.text.DL_GPIO_setPins)
    DL_GPIO_setUpperPinsPolarity             0x00001305   Thumb Code    12  ti_msp_dl_config.o(.text.DL_GPIO_setUpperPinsPolarity)
    [Anonymous Symbol]                       0x00001304   Section        0  ti_msp_dl_config.o(.text.DL_GPIO_setUpperPinsPolarity)
    DL_I2C_enableAnalogGlitchFilter          0x00001311   Thumb Code    16  ti_msp_dl_config.o(.text.DL_I2C_enableAnalogGlitchFilter)
    [Anonymous Symbol]                       0x00001310   Section        0  ti_msp_dl_config.o(.text.DL_I2C_enableAnalogGlitchFilter)
    DL_I2C_enablePower                       0x00001321   Thumb Code    16  ti_msp_dl_config.o(.text.DL_I2C_enablePower)
    [Anonymous Symbol]                       0x00001320   Section        0  ti_msp_dl_config.o(.text.DL_I2C_enablePower)
    __arm_cp.19_0                            0x00001328   Number         4  ti_msp_dl_config.o(.text.DL_I2C_enablePower)
    __arm_cp.19_1                            0x0000132c   Number         4  ti_msp_dl_config.o(.text.DL_I2C_enablePower)
    DL_I2C_reset                             0x00001331   Thumb Code    16  ti_msp_dl_config.o(.text.DL_I2C_reset)
    [Anonymous Symbol]                       0x00001330   Section        0  ti_msp_dl_config.o(.text.DL_I2C_reset)
    __arm_cp.15_0                            0x00001338   Number         4  ti_msp_dl_config.o(.text.DL_I2C_reset)
    __arm_cp.15_1                            0x0000133c   Number         4  ti_msp_dl_config.o(.text.DL_I2C_reset)
    DL_I2C_setAnalogGlitchFilterPulseWidth   0x00001341   Thumb Code    20  ti_msp_dl_config.o(.text.DL_I2C_setAnalogGlitchFilterPulseWidth)
    [Anonymous Symbol]                       0x00001340   Section        0  ti_msp_dl_config.o(.text.DL_I2C_setAnalogGlitchFilterPulseWidth)
    __arm_cp.43_0                            0x00001350   Number         4  ti_msp_dl_config.o(.text.DL_I2C_setAnalogGlitchFilterPulseWidth)
    [Anonymous Symbol]                       0x00001354   Section        0  dl_i2c.o(.text.DL_I2C_setClockConfig)
    [Anonymous Symbol]                       0x0000137c   Section        0  dl_sysctl_mspm0g1x0x_g3x0x.o(.text.DL_SYSCTL_configSYSPLL)
    __arm_cp.0_2                             0x00001430   Number         4  dl_sysctl_mspm0g1x0x_g3x0x.o(.text.DL_SYSCTL_configSYSPLL)
    __arm_cp.0_3                             0x00001434   Number         4  dl_sysctl_mspm0g1x0x_g3x0x.o(.text.DL_SYSCTL_configSYSPLL)
    __arm_cp.0_4                             0x00001438   Number         4  dl_sysctl_mspm0g1x0x_g3x0x.o(.text.DL_SYSCTL_configSYSPLL)
    DL_SYSCTL_disableHFXT                    0x0000143d   Thumb Code    12  ti_msp_dl_config.o(.text.DL_SYSCTL_disableHFXT)
    [Anonymous Symbol]                       0x0000143c   Section        0  ti_msp_dl_config.o(.text.DL_SYSCTL_disableHFXT)
    DL_SYSCTL_disableSYSPLL                  0x00001449   Thumb Code    20  ti_msp_dl_config.o(.text.DL_SYSCTL_disableSYSPLL)
    [Anonymous Symbol]                       0x00001448   Section        0  ti_msp_dl_config.o(.text.DL_SYSCTL_disableSYSPLL)
    __arm_cp.36_0                            0x00001458   Number         4  ti_msp_dl_config.o(.text.DL_SYSCTL_disableSYSPLL)
    DL_SYSCTL_setBORThreshold                0x0000145d   Thumb Code    12  ti_msp_dl_config.o(.text.DL_SYSCTL_setBORThreshold)
    [Anonymous Symbol]                       0x0000145c   Section        0  ti_msp_dl_config.o(.text.DL_SYSCTL_setBORThreshold)
    __arm_cp.32_0                            0x00001464   Number         4  ti_msp_dl_config.o(.text.DL_SYSCTL_setBORThreshold)
    DL_SYSCTL_setFlashWaitState              0x00001469   Thumb Code    20  ti_msp_dl_config.o(.text.DL_SYSCTL_setFlashWaitState)
    [Anonymous Symbol]                       0x00001468   Section        0  ti_msp_dl_config.o(.text.DL_SYSCTL_setFlashWaitState)
    [Anonymous Symbol]                       0x0000147c   Section        0  dl_sysctl_mspm0g1x0x_g3x0x.o(.text.DL_SYSCTL_setHFCLKSourceHFXTParams)
    __arm_cp.7_0                             0x000014c8   Number         4  dl_sysctl_mspm0g1x0x_g3x0x.o(.text.DL_SYSCTL_setHFCLKSourceHFXTParams)
    DL_SYSCTL_setSYSOSCFreq                  0x000014cd   Thumb Code    20  ti_msp_dl_config.o(.text.DL_SYSCTL_setSYSOSCFreq)
    [Anonymous Symbol]                       0x000014cc   Section        0  ti_msp_dl_config.o(.text.DL_SYSCTL_setSYSOSCFreq)
    __arm_cp.34_0                            0x000014dc   Number         4  ti_msp_dl_config.o(.text.DL_SYSCTL_setSYSOSCFreq)
    DL_SYSCTL_setULPCLKDivider               0x000014e1   Thumb Code    16  ti_msp_dl_config.o(.text.DL_SYSCTL_setULPCLKDivider)
    [Anonymous Symbol]                       0x000014e0   Section        0  ti_msp_dl_config.o(.text.DL_SYSCTL_setULPCLKDivider)
    [Anonymous Symbol]                       0x000014f0   Section        0  dl_sysctl_mspm0g1x0x_g3x0x.o(.text.DL_SYSCTL_switchMCLKfromSYSOSCtoHSCLK)
    __arm_cp.4_0                             0x00001510   Number         4  dl_sysctl_mspm0g1x0x_g3x0x.o(.text.DL_SYSCTL_switchMCLKfromSYSOSCtoHSCLK)
    __arm_cp.4_1                             0x00001514   Number         4  dl_sysctl_mspm0g1x0x_g3x0x.o(.text.DL_SYSCTL_switchMCLKfromSYSOSCtoHSCLK)
    DL_Timer_enableClock                     0x00001519   Thumb Code    12  ti_msp_dl_config.o(.text.DL_Timer_enableClock)
    [Anonymous Symbol]                       0x00001518   Section        0  ti_msp_dl_config.o(.text.DL_Timer_enableClock)
    __arm_cp.40_0                            0x00001520   Number         4  ti_msp_dl_config.o(.text.DL_Timer_enableClock)
    DL_Timer_enableInterrupt                 0x00001525   Thumb Code    16  ti_msp_dl_config.o(.text.DL_Timer_enableInterrupt)
    [Anonymous Symbol]                       0x00001524   Section        0  ti_msp_dl_config.o(.text.DL_Timer_enableInterrupt)
    __arm_cp.42_0                            0x00001530   Number         4  ti_msp_dl_config.o(.text.DL_Timer_enableInterrupt)
    DL_Timer_enablePower                     0x00001535   Thumb Code    16  ti_msp_dl_config.o(.text.DL_Timer_enablePower)
    [Anonymous Symbol]                       0x00001534   Section        0  ti_msp_dl_config.o(.text.DL_Timer_enablePower)
    __arm_cp.18_0                            0x00001540   Number         4  ti_msp_dl_config.o(.text.DL_Timer_enablePower)
    DL_Timer_getPendingInterrupt             0x00001545   Thumb Code    12  encoder.o(.text.DL_Timer_getPendingInterrupt)
    [Anonymous Symbol]                       0x00001544   Section        0  encoder.o(.text.DL_Timer_getPendingInterrupt)
    __arm_cp.9_0                             0x0000154c   Number         4  encoder.o(.text.DL_Timer_getPendingInterrupt)
    [Anonymous Symbol]                       0x00001550   Section        0  dl_timer.o(.text.DL_Timer_initFourCCPWMMode)
    __arm_cp.40_1                            0x00001644   Number         4  dl_timer.o(.text.DL_Timer_initFourCCPWMMode)
    __arm_cp.40_2                            0x00001648   Number         4  dl_timer.o(.text.DL_Timer_initFourCCPWMMode)
    __arm_cp.40_4                            0x0000164c   Number         4  dl_timer.o(.text.DL_Timer_initFourCCPWMMode)
    __arm_cp.40_5                            0x00001650   Number         4  dl_timer.o(.text.DL_Timer_initFourCCPWMMode)
    __arm_cp.40_6                            0x00001654   Number         4  dl_timer.o(.text.DL_Timer_initFourCCPWMMode)
    [Anonymous Symbol]                       0x00001658   Section        0  dl_timer.o(.text.DL_Timer_initTimerMode)
    __arm_cp.2_0                             0x00001738   Number         4  dl_timer.o(.text.DL_Timer_initTimerMode)
    __arm_cp.2_1                             0x0000173c   Number         4  dl_timer.o(.text.DL_Timer_initTimerMode)
    __arm_cp.2_2                             0x00001740   Number         4  dl_timer.o(.text.DL_Timer_initTimerMode)
    __arm_cp.2_3                             0x00001744   Number         4  dl_timer.o(.text.DL_Timer_initTimerMode)
    DL_Timer_reset                           0x00001749   Thumb Code    16  ti_msp_dl_config.o(.text.DL_Timer_reset)
    [Anonymous Symbol]                       0x00001748   Section        0  ti_msp_dl_config.o(.text.DL_Timer_reset)
    __arm_cp.14_0                            0x00001750   Number         4  ti_msp_dl_config.o(.text.DL_Timer_reset)
    __arm_cp.14_1                            0x00001754   Number         4  ti_msp_dl_config.o(.text.DL_Timer_reset)
    DL_Timer_setCCPDirection                 0x00001759   Thumb Code    12  ti_msp_dl_config.o(.text.DL_Timer_setCCPDirection)
    [Anonymous Symbol]                       0x00001758   Section        0  ti_msp_dl_config.o(.text.DL_Timer_setCCPDirection)
    __arm_cp.41_0                            0x00001760   Number         4  ti_msp_dl_config.o(.text.DL_Timer_setCCPDirection)
    [Anonymous Symbol]                       0x00001764   Section        0  dl_timer.o(.text.DL_Timer_setCaptCompUpdateMethod)
    __arm_cp.23_0                            0x0000177c   Number         4  dl_timer.o(.text.DL_Timer_setCaptCompUpdateMethod)
    [Anonymous Symbol]                       0x00001780   Section        0  dl_timer.o(.text.DL_Timer_setCaptureCompareOutCtl)
    __arm_cp.27_0                            0x00001794   Number         4  dl_timer.o(.text.DL_Timer_setCaptureCompareOutCtl)
    [Anonymous Symbol]                       0x00001798   Section        0  dl_timer.o(.text.DL_Timer_setCaptureCompareValue)
    __arm_cp.3_0                             0x000017a4   Number         4  dl_timer.o(.text.DL_Timer_setCaptureCompareValue)
    [Anonymous Symbol]                       0x000017a8   Section        0  dl_timer.o(.text.DL_Timer_setClockConfig)
    __arm_cp.0_0                             0x000017c0   Number         4  dl_timer.o(.text.DL_Timer_setClockConfig)
    DL_Timer_setCounterControl               0x000017c5   Thumb Code    24  ti_msp_dl_config.o(.text.DL_Timer_setCounterControl)
    [Anonymous Symbol]                       0x000017c4   Section        0  ti_msp_dl_config.o(.text.DL_Timer_setCounterControl)
    __arm_cp.39_0                            0x000017d4   Number         4  ti_msp_dl_config.o(.text.DL_Timer_setCounterControl)
    __arm_cp.39_1                            0x000017d8   Number         4  ti_msp_dl_config.o(.text.DL_Timer_setCounterControl)
    [Anonymous Symbol]                       0x000017dc   Section        0  encoder.o(.text.GROUP1_IRQHandler)
    __arm_cp.4_2                             0x000018f4   Number         4  encoder.o(.text.GROUP1_IRQHandler)
    [Anonymous Symbol]                       0x000018f8   Section        0  no_mcu_ganv_grayscale_sensor.o(.text.GetDigital)
    [Anonymous Symbol]                       0x00001920   Section        0  no_mcu_ganv_grayscale_sensor.o(.text.Get_Analog_value)
    __arm_cp.7_0                             0x000019a8   Number         4  no_mcu_ganv_grayscale_sensor.o(.text.Get_Analog_value)
    __arm_cp.7_1                             0x000019ac   Number         4  no_mcu_ganv_grayscale_sensor.o(.text.Get_Analog_value)
    [Anonymous Symbol]                       0x000019b0   Section        0  empty.o(.text.Key_Scan)
    __arm_cp.2_0                             0x00001a44   Number         4  empty.o(.text.Key_Scan)
    __arm_cp.2_1                             0x00001a48   Number         4  empty.o(.text.Key_Scan)
    __arm_cp.2_2                             0x00001a4c   Number         4  empty.o(.text.Key_Scan)
    __arm_cp.2_3                             0x00001a50   Number         4  empty.o(.text.Key_Scan)
    __arm_cp.2_4                             0x00001a54   Number         4  empty.o(.text.Key_Scan)
    __arm_cp.2_5                             0x00001a58   Number         4  empty.o(.text.Key_Scan)
    __arm_cp.2_6                             0x00001a5c   Number         4  empty.o(.text.Key_Scan)
    __arm_cp.2_7                             0x00001a60   Number         4  empty.o(.text.Key_Scan)
    __arm_cp.2_8                             0x00001a64   Number         4  empty.o(.text.Key_Scan)
    [Anonymous Symbol]                       0x00001a68   Section        0  no_mcu_ganv_grayscale_sensor.o(.text.No_MCU_Ganv_Sensor_Init)
    __arm_cp.14_0                            0x00001b4c   Number         4  no_mcu_ganv_grayscale_sensor.o(.text.No_MCU_Ganv_Sensor_Init)
    [Anonymous Symbol]                       0x00001b50   Section        0  no_mcu_ganv_grayscale_sensor.o(.text.No_MCU_Ganv_Sensor_Init_Frist)
    [Anonymous Symbol]                       0x00001b6e   Section        0  no_mcu_ganv_grayscale_sensor.o(.text.No_Mcu_Ganv_Sensor_Task_Without_tick)
    [Anonymous Symbol]                       0x00001bc0   Section        0  oled.o(.text.OLED_Clear)
    [Anonymous Symbol]                       0x00001bec   Section        0  oled.o(.text.OLED_I2C_Init)
    [Anonymous Symbol]                       0x00001bfe   Section        0  oled.o(.text.OLED_I2C_SendByte)
    [Anonymous Symbol]                       0x00001c30   Section        0  oled.o(.text.OLED_I2C_Start)
    [Anonymous Symbol]                       0x00001c50   Section        0  oled.o(.text.OLED_I2C_Stop)
    [Anonymous Symbol]                       0x00001c68   Section        0  oled.o(.text.OLED_Init)
    [Anonymous Symbol]                       0x00001cfe   Section        0  oled.o(.text.OLED_Pow)
    [Anonymous Symbol]                       0x00001d12   Section        0  oled.o(.text.OLED_SetCursor)
    [Anonymous Symbol]                       0x00001d30   Section        0  oled.o(.text.OLED_ShowChar)
    __arm_cp.12_0                            0x00001d8c   Number         4  oled.o(.text.OLED_ShowChar)
    __arm_cp.12_1                            0x00001d90   Number         4  oled.o(.text.OLED_ShowChar)
    [Anonymous Symbol]                       0x00001d94   Section        0  oled.o(.text.OLED_ShowSignedNum)
    [Anonymous Symbol]                       0x00001dfe   Section        0  oled.o(.text.OLED_ShowString)
    [Anonymous Symbol]                       0x00001e2a   Section        0  oled.o(.text.OLED_W_SCL)
    [Anonymous Symbol]                       0x00001e48   Section        0  oled.o(.text.OLED_W_SDA)
    [Anonymous Symbol]                       0x00001e66   Section        0  oled.o(.text.OLED_WriteCommand)
    [Anonymous Symbol]                       0x00001e86   Section        0  oled.o(.text.OLED_WriteData)
    [Anonymous Symbol]                       0x00001ea8   Section        0  ti_msp_dl_config.o(.text.SYSCFG_DL_ADC_VOLTAGE_init)
    __arm_cp.9_0                             0x00001ecc   Number         4  ti_msp_dl_config.o(.text.SYSCFG_DL_ADC_VOLTAGE_init)
    [Anonymous Symbol]                       0x00001ed0   Section        0  ti_msp_dl_config.o(.text.SYSCFG_DL_GPIO_init)
    __arm_cp.2_1                             0x00001fe4   Number         4  ti_msp_dl_config.o(.text.SYSCFG_DL_GPIO_init)
    __arm_cp.2_3                             0x00001fe8   Number         4  ti_msp_dl_config.o(.text.SYSCFG_DL_GPIO_init)
    [Anonymous Symbol]                       0x00001fec   Section        0  ti_msp_dl_config.o(.text.SYSCFG_DL_GRAY_OUT_init)
    __arm_cp.10_1                            0x00002018   Number         4  ti_msp_dl_config.o(.text.SYSCFG_DL_GRAY_OUT_init)
    [Anonymous Symbol]                       0x0000201c   Section        0  ti_msp_dl_config.o(.text.SYSCFG_DL_Huidu_Time_init)
    __arm_cp.6_1                             0x00002048   Number         4  ti_msp_dl_config.o(.text.SYSCFG_DL_Huidu_Time_init)
    __arm_cp.6_2                             0x0000204c   Number         4  ti_msp_dl_config.o(.text.SYSCFG_DL_Huidu_Time_init)
    [Anonymous Symbol]                       0x00002050   Section        0  ti_msp_dl_config.o(.text.SYSCFG_DL_I2C_0_init)
    __arm_cp.8_0                             0x00002064   Number         4  ti_msp_dl_config.o(.text.SYSCFG_DL_I2C_0_init)
    __arm_cp.8_1                             0x00002068   Number         4  ti_msp_dl_config.o(.text.SYSCFG_DL_I2C_0_init)
    [Anonymous Symbol]                       0x0000206c   Section        0  ti_msp_dl_config.o(.text.SYSCFG_DL_PWM_init)
    __arm_cp.4_1                             0x000020e0   Number         4  ti_msp_dl_config.o(.text.SYSCFG_DL_PWM_init)
    __arm_cp.4_2                             0x000020e4   Number         4  ti_msp_dl_config.o(.text.SYSCFG_DL_PWM_init)
    [Anonymous Symbol]                       0x000020e8   Section        0  ti_msp_dl_config.o(.text.SYSCFG_DL_Pid_Time_init)
    __arm_cp.7_1                             0x00002114   Number         4  ti_msp_dl_config.o(.text.SYSCFG_DL_Pid_Time_init)
    __arm_cp.7_2                             0x00002118   Number         4  ti_msp_dl_config.o(.text.SYSCFG_DL_Pid_Time_init)
    [Anonymous Symbol]                       0x0000211c   Section        0  ti_msp_dl_config.o(.text.SYSCFG_DL_SYSCTL_init)
    __arm_cp.3_0                             0x0000215c   Number         4  ti_msp_dl_config.o(.text.SYSCFG_DL_SYSCTL_init)
    [Anonymous Symbol]                       0x00002160   Section        0  ti_msp_dl_config.o(.text.SYSCFG_DL_TIME_End_init)
    __arm_cp.5_1                             0x0000218c   Number         4  ti_msp_dl_config.o(.text.SYSCFG_DL_TIME_End_init)
    __arm_cp.5_2                             0x00002190   Number         4  ti_msp_dl_config.o(.text.SYSCFG_DL_TIME_End_init)
    [Anonymous Symbol]                       0x00002194   Section        0  ti_msp_dl_config.o(.text.SYSCFG_DL_init)
    __arm_cp.0_0                             0x000021cc   Number         4  ti_msp_dl_config.o(.text.SYSCFG_DL_init)
    __arm_cp.0_1                             0x000021d0   Number         4  ti_msp_dl_config.o(.text.SYSCFG_DL_init)
    [Anonymous Symbol]                       0x000021d4   Section        0  ti_msp_dl_config.o(.text.SYSCFG_DL_initPower)
    __arm_cp.1_0                             0x00002254   Number         4  ti_msp_dl_config.o(.text.SYSCFG_DL_initPower)
    __arm_cp.1_1                             0x00002258   Number         4  ti_msp_dl_config.o(.text.SYSCFG_DL_initPower)
    __arm_cp.1_2                             0x0000225c   Number         4  ti_msp_dl_config.o(.text.SYSCFG_DL_initPower)
    __arm_cp.1_3                             0x00002260   Number         4  ti_msp_dl_config.o(.text.SYSCFG_DL_initPower)
    __arm_cp.1_4                             0x00002264   Number         4  ti_msp_dl_config.o(.text.SYSCFG_DL_initPower)
    __arm_cp.1_5                             0x00002268   Number         4  ti_msp_dl_config.o(.text.SYSCFG_DL_initPower)
    __arm_cp.1_6                             0x0000226c   Number         4  ti_msp_dl_config.o(.text.SYSCFG_DL_initPower)
    [Anonymous Symbol]                       0x00002270   Section        0  encoder.o(.text.TIMG6_IRQHandler)
    [Anonymous Symbol]                       0x000022a0   Section        0  empty.o(.text.TIMG7_IRQHandler)
    [Anonymous Symbol]                       0x000022cc   Section        0  empty.o(.text.TIMG8_IRQHandler)
    __arm_cp.1_1                             0x000022ec   Number         4  empty.o(.text.TIMG8_IRQHandler)
    __NVIC_ClearPendingIRQ                   0x000022f1   Thumb Code    24  encoder.o(.text.__NVIC_ClearPendingIRQ)
    [Anonymous Symbol]                       0x000022f0   Section        0  encoder.o(.text.__NVIC_ClearPendingIRQ)
    __arm_cp.1_0                             0x00002304   Number         4  encoder.o(.text.__NVIC_ClearPendingIRQ)
    __NVIC_EnableIRQ                         0x00002309   Thumb Code    24  encoder.o(.text.__NVIC_EnableIRQ)
    [Anonymous Symbol]                       0x00002308   Section        0  encoder.o(.text.__NVIC_EnableIRQ)
    __arm_cp.2_0                             0x0000231c   Number         4  encoder.o(.text.__NVIC_EnableIRQ)
    __NVIC_SetPriority                       0x00002321   Thumb Code    64  ti_msp_dl_config.o(.text.__NVIC_SetPriority)
    [Anonymous Symbol]                       0x00002320   Section        0  ti_msp_dl_config.o(.text.__NVIC_SetPriority)
    __arm_cp.38_0                            0x00002358   Number         4  ti_msp_dl_config.o(.text.__NVIC_SetPriority)
    __arm_cp.38_1                            0x0000235c   Number         4  ti_msp_dl_config.o(.text.__NVIC_SetPriority)
    [Anonymous Symbol]                       0x00002360   Section        0  no_mcu_ganv_grayscale_sensor.o(.text.adc_getValue)
    [Anonymous Symbol]                       0x00002380   Section        0  no_mcu_ganv_grayscale_sensor.o(.text.convertAnalogToDigital)
    [Anonymous Symbol]                       0x000023b6   Section        0  encoder.o(.text.encoder_init)
    [Anonymous Symbol]                       0x000023d4   Section        0  empty.o(.text.main)
    __arm_cp.0_0                             0x0000249c   Number         4  empty.o(.text.main)
    __arm_cp.0_1                             0x000024a0   Number         4  empty.o(.text.main)
    __arm_cp.0_2                             0x000024a4   Number         4  empty.o(.text.main)
    __arm_cp.0_5                             0x000024a8   Number         4  empty.o(.text.main)
    __arm_cp.0_6                             0x000024ac   Number         4  empty.o(.text.main)
    __arm_cp.0_7                             0x000024b0   Number         4  empty.o(.text.main)
    __arm_cp.0_8                             0x000024b4   Number         4  empty.o(.text.main)
    __arm_cp.0_9                             0x000024b8   Number         4  empty.o(.text.main)
    __arm_cp.0_11                            0x000024bc   Number         4  empty.o(.text.main)
    __arm_cp.0_12                            0x000024c0   Number         4  empty.o(.text.main)
    __arm_cp.0_13                            0x000024c4   Number         4  empty.o(.text.main)
    __arm_cp.0_14                            0x000024c8   Number         4  empty.o(.text.main)
    [Anonymous Symbol]                       0x000024cc   Section        0  motor.o(.text.motorA_duty)
    [Anonymous Symbol]                       0x00002510   Section        0  motor.o(.text.motorB_duty)
    __arm_cp.3_0                             0x00002554   Number         4  motor.o(.text.motorB_duty)
    [Anonymous Symbol]                       0x00002558   Section        0  pid.o(.text.motor_target_set)
    [Anonymous Symbol]                       0x00002564   Section        0  no_mcu_ganv_grayscale_sensor.o(.text.normalizeAnalogValues)
    [Anonymous Symbol]                       0x000025d2   Section        0  pid.o(.text.pid_cal)
    [Anonymous Symbol]                       0x00002634   Section        0  pid.o(.text.pid_control)
    __arm_cp.3_0                             0x00002664   Number         4  pid.o(.text.pid_control)
    __arm_cp.3_1                             0x00002668   Number         4  pid.o(.text.pid_control)
    [Anonymous Symbol]                       0x0000266c   Section        0  pid.o(.text.pid_init)
    [Anonymous Symbol]                       0x0000267c   Section        0  pid.o(.text.pidout_limit)
    __arm_cp.5_0                             0x00002698   Number         4  pid.o(.text.pidout_limit)
    __arm_cp.5_1                             0x0000269c   Number         4  pid.o(.text.pidout_limit)
    [Anonymous Symbol]                       0x000026a0   Section        0  encoder.o(.text.timer_init)
    [Anonymous Symbol]                       0x000026d0   Section        0  gray_track.o(.text.track)
    __arm_cp.0_0                             0x00002768   Number         4  gray_track.o(.text.track)
    __arm_cp.0_1                             0x0000276c   Number         4  gray_track.o(.text.track)
    __arm_cp.0_2                             0x00002770   Number         4  gray_track.o(.text.track)
    .text_divfast                            0x00002774   Section      502  aeabi_sdivfast.o(.text_divfast)
    i._dgr                                   0x0000296a   Section        0  dcmp.o(i._dgr)
    x$fpl$dgeqf                              0x00002980   Section      100  dgef.o(x$fpl$dgeqf)
    ddiv_reciptbl                            0x000029e4   Data         128  ddiv.o(.constdata)
    .constdata                               0x000029e4   Section      128  ddiv.o(.constdata)
    x$fpl$usenofp                            0x000029e4   Section        0  usenofp.o(x$fpl$usenofp)
    gADC_VOLTAGEClockConfig                  0x00003054   Data           8  ti_msp_dl_config.o(.rodata.gADC_VOLTAGEClockConfig)
    [Anonymous Symbol]                       0x00003054   Section        0  ti_msp_dl_config.o(.rodata.gADC_VOLTAGEClockConfig)
    gGRAY_OUTClockConfig                     0x0000305c   Data           8  ti_msp_dl_config.o(.rodata.gGRAY_OUTClockConfig)
    [Anonymous Symbol]                       0x0000305c   Section        0  ti_msp_dl_config.o(.rodata.gGRAY_OUTClockConfig)
    gHuidu_TimeClockConfig                   0x00003064   Data           3  ti_msp_dl_config.o(.rodata.gHuidu_TimeClockConfig)
    [Anonymous Symbol]                       0x00003064   Section        0  ti_msp_dl_config.o(.rodata.gHuidu_TimeClockConfig)
    gHuidu_TimeTimerConfig                   0x00003068   Data          20  ti_msp_dl_config.o(.rodata.gHuidu_TimeTimerConfig)
    [Anonymous Symbol]                       0x00003068   Section        0  ti_msp_dl_config.o(.rodata.gHuidu_TimeTimerConfig)
    gI2C_0ClockConfig                        0x0000307c   Data           2  ti_msp_dl_config.o(.rodata.gI2C_0ClockConfig)
    [Anonymous Symbol]                       0x0000307c   Section        0  ti_msp_dl_config.o(.rodata.gI2C_0ClockConfig)
    gPWMClockConfig                          0x0000307e   Data           3  ti_msp_dl_config.o(.rodata.gPWMClockConfig)
    [Anonymous Symbol]                       0x0000307e   Section        0  ti_msp_dl_config.o(.rodata.gPWMClockConfig)
    gPWMConfig                               0x00003084   Data           8  ti_msp_dl_config.o(.rodata.gPWMConfig)
    [Anonymous Symbol]                       0x00003084   Section        0  ti_msp_dl_config.o(.rodata.gPWMConfig)
    gPid_TimeClockConfig                     0x0000308c   Data           3  ti_msp_dl_config.o(.rodata.gPid_TimeClockConfig)
    [Anonymous Symbol]                       0x0000308c   Section        0  ti_msp_dl_config.o(.rodata.gPid_TimeClockConfig)
    gPid_TimeTimerConfig                     0x00003090   Data          20  ti_msp_dl_config.o(.rodata.gPid_TimeTimerConfig)
    [Anonymous Symbol]                       0x00003090   Section        0  ti_msp_dl_config.o(.rodata.gPid_TimeTimerConfig)
    gSYSPLLConfig                            0x000030a4   Data          40  ti_msp_dl_config.o(.rodata.gSYSPLLConfig)
    [Anonymous Symbol]                       0x000030a4   Section        0  ti_msp_dl_config.o(.rodata.gSYSPLLConfig)
    gTIME_EndClockConfig                     0x000030cc   Data           3  ti_msp_dl_config.o(.rodata.gTIME_EndClockConfig)
    [Anonymous Symbol]                       0x000030cc   Section        0  ti_msp_dl_config.o(.rodata.gTIME_EndClockConfig)
    gTIME_EndTimerConfig                     0x000030d0   Data          20  ti_msp_dl_config.o(.rodata.gTIME_EndTimerConfig)
    [Anonymous Symbol]                       0x000030d0   Section        0  ti_msp_dl_config.o(.rodata.gTIME_EndTimerConfig)
    .L.str.1                                 0x000030e4   Data           7  empty.o(.rodata.str1.1)
    [Anonymous Symbol]                       0x000030e4   Section        0  empty.o(.rodata.str1.1)
    .L.str.2                                 0x000030eb   Data           7  empty.o(.rodata.str1.1)
    .bss                                     0x20200020   Section       96  libspace.o(.bss)
    track.left_flag                          0x20200334   Data           1  gray_track.o(.bss.track.left_flag)
    [Anonymous Symbol]                       0x20200334   Section        0  gray_track.o(.bss.track.left_flag)
    track.right_flag                         0x20200338   Data           1  gray_track.o(.bss.track.right_flag)
    [Anonymous Symbol]                       0x20200338   Section        0  gray_track.o(.bss.track.right_flag)
    Heap_Mem                                 0x20200340   Data           0  startup_mspm0g350x_uvision.o(HEAP)
    Stack_Mem                                0x20200340   Data         256  startup_mspm0g350x_uvision.o(STACK)
    HEAP                                     0x20200340   Section        0  startup_mspm0g350x_uvision.o(HEAP)
    STACK                                    0x20200340   Section      256  startup_mspm0g350x_uvision.o(STACK)
    __initial_sp                             0x20200440   Data           0  startup_mspm0g350x_uvision.o(STACK)

    Global Symbols

    Symbol Name                              Value     Ov Type        Size  Object(Section)

    BuildAttributes$$THM_ISAv3M$S$PE$A:L22$X:L11$S22$IEEE1$IW$~IW$USESV6$~STKCKD$USESV7$~SHL$OTIME$ROPI$EBA8$UX$STANDARDLIB$REQ8$PRES8$EABIv2 0x00000000   Number         0  anon$$obj.o ABSOLUTE
    __Vectors                                0x00000000   Data           4  startup_mspm0g350x_uvision.o(RESET)
    __ARM_exceptions_init                     - Undefined Weak Reference
    __alloca_initialize                       - Undefined Weak Reference
    __arm_preinit_                            - Undefined Weak Reference
    __cpp_initialize__aeabi_                  - Undefined Weak Reference
    __cxa_finalize                            - Undefined Weak Reference
    __rt_locale                               - Undefined Weak Reference
    __sigvec_lookup                           - Undefined Weak Reference
    _atexit_init                              - Undefined Weak Reference
    _call_atexit_fns                          - Undefined Weak Reference
    _clock_init                               - Undefined Weak Reference
    _fp_trap_init                             - Undefined Weak Reference
    _fp_trap_shutdown                         - Undefined Weak Reference
    _get_lc_collate                           - Undefined Weak Reference
    _get_lc_ctype                             - Undefined Weak Reference
    _get_lc_monetary                          - Undefined Weak Reference
    _get_lc_numeric                           - Undefined Weak Reference
    _get_lc_time                              - Undefined Weak Reference
    _getenv_init                              - Undefined Weak Reference
    _handle_redirection                       - Undefined Weak Reference
    _init_alloc                               - Undefined Weak Reference
    _init_user_alloc                          - Undefined Weak Reference
    _initio                                   - Undefined Weak Reference
    _rand_init                                - Undefined Weak Reference
    _signal_finish                            - Undefined Weak Reference
    _signal_init                              - Undefined Weak Reference
    _terminate_alloc                          - Undefined Weak Reference
    _terminate_user_alloc                     - Undefined Weak Reference
    _terminateio                              - Undefined Weak Reference
    __Vectors_End                            0x000000c0   Data           0  startup_mspm0g350x_uvision.o(RESET)
    __Vectors_Size                           0x000000c0   Number         0  startup_mspm0g350x_uvision.o ABSOLUTE
    __main                                   0x000000c1   Thumb Code     8  __main.o(!!!main)
    __scatterload                            0x000000c9   Thumb Code     0  __scatter.o(!!!scatter)
    __scatterload_rt2                        0x000000c9   Thumb Code    52  __scatter.o(!!!scatter)
    __scatterload_rt2_thumb_only             0x000000c9   Thumb Code     0  __scatter.o(!!!scatter)
    __scatterload_null                       0x000000d9   Thumb Code     0  __scatter.o(!!!scatter)
    __scatterload_copy                       0x00000109   Thumb Code    26  __scatter_copy.o(!!handler_copy)
    __scatterload_zeroinit                   0x00000129   Thumb Code    28  __scatter_zi.o(!!handler_zi)
    __rt_lib_init                            0x00000145   Thumb Code     0  libinit.o(.ARM.Collect$$libinit$$00000000)
    __rt_lib_init_alloca_1                   0x00000147   Thumb Code     0  libinit2.o(.ARM.Collect$$libinit$$0000002E)
    __rt_lib_init_argv_1                     0x00000147   Thumb Code     0  libinit2.o(.ARM.Collect$$libinit$$0000002C)
    __rt_lib_init_atexit_1                   0x00000147   Thumb Code     0  libinit2.o(.ARM.Collect$$libinit$$0000001B)
    __rt_lib_init_clock_1                    0x00000147   Thumb Code     0  libinit2.o(.ARM.Collect$$libinit$$00000021)
    __rt_lib_init_cpp_1                      0x00000147   Thumb Code     0  libinit2.o(.ARM.Collect$$libinit$$00000032)
    __rt_lib_init_exceptions_1               0x00000147   Thumb Code     0  libinit2.o(.ARM.Collect$$libinit$$00000030)
    __rt_lib_init_fp_1                       0x00000147   Thumb Code     0  libinit2.o(.ARM.Collect$$libinit$$00000002)
    __rt_lib_init_fp_trap_1                  0x00000147   Thumb Code     0  libinit2.o(.ARM.Collect$$libinit$$0000001F)
    __rt_lib_init_getenv_1                   0x00000147   Thumb Code     0  libinit2.o(.ARM.Collect$$libinit$$00000023)
    __rt_lib_init_heap_1                     0x00000147   Thumb Code     0  libinit2.o(.ARM.Collect$$libinit$$0000000A)
    __rt_lib_init_lc_collate_1               0x00000147   Thumb Code     0  libinit2.o(.ARM.Collect$$libinit$$00000011)
    __rt_lib_init_lc_ctype_1                 0x00000147   Thumb Code     0  libinit2.o(.ARM.Collect$$libinit$$00000013)
    __rt_lib_init_lc_monetary_1              0x00000147   Thumb Code     0  libinit2.o(.ARM.Collect$$libinit$$00000015)
    __rt_lib_init_lc_numeric_1               0x00000147   Thumb Code     0  libinit2.o(.ARM.Collect$$libinit$$00000017)
    __rt_lib_init_lc_time_1                  0x00000147   Thumb Code     0  libinit2.o(.ARM.Collect$$libinit$$00000019)
    __rt_lib_init_preinit_1                  0x00000147   Thumb Code     0  libinit2.o(.ARM.Collect$$libinit$$00000004)
    __rt_lib_init_rand_1                     0x00000147   Thumb Code     0  libinit2.o(.ARM.Collect$$libinit$$0000000E)
    __rt_lib_init_return                     0x00000147   Thumb Code     0  libinit2.o(.ARM.Collect$$libinit$$00000033)
    __rt_lib_init_signal_1                   0x00000147   Thumb Code     0  libinit2.o(.ARM.Collect$$libinit$$0000001D)
    __rt_lib_init_stdio_1                    0x00000147   Thumb Code     0  libinit2.o(.ARM.Collect$$libinit$$00000025)
    __rt_lib_init_user_alloc_1               0x00000147   Thumb Code     0  libinit2.o(.ARM.Collect$$libinit$$0000000C)
    __rt_lib_shutdown                        0x00000149   Thumb Code     0  libshutdown.o(.ARM.Collect$$libshutdown$$00000000)
    __rt_lib_shutdown_cpp_1                  0x0000014b   Thumb Code     0  libshutdown2.o(.ARM.Collect$$libshutdown$$00000002)
    __rt_lib_shutdown_fp_trap_1              0x0000014b   Thumb Code     0  libshutdown2.o(.ARM.Collect$$libshutdown$$00000007)
    __rt_lib_shutdown_heap_1                 0x0000014b   Thumb Code     0  libshutdown2.o(.ARM.Collect$$libshutdown$$0000000F)
    __rt_lib_shutdown_return                 0x0000014b   Thumb Code     0  libshutdown2.o(.ARM.Collect$$libshutdown$$00000010)
    __rt_lib_shutdown_signal_1               0x0000014b   Thumb Code     0  libshutdown2.o(.ARM.Collect$$libshutdown$$0000000A)
    __rt_lib_shutdown_stdio_1                0x0000014b   Thumb Code     0  libshutdown2.o(.ARM.Collect$$libshutdown$$00000004)
    __rt_lib_shutdown_user_alloc_1           0x0000014b   Thumb Code     0  libshutdown2.o(.ARM.Collect$$libshutdown$$0000000C)
    __rt_entry                               0x0000014d   Thumb Code     0  __rtentry.o(.ARM.Collect$$rtentry$$00000000)
    __rt_entry_presh_1                       0x0000014d   Thumb Code     0  __rtentry2.o(.ARM.Collect$$rtentry$$00000002)
    __rt_entry_sh                            0x0000014d   Thumb Code     0  __rtentry4.o(.ARM.Collect$$rtentry$$00000004)
    __rt_entry_li                            0x00000153   Thumb Code     0  __rtentry2.o(.ARM.Collect$$rtentry$$0000000A)
    __rt_entry_postsh_1                      0x00000153   Thumb Code     0  __rtentry2.o(.ARM.Collect$$rtentry$$00000009)
    __rt_entry_main                          0x00000157   Thumb Code     0  __rtentry2.o(.ARM.Collect$$rtentry$$0000000D)
    __rt_entry_postli_1                      0x00000157   Thumb Code     0  __rtentry2.o(.ARM.Collect$$rtentry$$0000000C)
    __rt_exit                                0x0000015f   Thumb Code     0  rtexit.o(.ARM.Collect$$rtexit$$00000000)
    __rt_exit_ls                             0x00000161   Thumb Code     0  rtexit2.o(.ARM.Collect$$rtexit$$00000003)
    __rt_exit_prels_1                        0x00000161   Thumb Code     0  rtexit2.o(.ARM.Collect$$rtexit$$00000002)
    __rt_exit_exit                           0x00000165   Thumb Code     0  rtexit2.o(.ARM.Collect$$rtexit$$00000004)
    __aeabi_memcpy4                          0x0000016d   Thumb Code    56  rt_memcpy.o(.emb_text)
    __aeabi_memcpy8                          0x0000016d   Thumb Code     0  rt_memcpy.o(.emb_text)
    Reset_Handler                            0x000001a5   Thumb Code     4  startup_mspm0g350x_uvision.o(.text)
    NMI_Handler                              0x000001a9   Thumb Code     2  startup_mspm0g350x_uvision.o(.text)
    HardFault_Handler                        0x000001ab   Thumb Code     2  startup_mspm0g350x_uvision.o(.text)
    SVC_Handler                              0x000001ad   Thumb Code     2  startup_mspm0g350x_uvision.o(.text)
    PendSV_Handler                           0x000001af   Thumb Code     2  startup_mspm0g350x_uvision.o(.text)
    SysTick_Handler                          0x000001b1   Thumb Code     2  startup_mspm0g350x_uvision.o(.text)
    ADC0_IRQHandler                          0x000001b3   Thumb Code     0  startup_mspm0g350x_uvision.o(.text)
    ADC1_IRQHandler                          0x000001b3   Thumb Code     0  startup_mspm0g350x_uvision.o(.text)
    AES_IRQHandler                           0x000001b3   Thumb Code     0  startup_mspm0g350x_uvision.o(.text)
    CANFD0_IRQHandler                        0x000001b3   Thumb Code     0  startup_mspm0g350x_uvision.o(.text)
    DAC0_IRQHandler                          0x000001b3   Thumb Code     0  startup_mspm0g350x_uvision.o(.text)
    DMA_IRQHandler                           0x000001b3   Thumb Code     0  startup_mspm0g350x_uvision.o(.text)
    Default_Handler                          0x000001b3   Thumb Code     2  startup_mspm0g350x_uvision.o(.text)
    GROUP0_IRQHandler                        0x000001b3   Thumb Code     0  startup_mspm0g350x_uvision.o(.text)
    I2C0_IRQHandler                          0x000001b3   Thumb Code     0  startup_mspm0g350x_uvision.o(.text)
    I2C1_IRQHandler                          0x000001b3   Thumb Code     0  startup_mspm0g350x_uvision.o(.text)
    RTC_IRQHandler                           0x000001b3   Thumb Code     0  startup_mspm0g350x_uvision.o(.text)
    SPI0_IRQHandler                          0x000001b3   Thumb Code     0  startup_mspm0g350x_uvision.o(.text)
    SPI1_IRQHandler                          0x000001b3   Thumb Code     0  startup_mspm0g350x_uvision.o(.text)
    TIMA0_IRQHandler                         0x000001b3   Thumb Code     0  startup_mspm0g350x_uvision.o(.text)
    TIMA1_IRQHandler                         0x000001b3   Thumb Code     0  startup_mspm0g350x_uvision.o(.text)
    TIMG0_IRQHandler                         0x000001b3   Thumb Code     0  startup_mspm0g350x_uvision.o(.text)
    TIMG12_IRQHandler                        0x000001b3   Thumb Code     0  startup_mspm0g350x_uvision.o(.text)
    UART0_IRQHandler                         0x000001b3   Thumb Code     0  startup_mspm0g350x_uvision.o(.text)
    UART1_IRQHandler                         0x000001b3   Thumb Code     0  startup_mspm0g350x_uvision.o(.text)
    UART2_IRQHandler                         0x000001b3   Thumb Code     0  startup_mspm0g350x_uvision.o(.text)
    UART3_IRQHandler                         0x000001b3   Thumb Code     0  startup_mspm0g350x_uvision.o(.text)
    __user_initial_stackheap                 0x000001b5   Thumb Code    10  startup_mspm0g350x_uvision.o(.text)
    __aeabi_memcpy                           0x000001d1   Thumb Code   130  rt_memcpy.o(.text)
    __rt_memcpy                              0x000001d1   Thumb Code     0  rt_memcpy.o(.text)
    _memset_w                                0x00000253   Thumb Code    26  rt_memclr.o(.text)
    _memset                                  0x0000026d   Thumb Code    30  rt_memclr.o(.text)
    __aeabi_memclr                           0x0000028b   Thumb Code     4  rt_memclr.o(.text)
    __rt_memclr                              0x0000028b   Thumb Code     0  rt_memclr.o(.text)
    __aeabi_memclr4                          0x0000028f   Thumb Code     0  rt_memclr.o(.text)
    __aeabi_memclr8                          0x0000028f   Thumb Code     0  rt_memclr.o(.text)
    __rt_memclr_w                            0x0000028f   Thumb Code     4  rt_memclr.o(.text)
    __aeabi_uidivmod                         0x00000295   Thumb Code    28  aeabi_sdivfast.o(.text)
    __aeabi_idivmod                          0x000002b1   Thumb Code   472  aeabi_sdivfast.o(.text)
    __use_two_region_memory                  0x0000048d   Thumb Code     2  heapauxi.o(.text)
    __rt_heap_escrow$2region                 0x0000048f   Thumb Code     2  heapauxi.o(.text)
    __rt_heap_expand$2region                 0x00000491   Thumb Code     2  heapauxi.o(.text)
    __aeabi_dadd                             0x0000078d   Thumb Code     0  daddsub.o(.text)
    _dadd                                    0x0000078d   Thumb Code    26  daddsub.o(.text)
    __aeabi_dsub                             0x000007a7   Thumb Code     0  daddsub.o(.text)
    _dsub                                    0x000007a7   Thumb Code    22  daddsub.o(.text)
    __aeabi_drsub                            0x000007bd   Thumb Code     0  daddsub.o(.text)
    _drsb                                    0x000007bd   Thumb Code    28  daddsub.o(.text)
    __aeabi_ddiv                             0x000007ed   Thumb Code     0  ddiv.o(.text)
    _ddiv                                    0x000007ed   Thumb Code  1072  ddiv.o(.text)
    _drdiv                                   0x00000c1d   Thumb Code    20  ddiv.o(.text)
    __aeabi_d2iz                             0x00000c35   Thumb Code     0  dfixi.o(.text)
    _dfix                                    0x00000c35   Thumb Code    98  dfixi.o(.text)
    __aeabi_i2d_normalise                    0x00000ca1   Thumb Code    66  dflti.o(.text)
    __aeabi_i2d                              0x00000ce3   Thumb Code    16  dflti.o(.text)
    _dflt                                    0x00000ce3   Thumb Code     0  dflti.o(.text)
    __aeabi_ui2d                             0x00000cf3   Thumb Code     6  dflti.o(.text)
    _dfltu                                   0x00000cf3   Thumb Code     0  dflti.o(.text)
    __aeabi_dmul                             0x00000cf9   Thumb Code     0  dmul.o(.text)
    _dmul                                    0x00000cf9   Thumb Code   558  dmul.o(.text)
    __fpl_dcmp_InfNaN                        0x00000f41   Thumb Code   154  dcmpin.o(.text)
    __user_setup_stackheap                   0x00000fe1   Thumb Code    62  sys_stackheap_outer.o(.text)
    exit                                     0x0000101f   Thumb Code    16  exit.o(.text)
    __fpl_cmpreturn                          0x0000102f   Thumb Code    46  cmpret.o(.text)
    __fpl_dcheck_NaN2                        0x0000105d   Thumb Code    14  dnan2.o(.text)
    __user_libspace                          0x00001071   Thumb Code     8  libspace.o(.text)
    __user_perproc_libspace                  0x00001071   Thumb Code     0  libspace.o(.text)
    __user_perthread_libspace                0x00001071   Thumb Code     0  libspace.o(.text)
    __fpl_return_NaN                         0x00001079   Thumb Code    94  retnan.o(.text)
    _sys_exit                                0x000010d9   Thumb Code     8  sys_exit.o(.text)
    __I$use$semihosting                      0x000010e5   Thumb Code     0  use_no_semi.o(.text)
    __use_no_semihosting_swi                 0x000010e5   Thumb Code     2  use_no_semi.o(.text)
    __semihosting_library_function           0x000010e7   Thumb Code     0  indicate_semi.o(.text)
    DL_ADC12_setClockConfig                  0x00001149   Thumb Code    64  dl_adc12.o(.text.DL_ADC12_setClockConfig)
    DL_Common_delayCycles                    0x000011d9   Thumb Code    10  dl_common.o(.text.DL_Common_delayCycles)
    DL_I2C_setClockConfig                    0x00001355   Thumb Code    38  dl_i2c.o(.text.DL_I2C_setClockConfig)
    DL_SYSCTL_configSYSPLL                   0x0000137d   Thumb Code   192  dl_sysctl_mspm0g1x0x_g3x0x.o(.text.DL_SYSCTL_configSYSPLL)
    DL_SYSCTL_setHFCLKSourceHFXTParams       0x0000147d   Thumb Code    80  dl_sysctl_mspm0g1x0x_g3x0x.o(.text.DL_SYSCTL_setHFCLKSourceHFXTParams)
    DL_SYSCTL_switchMCLKfromSYSOSCtoHSCLK    0x000014f1   Thumb Code    40  dl_sysctl_mspm0g1x0x_g3x0x.o(.text.DL_SYSCTL_switchMCLKfromSYSOSCtoHSCLK)
    DL_Timer_initFourCCPWMMode               0x00001551   Thumb Code   264  dl_timer.o(.text.DL_Timer_initFourCCPWMMode)
    DL_Timer_initTimerMode                   0x00001659   Thumb Code   240  dl_timer.o(.text.DL_Timer_initTimerMode)
    DL_Timer_setCaptCompUpdateMethod         0x00001765   Thumb Code    28  dl_timer.o(.text.DL_Timer_setCaptCompUpdateMethod)
    DL_Timer_setCaptureCompareOutCtl         0x00001781   Thumb Code    24  dl_timer.o(.text.DL_Timer_setCaptureCompareOutCtl)
    DL_Timer_setCaptureCompareValue          0x00001799   Thumb Code    16  dl_timer.o(.text.DL_Timer_setCaptureCompareValue)
    DL_Timer_setClockConfig                  0x000017a9   Thumb Code    28  dl_timer.o(.text.DL_Timer_setClockConfig)
    GROUP1_IRQHandler                        0x000017dd   Thumb Code   284  encoder.o(.text.GROUP1_IRQHandler)
    GetDigital                               0x000018f9   Thumb Code    40  no_mcu_ganv_grayscale_sensor.o(.text.GetDigital)
    Get_Analog_value                         0x00001921   Thumb Code   144  no_mcu_ganv_grayscale_sensor.o(.text.Get_Analog_value)
    Key_Scan                                 0x000019b1   Thumb Code   184  empty.o(.text.Key_Scan)
    No_MCU_Ganv_Sensor_Init                  0x00001a69   Thumb Code   232  no_mcu_ganv_grayscale_sensor.o(.text.No_MCU_Ganv_Sensor_Init)
    No_MCU_Ganv_Sensor_Init_Frist            0x00001b51   Thumb Code    30  no_mcu_ganv_grayscale_sensor.o(.text.No_MCU_Ganv_Sensor_Init_Frist)
    No_Mcu_Ganv_Sensor_Task_Without_tick     0x00001b6f   Thumb Code    82  no_mcu_ganv_grayscale_sensor.o(.text.No_Mcu_Ganv_Sensor_Task_Without_tick)
    OLED_Clear                               0x00001bc1   Thumb Code    44  oled.o(.text.OLED_Clear)
    OLED_I2C_Init                            0x00001bed   Thumb Code    18  oled.o(.text.OLED_I2C_Init)
    OLED_I2C_SendByte                        0x00001bff   Thumb Code    50  oled.o(.text.OLED_I2C_SendByte)
    OLED_I2C_Start                           0x00001c31   Thumb Code    32  oled.o(.text.OLED_I2C_Start)
    OLED_I2C_Stop                            0x00001c51   Thumb Code    24  oled.o(.text.OLED_I2C_Stop)
    OLED_Init                                0x00001c69   Thumb Code   150  oled.o(.text.OLED_Init)
    OLED_Pow                                 0x00001cff   Thumb Code    20  oled.o(.text.OLED_Pow)
    OLED_SetCursor                           0x00001d13   Thumb Code    30  oled.o(.text.OLED_SetCursor)
    OLED_ShowChar                            0x00001d31   Thumb Code   100  oled.o(.text.OLED_ShowChar)
    OLED_ShowSignedNum                       0x00001d95   Thumb Code   106  oled.o(.text.OLED_ShowSignedNum)
    OLED_ShowString                          0x00001dff   Thumb Code    44  oled.o(.text.OLED_ShowString)
    OLED_W_SCL                               0x00001e2b   Thumb Code    30  oled.o(.text.OLED_W_SCL)
    OLED_W_SDA                               0x00001e49   Thumb Code    30  oled.o(.text.OLED_W_SDA)
    OLED_WriteCommand                        0x00001e67   Thumb Code    32  oled.o(.text.OLED_WriteCommand)
    OLED_WriteData                           0x00001e87   Thumb Code    32  oled.o(.text.OLED_WriteData)
    SYSCFG_DL_ADC_VOLTAGE_init               0x00001ea9   Thumb Code    40  ti_msp_dl_config.o(.text.SYSCFG_DL_ADC_VOLTAGE_init)
    SYSCFG_DL_GPIO_init                      0x00001ed1   Thumb Code   284  ti_msp_dl_config.o(.text.SYSCFG_DL_GPIO_init)
    SYSCFG_DL_GRAY_OUT_init                  0x00001fed   Thumb Code    48  ti_msp_dl_config.o(.text.SYSCFG_DL_GRAY_OUT_init)
    SYSCFG_DL_Huidu_Time_init                0x0000201d   Thumb Code    52  ti_msp_dl_config.o(.text.SYSCFG_DL_Huidu_Time_init)
    SYSCFG_DL_I2C_0_init                     0x00002051   Thumb Code    28  ti_msp_dl_config.o(.text.SYSCFG_DL_I2C_0_init)
    SYSCFG_DL_PWM_init                       0x0000206d   Thumb Code   124  ti_msp_dl_config.o(.text.SYSCFG_DL_PWM_init)
    SYSCFG_DL_Pid_Time_init                  0x000020e9   Thumb Code    52  ti_msp_dl_config.o(.text.SYSCFG_DL_Pid_Time_init)
    SYSCFG_DL_SYSCTL_init                    0x0000211d   Thumb Code    68  ti_msp_dl_config.o(.text.SYSCFG_DL_SYSCTL_init)
    SYSCFG_DL_TIME_End_init                  0x00002161   Thumb Code    52  ti_msp_dl_config.o(.text.SYSCFG_DL_TIME_End_init)
    SYSCFG_DL_init                           0x00002195   Thumb Code    64  ti_msp_dl_config.o(.text.SYSCFG_DL_init)
    SYSCFG_DL_initPower                      0x000021d5   Thumb Code   156  ti_msp_dl_config.o(.text.SYSCFG_DL_initPower)
    TIMG6_IRQHandler                         0x00002271   Thumb Code    48  encoder.o(.text.TIMG6_IRQHandler)
    TIMG7_IRQHandler                         0x000022a1   Thumb Code    44  empty.o(.text.TIMG7_IRQHandler)
    TIMG8_IRQHandler                         0x000022cd   Thumb Code    36  empty.o(.text.TIMG8_IRQHandler)
    adc_getValue                             0x00002361   Thumb Code    32  no_mcu_ganv_grayscale_sensor.o(.text.adc_getValue)
    convertAnalogToDigital                   0x00002381   Thumb Code    54  no_mcu_ganv_grayscale_sensor.o(.text.convertAnalogToDigital)
    encoder_init                             0x000023b7   Thumb Code    30  encoder.o(.text.encoder_init)
    main                                     0x000023d5   Thumb Code   248  empty.o(.text.main)
    motorA_duty                              0x000024cd   Thumb Code    68  motor.o(.text.motorA_duty)
    motorB_duty                              0x00002511   Thumb Code    72  motor.o(.text.motorB_duty)
    motor_target_set                         0x00002559   Thumb Code    12  pid.o(.text.motor_target_set)
    normalizeAnalogValues                    0x00002565   Thumb Code   110  no_mcu_ganv_grayscale_sensor.o(.text.normalizeAnalogValues)
    pid_cal                                  0x000025d3   Thumb Code    98  pid.o(.text.pid_cal)
    pid_control                              0x00002635   Thumb Code    56  pid.o(.text.pid_control)
    pid_init                                 0x0000266d   Thumb Code    14  pid.o(.text.pid_init)
    pidout_limit                             0x0000267d   Thumb Code    36  pid.o(.text.pidout_limit)
    timer_init                               0x000026a1   Thumb Code    46  encoder.o(.text.timer_init)
    track                                    0x000026d1   Thumb Code   164  gray_track.o(.text.track)
    __aeabi_uidiv                            0x00002775   Thumb Code    68  aeabi_sdivfast.o(.text_divfast)
    __aeabi_idiv                             0x000027b9   Thumb Code   434  aeabi_sdivfast.o(.text_divfast)
    __aeabi_dcmpgt                           0x0000296b   Thumb Code     0  dcmp.o(i._dgr)
    _dgr                                     0x0000296b   Thumb Code    22  dcmp.o(i._dgr)
    _dcmpge                                  0x00002981   Thumb Code    94  dgef.o(x$fpl$dgeqf)
    __I$use$fp                               0x000029e4   Number         0  usenofp.o(x$fpl$usenofp)
    OLED_F8x16                               0x00002a64   Data        1520  oled.o(.rodata.OLED_F8x16)
    Region$$Table$$Base                      0x000030f8   Number         0  anon$$obj.o(Region$$Table)
    Region$$Table$$Limit                     0x00003118   Number         0  anon$$obj.o(Region$$Table)
    black                                    0x20200000   Data          16  empty.o(.data.black)
    white                                    0x20200010   Data          16  empty.o(.data.white)
    __libspace_start                         0x20200020   Data          96  libspace.o(.bss)
    Digtal_sign                              0x20200080   Data          16  empty.o(.bss.Digtal_sign)
    __temporary_stack_top$libspace           0x20200080   Data           0  libspace.o(.bss)
    Encoder                                  0x20200090   Data          24  encoder.o(.bss.Encoder)
    encoder_count                            0x202000a8   Data           4  empty.o(.bss.encoder_count)
    flag1                                    0x202000ac   Data           1  empty.o(.bss.flag1)
    gHuidu_TimeBackup                        0x202000b0   Data         160  ti_msp_dl_config.o(.bss.gHuidu_TimeBackup)
    gTIME_EndBackup                          0x20200150   Data         160  ti_msp_dl_config.o(.bss.gTIME_EndBackup)
    key1_flag                                0x202001f0   Data           1  empty.o(.bss.key1_flag)
    key1_temp                                0x202001f1   Data           1  empty.o(.bss.key1_temp)
    key2_flag                                0x202001f2   Data           1  empty.o(.bss.key2_flag)
    key2_temp                                0x202001f3   Data           1  empty.o(.bss.key2_temp)
    key4_flag                                0x202001f4   Data           1  empty.o(.bss.key4_flag)
    key4_temp                                0x202001f5   Data           1  empty.o(.bss.key4_temp)
    motorA                                   0x202001f8   Data          52  pid.o(.bss.motorA)
    motorB                                   0x2020022c   Data          52  pid.o(.bss.motorB)
    response                                 0x20200260   Data          32  empty.o(.bss.response)
    sensor                                   0x20200280   Data         176  empty.o(.bss.sensor)
    times                                    0x20200330   Data           2  empty.o(.bss.times)



==============================================================================

Memory Map of the image

  Image Entry point : 0x000000c1

  Load Region LR_IROM1 (Base: 0x00000000, Size: 0x00003138, Max: 0x00020000, ABSOLUTE)

    Execution Region ER_IROM1 (Exec base: 0x00000000, Load base: 0x00000000, Size: 0x00003118, Max: 0x00020000, ABSOLUTE)

    Exec Addr    Load Addr    Size         Type   Attr      Idx    E Section Name        Object

    0x00000000   0x00000000   0x000000c0   Data   RO           42    RESET               startup_mspm0g350x_uvision.o
    0x000000c0   0x000000c0   0x00000008   Code   RO          555  * !!!main             c_p.l(__main.o)
    0x000000c8   0x000000c8   0x0000003c   Code   RO          768    !!!scatter          c_p.l(__scatter.o)
    0x00000104   0x00000104   0x00000004   PAD
    0x00000108   0x00000108   0x0000001a   Code   RO          770    !!handler_copy      c_p.l(__scatter_copy.o)
    0x00000122   0x00000122   0x00000006   PAD
    0x00000128   0x00000128   0x0000001c   Code   RO          772    !!handler_zi        c_p.l(__scatter_zi.o)
    0x00000144   0x00000144   0x00000002   Code   RO          625    .ARM.Collect$$libinit$$00000000  c_p.l(libinit.o)
    0x00000146   0x00000146   0x00000000   Code   RO          643    .ARM.Collect$$libinit$$00000002  c_p.l(libinit2.o)
    0x00000146   0x00000146   0x00000000   Code   RO          645    .ARM.Collect$$libinit$$00000004  c_p.l(libinit2.o)
    0x00000146   0x00000146   0x00000000   Code   RO          648    .ARM.Collect$$libinit$$0000000A  c_p.l(libinit2.o)
    0x00000146   0x00000146   0x00000000   Code   RO          650    .ARM.Collect$$libinit$$0000000C  c_p.l(libinit2.o)
    0x00000146   0x00000146   0x00000000   Code   RO          652    .ARM.Collect$$libinit$$0000000E  c_p.l(libinit2.o)
    0x00000146   0x00000146   0x00000000   Code   RO          655    .ARM.Collect$$libinit$$00000011  c_p.l(libinit2.o)
    0x00000146   0x00000146   0x00000000   Code   RO          657    .ARM.Collect$$libinit$$00000013  c_p.l(libinit2.o)
    0x00000146   0x00000146   0x00000000   Code   RO          659    .ARM.Collect$$libinit$$00000015  c_p.l(libinit2.o)
    0x00000146   0x00000146   0x00000000   Code   RO          661    .ARM.Collect$$libinit$$00000017  c_p.l(libinit2.o)
    0x00000146   0x00000146   0x00000000   Code   RO          663    .ARM.Collect$$libinit$$00000019  c_p.l(libinit2.o)
    0x00000146   0x00000146   0x00000000   Code   RO          665    .ARM.Collect$$libinit$$0000001B  c_p.l(libinit2.o)
    0x00000146   0x00000146   0x00000000   Code   RO          667    .ARM.Collect$$libinit$$0000001D  c_p.l(libinit2.o)
    0x00000146   0x00000146   0x00000000   Code   RO          669    .ARM.Collect$$libinit$$0000001F  c_p.l(libinit2.o)
    0x00000146   0x00000146   0x00000000   Code   RO          671    .ARM.Collect$$libinit$$00000021  c_p.l(libinit2.o)
    0x00000146   0x00000146   0x00000000   Code   RO          673    .ARM.Collect$$libinit$$00000023  c_p.l(libinit2.o)
    0x00000146   0x00000146   0x00000000   Code   RO          675    .ARM.Collect$$libinit$$00000025  c_p.l(libinit2.o)
    0x00000146   0x00000146   0x00000000   Code   RO          679    .ARM.Collect$$libinit$$0000002C  c_p.l(libinit2.o)
    0x00000146   0x00000146   0x00000000   Code   RO          681    .ARM.Collect$$libinit$$0000002E  c_p.l(libinit2.o)
    0x00000146   0x00000146   0x00000000   Code   RO          683    .ARM.Collect$$libinit$$00000030  c_p.l(libinit2.o)
    0x00000146   0x00000146   0x00000000   Code   RO          685    .ARM.Collect$$libinit$$00000032  c_p.l(libinit2.o)
    0x00000146   0x00000146   0x00000002   Code   RO          686    .ARM.Collect$$libinit$$00000033  c_p.l(libinit2.o)
    0x00000148   0x00000148   0x00000002   Code   RO          723    .ARM.Collect$$libshutdown$$00000000  c_p.l(libshutdown.o)
    0x0000014a   0x0000014a   0x00000000   Code   RO          751    .ARM.Collect$$libshutdown$$00000002  c_p.l(libshutdown2.o)
    0x0000014a   0x0000014a   0x00000000   Code   RO          753    .ARM.Collect$$libshutdown$$00000004  c_p.l(libshutdown2.o)
    0x0000014a   0x0000014a   0x00000000   Code   RO          756    .ARM.Collect$$libshutdown$$00000007  c_p.l(libshutdown2.o)
    0x0000014a   0x0000014a   0x00000000   Code   RO          759    .ARM.Collect$$libshutdown$$0000000A  c_p.l(libshutdown2.o)
    0x0000014a   0x0000014a   0x00000000   Code   RO          761    .ARM.Collect$$libshutdown$$0000000C  c_p.l(libshutdown2.o)
    0x0000014a   0x0000014a   0x00000000   Code   RO          764    .ARM.Collect$$libshutdown$$0000000F  c_p.l(libshutdown2.o)
    0x0000014a   0x0000014a   0x00000002   Code   RO          765    .ARM.Collect$$libshutdown$$00000010  c_p.l(libshutdown2.o)
    0x0000014c   0x0000014c   0x00000000   Code   RO          580    .ARM.Collect$$rtentry$$00000000  c_p.l(__rtentry.o)
    0x0000014c   0x0000014c   0x00000000   Code   RO          593    .ARM.Collect$$rtentry$$00000002  c_p.l(__rtentry2.o)
    0x0000014c   0x0000014c   0x00000006   Code   RO          605    .ARM.Collect$$rtentry$$00000004  c_p.l(__rtentry4.o)
    0x00000152   0x00000152   0x00000000   Code   RO          595    .ARM.Collect$$rtentry$$00000009  c_p.l(__rtentry2.o)
    0x00000152   0x00000152   0x00000004   Code   RO          596    .ARM.Collect$$rtentry$$0000000A  c_p.l(__rtentry2.o)
    0x00000156   0x00000156   0x00000000   Code   RO          598    .ARM.Collect$$rtentry$$0000000C  c_p.l(__rtentry2.o)
    0x00000156   0x00000156   0x00000008   Code   RO          599    .ARM.Collect$$rtentry$$0000000D  c_p.l(__rtentry2.o)
    0x0000015e   0x0000015e   0x00000002   Code   RO          634    .ARM.Collect$$rtexit$$00000000  c_p.l(rtexit.o)
    0x00000160   0x00000160   0x00000000   Code   RO          694    .ARM.Collect$$rtexit$$00000002  c_p.l(rtexit2.o)
    0x00000160   0x00000160   0x00000004   Code   RO          695    .ARM.Collect$$rtexit$$00000003  c_p.l(rtexit2.o)
    0x00000164   0x00000164   0x00000006   Code   RO          696    .ARM.Collect$$rtexit$$00000004  c_p.l(rtexit2.o)
    0x0000016a   0x0000016a   0x00000002   PAD
    0x0000016c   0x0000016c   0x00000038   Code   RO          539    .emb_text           c_p.l(rt_memcpy.o)
    0x000001a4   0x000001a4   0x0000002c   Code   RO           43    .text               startup_mspm0g350x_uvision.o
    0x000001d0   0x000001d0   0x00000082   Code   RO          540    .text               c_p.l(rt_memcpy.o)
    0x00000252   0x00000252   0x00000040   Code   RO          543    .text               c_p.l(rt_memclr.o)
    0x00000292   0x00000292   0x00000002   PAD
    0x00000294   0x00000294   0x000001f8   Code   RO          545    .text               c_p.l(aeabi_sdivfast.o)
    0x0000048c   0x0000048c   0x00000006   Code   RO          553    .text               c_p.l(heapauxi.o)
    0x00000492   0x00000492   0x00000002   PAD
    0x00000494   0x00000494   0x00000358   Code   RO          557    .text               fz_ps.l(daddsub.o)
    0x000007ec   0x000007ec   0x00000448   Code   RO          571    .text               fz_ps.l(ddiv.o)
    0x00000c34   0x00000c34   0x0000006c   Code   RO          574    .text               fz_ps.l(dfixi.o)
    0x00000ca0   0x00000ca0   0x00000058   Code   RO          576    .text               fz_ps.l(dflti.o)
    0x00000cf8   0x00000cf8   0x00000248   Code   RO          578    .text               fz_ps.l(dmul.o)
    0x00000f40   0x00000f40   0x000000a0   Code   RO          609    .text               fz_ps.l(dcmpin.o)
    0x00000fe0   0x00000fe0   0x0000003e   Code   RO          611    .text               c_p.l(sys_stackheap_outer.o)
    0x0000101e   0x0000101e   0x00000010   Code   RO          614    .text               c_p.l(exit.o)
    0x0000102e   0x0000102e   0x0000002e   Code   RO          626    .text               fz_ps.l(cmpret.o)
    0x0000105c   0x0000105c   0x00000014   Code   RO          628    .text               fz_ps.l(dnan2.o)
    0x00001070   0x00001070   0x00000008   Code   RO          630    .text               c_p.l(libspace.o)
    0x00001078   0x00001078   0x0000005e   Code   RO          687    .text               fz_ps.l(retnan.o)
    0x000010d6   0x000010d6   0x00000002   PAD
    0x000010d8   0x000010d8   0x0000000c   Code   RO          689    .text               c_p.l(sys_exit.o)
    0x000010e4   0x000010e4   0x00000002   Code   RO          712    .text               c_p.l(use_no_semi.o)
    0x000010e6   0x000010e6   0x00000000   Code   RO          714    .text               c_p.l(indicate_semi.o)
    0x000010e6   0x000010e6   0x00000008   Code   RO          140    .text.DL_ADC12_configConversionMem  ti_msp_dl_config.o
    0x000010ee   0x000010ee   0x00000002   PAD
    0x000010f0   0x000010f0   0x0000000c   Code   RO          249    .text.DL_ADC12_disableConversions  no_mcu_ganv_grayscale_sensor.o
    0x000010fc   0x000010fc   0x0000000e   Code   RO          144    .text.DL_ADC12_enableConversions  ti_msp_dl_config.o
    0x0000110a   0x0000110a   0x00000002   PAD
    0x0000110c   0x0000110c   0x00000010   Code   RO          241    .text.DL_ADC12_enableConversions  no_mcu_ganv_grayscale_sensor.o
    0x0000111c   0x0000111c   0x0000000c   Code   RO           90    .text.DL_ADC12_enablePower  ti_msp_dl_config.o
    0x00001128   0x00001128   0x0000000c   Code   RO          251    .text.DL_ADC12_getMemResult  no_mcu_ganv_grayscale_sensor.o
    0x00001134   0x00001134   0x0000000c   Code   RO          245    .text.DL_ADC12_getStatus  no_mcu_ganv_grayscale_sensor.o
    0x00001140   0x00001140   0x00000008   Code   RO           82    .text.DL_ADC12_reset  ti_msp_dl_config.o
    0x00001148   0x00001148   0x00000040   Code   RO          352    .text.DL_ADC12_setClockConfig  driverlib.a(dl_adc12.o)
    0x00001188   0x00001188   0x00000014   Code   RO          142    .text.DL_ADC12_setPowerDownMode  ti_msp_dl_config.o
    0x0000119c   0x0000119c   0x0000000c   Code   RO          146    .text.DL_ADC12_setSampleTime0  ti_msp_dl_config.o
    0x000011a8   0x000011a8   0x0000000c   Code   RO          148    .text.DL_ADC12_setSampleTime1  ti_msp_dl_config.o
    0x000011b4   0x000011b4   0x00000010   Code   RO          243    .text.DL_ADC12_startConversion  no_mcu_ganv_grayscale_sensor.o
    0x000011c4   0x000011c4   0x00000014   Code   RO          247    .text.DL_ADC12_stopConversion  no_mcu_ganv_grayscale_sensor.o
    0x000011d8   0x000011d8   0x0000000a   Code   RO          364    .text.DL_Common_delayCycles  driverlib.a(dl_common.o)
    0x000011e2   0x000011e2   0x0000000c   Code   RO          150    .text.DL_Common_updateReg  ti_msp_dl_config.o
    0x000011ee   0x000011ee   0x00000002   PAD
    0x000011f0   0x000011f0   0x0000000c   Code   RO          110    .text.DL_GPIO_clearInterruptStatus  ti_msp_dl_config.o
    0x000011fc   0x000011fc   0x00000010   Code   RO          303    .text.DL_GPIO_clearInterruptStatus  encoder.o
    0x0000120c   0x0000120c   0x00000008   Code   RO          106    .text.DL_GPIO_clearPins  ti_msp_dl_config.o
    0x00001214   0x00001214   0x0000000c   Code   RO          176    .text.DL_GPIO_clearPins  oled.o
    0x00001220   0x00001220   0x0000000c   Code   RO          227    .text.DL_GPIO_clearPins  motor.o
    0x0000122c   0x0000122c   0x00000008   Code   RO          257    .text.DL_GPIO_clearPins  no_mcu_ganv_grayscale_sensor.o
    0x00001234   0x00001234   0x00000010   Code   RO          100    .text.DL_GPIO_enableHiZ  ti_msp_dl_config.o
    0x00001244   0x00001244   0x0000000c   Code   RO          112    .text.DL_GPIO_enableInterrupt  ti_msp_dl_config.o
    0x00001250   0x00001250   0x0000000c   Code   RO           96    .text.DL_GPIO_enableOutput  ti_msp_dl_config.o
    0x0000125c   0x0000125c   0x0000000c   Code   RO           84    .text.DL_GPIO_enablePower  ti_msp_dl_config.o
    0x00001268   0x00001268   0x0000000c   Code   RO          299    .text.DL_GPIO_getEnabledInterruptStatus  encoder.o
    0x00001274   0x00001274   0x00000010   Code   RO          104    .text.DL_GPIO_initDigitalInputFeatures  ti_msp_dl_config.o
    0x00001284   0x00001284   0x0000000c   Code   RO          102    .text.DL_GPIO_initDigitalOutput  ti_msp_dl_config.o
    0x00001290   0x00001290   0x0000000c   Code   RO           92    .text.DL_GPIO_initPeripheralAnalogFunction  ti_msp_dl_config.o
    0x0000129c   0x0000129c   0x00000010   Code   RO           98    .text.DL_GPIO_initPeripheralInputFunctionFeatures  ti_msp_dl_config.o
    0x000012ac   0x000012ac   0x00000010   Code   RO           94    .text.DL_GPIO_initPeripheralOutputFunction  ti_msp_dl_config.o
    0x000012bc   0x000012bc   0x0000000c   Code   RO            8    .text.DL_GPIO_readPins  empty.o
    0x000012c8   0x000012c8   0x0000000a   Code   RO          301    .text.DL_GPIO_readPins  encoder.o
    0x000012d2   0x000012d2   0x00000002   PAD
    0x000012d4   0x000012d4   0x0000000c   Code   RO           76    .text.DL_GPIO_reset  ti_msp_dl_config.o
    0x000012e0   0x000012e0   0x0000000c   Code   RO          178    .text.DL_GPIO_setPins  oled.o
    0x000012ec   0x000012ec   0x0000000c   Code   RO          225    .text.DL_GPIO_setPins  motor.o
    0x000012f8   0x000012f8   0x0000000c   Code   RO          255    .text.DL_GPIO_setPins  no_mcu_ganv_grayscale_sensor.o
    0x00001304   0x00001304   0x0000000c   Code   RO          108    .text.DL_GPIO_setUpperPinsPolarity  ti_msp_dl_config.o
    0x00001310   0x00001310   0x00000010   Code   RO          138    .text.DL_I2C_enableAnalogGlitchFilter  ti_msp_dl_config.o
    0x00001320   0x00001320   0x00000010   Code   RO           88    .text.DL_I2C_enablePower  ti_msp_dl_config.o
    0x00001330   0x00001330   0x00000010   Code   RO           80    .text.DL_I2C_reset  ti_msp_dl_config.o
    0x00001340   0x00001340   0x00000014   Code   RO          136    .text.DL_I2C_setAnalogGlitchFilterPulseWidth  ti_msp_dl_config.o
    0x00001354   0x00001354   0x00000026   Code   RO          373    .text.DL_I2C_setClockConfig  driverlib.a(dl_i2c.o)
    0x0000137a   0x0000137a   0x00000002   PAD
    0x0000137c   0x0000137c   0x000000c0   Code   RO          506    .text.DL_SYSCTL_configSYSPLL  driverlib.a(dl_sysctl_mspm0g1x0x_g3x0x.o)
    0x0000143c   0x0000143c   0x0000000c   Code   RO          120    .text.DL_SYSCTL_disableHFXT  ti_msp_dl_config.o
    0x00001448   0x00001448   0x00000014   Code   RO          122    .text.DL_SYSCTL_disableSYSPLL  ti_msp_dl_config.o
    0x0000145c   0x0000145c   0x0000000c   Code   RO          114    .text.DL_SYSCTL_setBORThreshold  ti_msp_dl_config.o
    0x00001468   0x00001468   0x00000014   Code   RO          116    .text.DL_SYSCTL_setFlashWaitState  ti_msp_dl_config.o
    0x0000147c   0x0000147c   0x00000050   Code   RO          520    .text.DL_SYSCTL_setHFCLKSourceHFXTParams  driverlib.a(dl_sysctl_mspm0g1x0x_g3x0x.o)
    0x000014cc   0x000014cc   0x00000014   Code   RO          118    .text.DL_SYSCTL_setSYSOSCFreq  ti_msp_dl_config.o
    0x000014e0   0x000014e0   0x00000010   Code   RO          124    .text.DL_SYSCTL_setULPCLKDivider  ti_msp_dl_config.o
    0x000014f0   0x000014f0   0x00000028   Code   RO          514    .text.DL_SYSCTL_switchMCLKfromSYSOSCtoHSCLK  driverlib.a(dl_sysctl_mspm0g1x0x_g3x0x.o)
    0x00001518   0x00001518   0x0000000c   Code   RO          130    .text.DL_Timer_enableClock  ti_msp_dl_config.o
    0x00001524   0x00001524   0x00000010   Code   RO          134    .text.DL_Timer_enableInterrupt  ti_msp_dl_config.o
    0x00001534   0x00001534   0x00000010   Code   RO           86    .text.DL_Timer_enablePower  ti_msp_dl_config.o
    0x00001544   0x00001544   0x0000000c   Code   RO          307    .text.DL_Timer_getPendingInterrupt  encoder.o
    0x00001550   0x00001550   0x00000108   Code   RO          485    .text.DL_Timer_initFourCCPWMMode  driverlib.a(dl_timer.o)
    0x00001658   0x00001658   0x000000f0   Code   RO          409    .text.DL_Timer_initTimerMode  driverlib.a(dl_timer.o)
    0x00001748   0x00001748   0x00000010   Code   RO           78    .text.DL_Timer_reset  ti_msp_dl_config.o
    0x00001758   0x00001758   0x0000000c   Code   RO          132    .text.DL_Timer_setCCPDirection  ti_msp_dl_config.o
    0x00001764   0x00001764   0x0000001c   Code   RO          451    .text.DL_Timer_setCaptCompUpdateMethod  driverlib.a(dl_timer.o)
    0x00001780   0x00001780   0x00000018   Code   RO          459    .text.DL_Timer_setCaptureCompareOutCtl  driverlib.a(dl_timer.o)
    0x00001798   0x00001798   0x00000010   Code   RO          411    .text.DL_Timer_setCaptureCompareValue  driverlib.a(dl_timer.o)
    0x000017a8   0x000017a8   0x0000001c   Code   RO          405    .text.DL_Timer_setClockConfig  driverlib.a(dl_timer.o)
    0x000017c4   0x000017c4   0x00000018   Code   RO          128    .text.DL_Timer_setCounterControl  ti_msp_dl_config.o
    0x000017dc   0x000017dc   0x0000011c   Code   RO          297    .text.GROUP1_IRQHandler  encoder.o
    0x000018f8   0x000018f8   0x00000028   Code   RO          261    .text.GetDigital    no_mcu_ganv_grayscale_sensor.o
    0x00001920   0x00001920   0x00000090   Code   RO          253    .text.Get_Analog_value  no_mcu_ganv_grayscale_sensor.o
    0x000019b0   0x000019b0   0x000000b8   Code   RO            6    .text.Key_Scan      empty.o
    0x00001a68   0x00001a68   0x000000e8   Code   RO          267    .text.No_MCU_Ganv_Sensor_Init  no_mcu_ganv_grayscale_sensor.o
    0x00001b50   0x00001b50   0x0000001e   Code   RO          265    .text.No_MCU_Ganv_Sensor_Init_Frist  no_mcu_ganv_grayscale_sensor.o
    0x00001b6e   0x00001b6e   0x00000052   Code   RO          269    .text.No_Mcu_Ganv_Sensor_Task_Without_tick  no_mcu_ganv_grayscale_sensor.o
    0x00001bc0   0x00001bc0   0x0000002c   Code   RO          196    .text.OLED_Clear    oled.o
    0x00001bec   0x00001bec   0x00000012   Code   RO          182    .text.OLED_I2C_Init  oled.o
    0x00001bfe   0x00001bfe   0x00000032   Code   RO          188    .text.OLED_I2C_SendByte  oled.o
    0x00001c30   0x00001c30   0x00000020   Code   RO          184    .text.OLED_I2C_Start  oled.o
    0x00001c50   0x00001c50   0x00000018   Code   RO          186    .text.OLED_I2C_Stop  oled.o
    0x00001c68   0x00001c68   0x00000096   Code   RO          212    .text.OLED_Init     oled.o
    0x00001cfe   0x00001cfe   0x00000014   Code   RO          202    .text.OLED_Pow      oled.o
    0x00001d12   0x00001d12   0x0000001e   Code   RO          194    .text.OLED_SetCursor  oled.o
    0x00001d30   0x00001d30   0x00000064   Code   RO          198    .text.OLED_ShowChar  oled.o
    0x00001d94   0x00001d94   0x0000006a   Code   RO          206    .text.OLED_ShowSignedNum  oled.o
    0x00001dfe   0x00001dfe   0x0000002c   Code   RO          200    .text.OLED_ShowString  oled.o
    0x00001e2a   0x00001e2a   0x0000001e   Code   RO          174    .text.OLED_W_SCL    oled.o
    0x00001e48   0x00001e48   0x0000001e   Code   RO          180    .text.OLED_W_SDA    oled.o
    0x00001e66   0x00001e66   0x00000020   Code   RO          190    .text.OLED_WriteCommand  oled.o
    0x00001e86   0x00001e86   0x00000020   Code   RO          192    .text.OLED_WriteData  oled.o
    0x00001ea6   0x00001ea6   0x00000002   PAD
    0x00001ea8   0x00001ea8   0x00000028   Code   RO           68    .text.SYSCFG_DL_ADC_VOLTAGE_init  ti_msp_dl_config.o
    0x00001ed0   0x00001ed0   0x0000011c   Code   RO           54    .text.SYSCFG_DL_GPIO_init  ti_msp_dl_config.o
    0x00001fec   0x00001fec   0x00000030   Code   RO           70    .text.SYSCFG_DL_GRAY_OUT_init  ti_msp_dl_config.o
    0x0000201c   0x0000201c   0x00000034   Code   RO           62    .text.SYSCFG_DL_Huidu_Time_init  ti_msp_dl_config.o
    0x00002050   0x00002050   0x0000001c   Code   RO           66    .text.SYSCFG_DL_I2C_0_init  ti_msp_dl_config.o
    0x0000206c   0x0000206c   0x0000007c   Code   RO           58    .text.SYSCFG_DL_PWM_init  ti_msp_dl_config.o
    0x000020e8   0x000020e8   0x00000034   Code   RO           64    .text.SYSCFG_DL_Pid_Time_init  ti_msp_dl_config.o
    0x0000211c   0x0000211c   0x00000044   Code   RO           56    .text.SYSCFG_DL_SYSCTL_init  ti_msp_dl_config.o
    0x00002160   0x00002160   0x00000034   Code   RO           60    .text.SYSCFG_DL_TIME_End_init  ti_msp_dl_config.o
    0x00002194   0x00002194   0x00000040   Code   RO           50    .text.SYSCFG_DL_init  ti_msp_dl_config.o
    0x000021d4   0x000021d4   0x0000009c   Code   RO           52    .text.SYSCFG_DL_initPower  ti_msp_dl_config.o
    0x00002270   0x00002270   0x00000030   Code   RO          305    .text.TIMG6_IRQHandler  encoder.o
    0x000022a0   0x000022a0   0x0000002c   Code   RO           10    .text.TIMG7_IRQHandler  empty.o
    0x000022cc   0x000022cc   0x00000024   Code   RO            4    .text.TIMG8_IRQHandler  empty.o
    0x000022f0   0x000022f0   0x00000018   Code   RO          291    .text.__NVIC_ClearPendingIRQ  encoder.o
    0x00002308   0x00002308   0x00000018   Code   RO          293    .text.__NVIC_EnableIRQ  encoder.o
    0x00002320   0x00002320   0x00000040   Code   RO          126    .text.__NVIC_SetPriority  ti_msp_dl_config.o
    0x00002360   0x00002360   0x00000020   Code   RO          239    .text.adc_getValue  no_mcu_ganv_grayscale_sensor.o
    0x00002380   0x00002380   0x00000036   Code   RO          259    .text.convertAnalogToDigital  no_mcu_ganv_grayscale_sensor.o
    0x000023b6   0x000023b6   0x0000001e   Code   RO          289    .text.encoder_init  encoder.o
    0x000023d4   0x000023d4   0x000000f8   Code   RO            2    .text.main          empty.o
    0x000024cc   0x000024cc   0x00000044   Code   RO          223    .text.motorA_duty   motor.o
    0x00002510   0x00002510   0x00000048   Code   RO          229    .text.motorB_duty   motor.o
    0x00002558   0x00002558   0x0000000c   Code   RO          333    .text.motor_target_set  pid.o
    0x00002564   0x00002564   0x0000006e   Code   RO          263    .text.normalizeAnalogValues  no_mcu_ganv_grayscale_sensor.o
    0x000025d2   0x000025d2   0x00000062   Code   RO          337    .text.pid_cal       pid.o
    0x00002634   0x00002634   0x00000038   Code   RO          335    .text.pid_control   pid.o
    0x0000266c   0x0000266c   0x0000000e   Code   RO          331    .text.pid_init      pid.o
    0x0000267a   0x0000267a   0x00000002   PAD
    0x0000267c   0x0000267c   0x00000024   Code   RO          339    .text.pidout_limit  pid.o
    0x000026a0   0x000026a0   0x0000002e   Code   RO          295    .text.timer_init    encoder.o
    0x000026ce   0x000026ce   0x00000002   PAD
    0x000026d0   0x000026d0   0x000000a4   Code   RO          318    .text.track         gray_track.o
    0x00002774   0x00002774   0x000001f6   Code   RO          546    .text_divfast       c_p.l(aeabi_sdivfast.o)
    0x0000296a   0x0000296a   0x00000016   Code   RO          561    i._dgr              fz_ps.l(dcmp.o)
    0x00002980   0x00002980   0x00000064   Code   RO          587    x$fpl$dgeqf         fz_ps.l(dgef.o)
    0x000029e4   0x000029e4   0x00000000   Code   RO          591    x$fpl$usenofp       fz_ps.l(usenofp.o)
    0x000029e4   0x000029e4   0x00000080   Data   RO          572    .constdata          fz_ps.l(ddiv.o)
    0x00002a64   0x00002a64   0x000005f0   Data   RO          214    .rodata.OLED_F8x16  oled.o
    0x00003054   0x00003054   0x00000008   Data   RO          164    .rodata.gADC_VOLTAGEClockConfig  ti_msp_dl_config.o
    0x0000305c   0x0000305c   0x00000008   Data   RO          165    .rodata.gGRAY_OUTClockConfig  ti_msp_dl_config.o
    0x00003064   0x00003064   0x00000003   Data   RO          159    .rodata.gHuidu_TimeClockConfig  ti_msp_dl_config.o
    0x00003067   0x00003067   0x00000001   PAD
    0x00003068   0x00003068   0x00000014   Data   RO          160    .rodata.gHuidu_TimeTimerConfig  ti_msp_dl_config.o
    0x0000307c   0x0000307c   0x00000002   Data   RO          163    .rodata.gI2C_0ClockConfig  ti_msp_dl_config.o
    0x0000307e   0x0000307e   0x00000003   Data   RO          155    .rodata.gPWMClockConfig  ti_msp_dl_config.o
    0x00003081   0x00003081   0x00000003   PAD
    0x00003084   0x00003084   0x00000008   Data   RO          156    .rodata.gPWMConfig  ti_msp_dl_config.o
    0x0000308c   0x0000308c   0x00000003   Data   RO          161    .rodata.gPid_TimeClockConfig  ti_msp_dl_config.o
    0x0000308f   0x0000308f   0x00000001   PAD
    0x00003090   0x00003090   0x00000014   Data   RO          162    .rodata.gPid_TimeTimerConfig  ti_msp_dl_config.o
    0x000030a4   0x000030a4   0x00000028   Data   RO          154    .rodata.gSYSPLLConfig  ti_msp_dl_config.o
    0x000030cc   0x000030cc   0x00000003   Data   RO          157    .rodata.gTIME_EndClockConfig  ti_msp_dl_config.o
    0x000030cf   0x000030cf   0x00000001   PAD
    0x000030d0   0x000030d0   0x00000014   Data   RO          158    .rodata.gTIME_EndTimerConfig  ti_msp_dl_config.o
    0x000030e4   0x000030e4   0x0000000e   Data   RO           23    .rodata.str1.1      empty.o
    0x000030f2   0x000030f2   0x00000006   PAD
    0x000030f8   0x000030f8   0x00000020   Data   RO          767    Region$$Table       anon$$obj.o


    Execution Region RW_IRAM2 (Exec base: 0x20200000, Load base: 0x00003118, Size: 0x00000440, Max: 0x00008000, ABSOLUTE)

    Exec Addr    Load Addr    Size         Type   Attr      Idx    E Section Name        Object

    0x20200000   0x00003118   0x00000010   Data   RW           14    .data.black         empty.o
    0x20200010   0x00003128   0x00000010   Data   RW           13    .data.white         empty.o
    0x20200020        -       0x00000060   Zero   RW          631    .bss                c_p.l(libspace.o)
    0x20200080        -       0x00000010   Zero   RW           15    .bss.Digtal_sign    empty.o
    0x20200090        -       0x00000018   Zero   RW          309    .bss.Encoder        encoder.o
    0x202000a8        -       0x00000004   Zero   RW           16    .bss.encoder_count  empty.o
    0x202000ac        -       0x00000001   Zero   RW           17    .bss.flag1          empty.o
    0x202000ad   0x00003138   0x00000003   PAD
    0x202000b0        -       0x000000a0   Zero   RW          153    .bss.gHuidu_TimeBackup  ti_msp_dl_config.o
    0x20200150        -       0x000000a0   Zero   RW          152    .bss.gTIME_EndBackup  ti_msp_dl_config.o
    0x202001f0        -       0x00000001   Zero   RW           24    .bss.key1_flag      empty.o
    0x202001f1        -       0x00000001   Zero   RW           25    .bss.key1_temp      empty.o
    0x202001f2        -       0x00000001   Zero   RW           26    .bss.key2_flag      empty.o
    0x202001f3        -       0x00000001   Zero   RW           27    .bss.key2_temp      empty.o
    0x202001f4        -       0x00000001   Zero   RW           28    .bss.key4_flag      empty.o
    0x202001f5        -       0x00000001   Zero   RW           29    .bss.key4_temp      empty.o
    0x202001f6   0x00003138   0x00000002   PAD
    0x202001f8        -       0x00000034   Zero   RW          341    .bss.motorA         pid.o
    0x2020022c        -       0x00000034   Zero   RW          342    .bss.motorB         pid.o
    0x20200260        -       0x00000020   Zero   RW           21    .bss.response       empty.o
    0x20200280        -       0x000000b0   Zero   RW           20    .bss.sensor         empty.o
    0x20200330        -       0x00000002   Zero   RW           19    .bss.times          empty.o
    0x20200332   0x00003138   0x00000002   PAD
    0x20200334        -       0x00000001   Zero   RW          320    .bss.track.left_flag  gray_track.o
    0x20200335   0x00003138   0x00000003   PAD
    0x20200338        -       0x00000001   Zero   RW          321    .bss.track.right_flag  gray_track.o
    0x20200339   0x00003138   0x00000007   PAD
    0x20200340        -       0x00000000   Zero   RW           41    HEAP                startup_mspm0g350x_uvision.o
    0x20200340        -       0x00000100   Zero   RW           40    STACK               startup_mspm0g350x_uvision.o



  Load Region LR_BCR (Base: 0x41c00000, Size: 0x00000000, Max: 0x00000100, ABSOLUTE)

    Execution Region BCR_CONFIG (Exec base: 0x41c00000, Load base: 0x41c00000, Size: 0x00000000, Max: 0x000000ff, ABSOLUTE)

    **** No section assigned to this execution region ****



  Load Region LR_BSL (Base: 0x41c00100, Size: 0x00000000, Max: 0x00000100, ABSOLUTE)

    Execution Region BSL_CONFIG (Exec base: 0x41c00100, Load base: 0x41c00100, Size: 0x00000000, Max: 0x00000080, ABSOLUTE)

    **** No section assigned to this execution region ****


==============================================================================

Image component sizes


      Code (inc. data)   RO Data    RW Data    ZI Data      Debug   Object Name

       524         92         14         32        237       5058   empty.o
       506         24          0          0         24       9306   encoder.o
       164         12          0          0          2        724   gray_track.o
       164         12          0          0          0       6009   motor.o
       832         32          0          0          0      10751   no_mcu_ganv_grayscale_sensor.o
       766         16       1520          0          0       8816   oled.o
       216         16          0          0        104       1972   pid.o
        44         18        192          0        256        664   startup_mspm0g350x_uvision.o
      1562        196        138          0        320      29551   ti_msp_dl_config.o

    ----------------------------------------------------------------------
      4792        418       1908         32        960      72851   Object Totals
         0          0         32          0          0          0   (incl. Generated)
        14          0         12          0         17          0   (incl. Padding)

    ----------------------------------------------------------------------

      Code (inc. data)   RO Data    RW Data    ZI Data      Debug   Library Member Name

         8          0          0          0          0         68   __main.o
         0          0          0          0          0          0   __rtentry.o
        12          0          0          0          0          0   __rtentry2.o
         6          0          0          0          0          0   __rtentry4.o
        60          8          0          0          0          0   __scatter.o
        26          0          0          0          0          0   __scatter_copy.o
        28          0          0          0          0          0   __scatter_zi.o
      1006          4          0          0          0        184   aeabi_sdivfast.o
        16          0          0          0          0         68   exit.o
         6          0          0          0          0        136   heapauxi.o
         0          0          0          0          0          0   indicate_semi.o
         2          0          0          0          0          0   libinit.o
         2          0          0          0          0          0   libinit2.o
         2          0          0          0          0          0   libshutdown.o
         2          0          0          0          0          0   libshutdown2.o
         8          4          0          0         96         68   libspace.o
        64          0          0          0          0        108   rt_memclr.o
       186          0          0          0          0        144   rt_memcpy.o
         2          0          0          0          0          0   rtexit.o
        10          0          0          0          0          0   rtexit2.o
        12          4          0          0          0         60   sys_exit.o
        62          0          0          0          0         80   sys_stackheap_outer.o
         2          0          0          0          0         68   use_no_semi.o
        64          8          0          0          0       4710   dl_adc12.o
        10          0          0          0          0        791   dl_common.o
        38          0          0          0          0       8608   dl_i2c.o
       312         24          0          0          0      12865   dl_sysctl_mspm0g1x0x_g3x0x.o
       600        192          0          0          0      41545   dl_timer.o
        46          0          0          0          0         60   cmpret.o
       856         20          0          0          0        208   daddsub.o
        22          0          0          0          0         68   dcmp.o
       160          6          0          0          0         76   dcmpin.o
      1096         26        128          0          0        112   ddiv.o
       108         10          0          0          0         72   dfixi.o
        88          0          0          0          0         92   dflti.o
       100          4          0          0          0         92   dgef.o
       584         26          0          0          0         84   dmul.o
        20          6          0          0          0         68   dnan2.o
        94          0          0          0          0         68   retnan.o
         0          0          0          0          0          0   usenofp.o

    ----------------------------------------------------------------------
      5740        346        128          0         96      70503   Library Totals
        20          4          0          0          0          0   (incl. Padding)

    ----------------------------------------------------------------------

      Code (inc. data)   RO Data    RW Data    ZI Data      Debug   Library Name

      1522         20          0          0         96        984   c_p.l
      1024        224          0          0          0      68519   driverlib.a
      3174         98        128          0          0       1000   fz_ps.l

    ----------------------------------------------------------------------
      5740        346        128          0         96      70503   Library Totals

    ----------------------------------------------------------------------

==============================================================================


      Code (inc. data)   RO Data    RW Data    ZI Data      Debug   

     10532        764       2036         32       1056     142286   Grand Totals
     10532        764       2036         32       1056     142286   ELF Image Totals
     10532        764       2036         32          0          0   ROM Totals

==============================================================================

    Total RO  Size (Code + RO Data)                12568 (  12.27kB)
    Total RW  Size (RW Data + ZI Data)              1088 (   1.06kB)
    Total ROM Size (Code + RO Data + RW Data)      12600 (  12.30kB)

==============================================================================

